Command line invocation:
    /Applications/Xcode.app/Contents/Developer/usr/bin/xcodebuild test-without-building -project /Users/tarunyadgirkar/TarunsCode/prefill/spikes/datalist/DatalistSpike.xcodeproj -scheme DatalistSpike -destination "platform=iOS Simulator,id=47A4C2A7-9518-49BF-92C1-D602AAE4E6D9" -derivedDataPath /Users/tarunyadgirkar/TarunsCode/prefill/spikes/datalist/build "-only-testing:DatalistUITests/DriverTests/testSafariField"

2026-09-30 23:18:12.318077-0700 DatalistUITests-Runner[96802:12854508] [Default] Running tests...
    t =      nans Interface orientation changed to Portrait
Test Suite 'Selected tests' started at 2026-09-30 23:18:14.304.
Test Suite 'DatalistUITests.xctest' started at 2026-09-30 23:18:14.305.
Test Suite 'DriverTests' started at 2026-09-30 23:18:14.305.
Test Case '-[DatalistUITests.DriverTests testSafariField]' started.
    t =     0.00s Start Test at 2026-09-30 23:18:14.308
    t =     0.04s Set Up
    t =     0.04s Open com.apple.mobilesafari
    t =     0.04s     Activate com.apple.mobilesafari
    t =     0.05s         Wait for com.apple.mobilesafari to idle
    t =     0.09s Wait for com.apple.mobilesafari to become Running Foreground
objc[96802]: Class UIAccessibilityLoaderWebShared is implemented in both /private/var/run/com.apple.security.cryptexd/mnt/com.apple.iPhoneOS.SimulatorRuntime-v24.1.434.0.GOjTIm/Library/Developer/CoreSimulator/Profiles/Runtimes/iOS 27.0.simruntime/Contents/Resources/RuntimeRoot/System/Library/AccessibilityBundles/WebKit.axbundle/WebKit (0x105b8c398) and /private/var/run/com.apple.security.cryptexd/mnt/com.apple.iPhoneOS.SimulatorRuntime-v24.1.434.0.GOjTIm/Library/Developer/CoreSimulator/Profiles/Runtimes/iOS 27.0.simruntime/Contents/Resources/RuntimeRoot/System/Library/AccessibilityBundles/WebCore.axbundle/WebCore (0x1064e4310). This may cause spurious casting failures and mysterious crashes. One of the duplicates must be removed or renamed.
    t =     2.10s Waiting 10.0s for "Email" TextField to exist
    t =     3.17s     Checking `Expect predicate `existsNoRetry == 1` for object "Email" TextField`
    t =     3.17s         Checking existence of `"Email" TextField`
    t =     3.23s Tap "Email" TextField
    t =     3.23s     Wait for com.apple.mobilesafari to idle
    t =     3.23s     Find the "Email" TextField
    t =     3.25s     Check for interrupting elements affecting "Email" TextField
    t =     3.29s     Synthesize event
    t =     3.61s     Wait for com.apple.mobilesafari to idle
    t =     6.62s Requesting snapshot of accessibility hierarchy for app with pid 96691
    t =     6.92s Requesting snapshot of accessibility hierarchy for app with pid 96691
    t =     9.06s Tear Down
Test Case '-[DatalistUITests.DriverTests testSafariField]' passed (9.081 seconds).
Test Suite 'DriverTests' passed at 2026-09-30 23:18:23.390.
	 Executed 1 test, with 0 failures (0 unexpected) in 9.081 (9.085) seconds
Test Suite 'DatalistUITests.xctest' passed at 2026-09-30 23:18:23.391.
	 Executed 1 test, with 0 failures (0 unexpected) in 9.081 (9.086) seconds
Test Suite 'Selected tests' passed at 2026-09-30 23:18:23.391.
	 Executed 1 test, with 0 failures (0 unexpected) in 9.081 (9.087) seconds
2026-09-30 23:18:23.706 xcodebuild[96788:12854287] [MT] IDETestOperationsObserverDebug: 12.651 elapsed -- Testing started completed.
2026-09-30 23:18:23.706 xcodebuild[96788:12854287] [MT] IDETestOperationsObserverDebug: 0.000 sec, +0.000 sec -- start
2026-09-30 23:18:23.706 xcodebuild[96788:12854287] [MT] IDETestOperationsObserverDebug: 12.651 sec, +12.651 sec -- end

Test session results, code coverage, and logs:
	/Users/tarunyadgirkar/TarunsCode/prefill/spikes/datalist/build/Logs/Test/Test-DatalistSpike-2026.09.30_23-18-11--0700.xcresult

** TEST EXECUTE SUCCEEDED **

Testing started
