Command line invocation:
    /Applications/Xcode.app/Contents/Developer/usr/bin/xcodebuild test-without-building -project /Users/tarunyadgirkar/TarunsCode/prefill/spikes/datalist/DatalistSpike.xcodeproj -scheme DatalistSpike -destination "platform=iOS Simulator,id=47A4C2A7-9518-49BF-92C1-D602AAE4E6D9" -derivedDataPath /Users/tarunyadgirkar/TarunsCode/prefill/spikes/datalist/build "-only-testing:DatalistUITests/DriverTests/testSafariField"

2026-09-30 23:21:21.096636-0700 DatalistUITests-Runner[258:12877101] [Default] Running tests...
    t =      nans Interface orientation changed to Portrait
Test Suite 'Selected tests' started at 2026-09-30 23:21:22.972.
Test Suite 'DatalistUITests.xctest' started at 2026-09-30 23:21:22.973.
Test Suite 'DriverTests' started at 2026-09-30 23:21:22.973.
Test Case '-[DatalistUITests.DriverTests testSafariField]' started.
    t =     0.00s Start Test at 2026-09-30 23:21:22.975
    t =     0.02s Set Up
    t =     0.02s Open com.apple.mobilesafari
    t =     0.02s     Activate com.apple.mobilesafari
    t =     0.03s         Wait for com.apple.mobilesafari to idle
    t =     0.06s Wait for com.apple.mobilesafari to become Running Foreground
objc[258]: Class UIAccessibilityLoaderWebShared is implemented in both /private/var/run/com.apple.security.cryptexd/mnt/com.apple.iPhoneOS.SimulatorRuntime-v24.1.434.0.GOjTIm/Library/Developer/CoreSimulator/Profiles/Runtimes/iOS 27.0.simruntime/Contents/Resources/RuntimeRoot/System/Library/AccessibilityBundles/WebKit.axbundle/WebKit (0x107ad0398) and /private/var/run/com.apple.security.cryptexd/mnt/com.apple.iPhoneOS.SimulatorRuntime-v24.1.434.0.GOjTIm/Library/Developer/CoreSimulator/Profiles/Runtimes/iOS 27.0.simruntime/Contents/Resources/RuntimeRoot/System/Library/AccessibilityBundles/WebCore.axbundle/WebCore (0x108028310). This may cause spurious casting failures and mysterious crashes. One of the duplicates must be removed or renamed.
    t =     2.06s Waiting 10.0s for "Phone" TextField to exist
    t =     3.15s     Checking `Expect predicate `existsNoRetry == 1` for object "Phone" TextField`
    t =     3.16s         Checking existence of `"Phone" TextField`
    t =     3.22s Tap "Phone" TextField
    t =     3.22s     Wait for com.apple.mobilesafari to idle
    t =     3.23s     Find the "Phone" TextField
    t =     3.24s     Check for interrupting elements affecting "Phone" TextField
    t =     3.26s     Synthesize event
    t =     3.56s     Wait for com.apple.mobilesafari to idle
    t =     9.45s Requesting snapshot of accessibility hierarchy for app with pid 185
    t =     9.70s Requesting snapshot of accessibility hierarchy for app with pid 185
    t =    11.79s Tear Down
Test Case '-[DatalistUITests.DriverTests testSafariField]' passed (11.829 seconds).
Test Suite 'DriverTests' passed at 2026-09-30 23:21:34.805.
	 Executed 1 test, with 0 failures (0 unexpected) in 11.829 (11.832) seconds
Test Suite 'DatalistUITests.xctest' passed at 2026-09-30 23:21:34.805.
	 Executed 1 test, with 0 failures (0 unexpected) in 11.829 (11.832) seconds
Test Suite 'Selected tests' passed at 2026-09-30 23:21:34.805.
	 Executed 1 test, with 0 failures (0 unexpected) in 11.829 (11.833) seconds
2026-09-30 23:21:35.094 xcodebuild[252:12876914] [MT] IDETestOperationsObserverDebug: 14.852 elapsed -- Testing started completed.
2026-09-30 23:21:35.094 xcodebuild[252:12876914] [MT] IDETestOperationsObserverDebug: 0.000 sec, +0.000 sec -- start
2026-09-30 23:21:35.094 xcodebuild[252:12876914] [MT] IDETestOperationsObserverDebug: 14.852 sec, +14.852 sec -- end

Test session results, code coverage, and logs:
	/Users/tarunyadgirkar/TarunsCode/prefill/spikes/datalist/build/Logs/Test/Test-DatalistSpike-2026.09.30_23-21-20--0700.xcresult

** TEST EXECUTE SUCCEEDED **

Testing started
