Command line invocation:
    /Applications/Xcode.app/Contents/Developer/usr/bin/xcodebuild test-without-building -project /Users/tarunyadgirkar/TarunsCode/prefill/spikes/datalist/DatalistSpike.xcodeproj -scheme DatalistSpike -destination "platform=iOS Simulator,id=47A4C2A7-9518-49BF-92C1-D602AAE4E6D9" -derivedDataPath /Users/tarunyadgirkar/TarunsCode/prefill/spikes/datalist/build "-only-testing:DatalistUITests/DriverTests/testSafariField"

2026-09-30 23:20:59.011140-0700 DatalistUITests-Runner[99814:12874589] [Default] Running tests...
    t =      nans Interface orientation changed to Portrait
Test Suite 'Selected tests' started at 2026-09-30 23:21:01.105.
Test Suite 'DatalistUITests.xctest' started at 2026-09-30 23:21:01.105.
Test Suite 'DriverTests' started at 2026-09-30 23:21:01.106.
Test Case '-[DatalistUITests.DriverTests testSafariField]' started.
    t =     0.00s Start Test at 2026-09-30 23:21:01.107
    t =     0.02s Set Up
    t =     0.02s Open com.apple.mobilesafari
    t =     0.02s     Activate com.apple.mobilesafari
    t =     0.06s         Wait for com.apple.mobilesafari to idle
    t =     0.09s Wait for com.apple.mobilesafari to become Running Foreground
objc[99814]: Class UIAccessibilityLoaderWebShared is implemented in both /private/var/run/com.apple.security.cryptexd/mnt/com.apple.iPhoneOS.SimulatorRuntime-v24.1.434.0.GOjTIm/Library/Developer/CoreSimulator/Profiles/Runtimes/iOS 27.0.simruntime/Contents/Resources/RuntimeRoot/System/Library/AccessibilityBundles/WebKit.axbundle/WebKit (0x106bb8398) and /private/var/run/com.apple.security.cryptexd/mnt/com.apple.iPhoneOS.SimulatorRuntime-v24.1.434.0.GOjTIm/Library/Developer/CoreSimulator/Profiles/Runtimes/iOS 27.0.simruntime/Contents/Resources/RuntimeRoot/System/Library/AccessibilityBundles/WebCore.axbundle/WebCore (0x10a49c310). This may cause spurious casting failures and mysterious crashes. One of the duplicates must be removed or renamed.
    t =     2.09s Waiting 10.0s for "Your e-mail" TextField to exist
    t =     3.19s     Checking `Expect predicate `existsNoRetry == 1` for object "Your e-mail" TextField`
    t =     3.19s         Checking existence of `"Your e-mail" TextField`
    t =     3.26s Tap "Your e-mail" TextField
    t =     3.26s     Wait for com.apple.mobilesafari to idle
    t =     3.26s     Find the "Your e-mail" TextField
    t =     3.28s     Check for interrupting elements affecting "Your e-mail" TextField
    t =     3.30s     Synthesize event
    t =     3.59s     Wait for com.apple.mobilesafari to idle
    t =     9.49s Requesting snapshot of accessibility hierarchy for app with pid 99739
    t =     9.77s Requesting snapshot of accessibility hierarchy for app with pid 99739
    t =    12.87s Tear Down
Test Case '-[DatalistUITests.DriverTests testSafariField]' passed (12.887 seconds).
Test Suite 'DriverTests' passed at 2026-09-30 23:21:13.995.
	 Executed 1 test, with 0 failures (0 unexpected) in 12.887 (12.889) seconds
Test Suite 'DatalistUITests.xctest' passed at 2026-09-30 23:21:13.995.
	 Executed 1 test, with 0 failures (0 unexpected) in 12.887 (12.889) seconds
Test Suite 'Selected tests' passed at 2026-09-30 23:21:13.995.
	 Executed 1 test, with 0 failures (0 unexpected) in 12.887 (12.891) seconds
2026-09-30 23:21:14.282 xcodebuild[99795:12874309] [MT] IDETestOperationsObserverDebug: 18.194 elapsed -- Testing started completed.
2026-09-30 23:21:14.282 xcodebuild[99795:12874309] [MT] IDETestOperationsObserverDebug: 0.000 sec, +0.000 sec -- start
2026-09-30 23:21:14.282 xcodebuild[99795:12874309] [MT] IDETestOperationsObserverDebug: 18.194 sec, +18.194 sec -- end

Test session results, code coverage, and logs:
	/Users/tarunyadgirkar/TarunsCode/prefill/spikes/datalist/build/Logs/Test/Test-DatalistSpike-2026.09.30_23-20-56--0700.xcresult

** TEST EXECUTE SUCCEEDED **

Testing started
