Command line invocation:
    /Applications/Xcode.app/Contents/Developer/usr/bin/xcodebuild test-without-building -project /Users/tarunyadgirkar/TarunsCode/prefill/spikes/datalist/DatalistSpike.xcodeproj -scheme DatalistSpike -destination "platform=iOS Simulator,id=47A4C2A7-9518-49BF-92C1-D602AAE4E6D9" -derivedDataPath /Users/tarunyadgirkar/TarunsCode/prefill/spikes/datalist/build "-only-testing:DatalistUITests/DriverTests/testSafariField"

2026-09-30 23:31:40.205744-0700 DatalistUITests-Runner[17591:12959695] [Default] Running tests...
    t =      nans Interface orientation changed to Portrait
Test Suite 'Selected tests' started at 2026-09-30 23:31:42.288.
Test Suite 'DatalistUITests.xctest' started at 2026-09-30 23:31:42.288.
Test Suite 'DriverTests' started at 2026-09-30 23:31:42.288.
Test Case '-[DatalistUITests.DriverTests testSafariField]' started.
    t =     0.00s Start Test at 2026-09-30 23:31:42.290
    t =     0.02s Set Up
    t =     0.02s Open com.apple.mobilesafari
    t =     0.02s     Activate com.apple.mobilesafari
    t =     0.03s         Wait for com.apple.mobilesafari to idle
    t =     0.06s Wait for com.apple.mobilesafari to become Running Foreground
objc[17591]: Class UIAccessibilityLoaderWebShared is implemented in both /private/var/run/com.apple.security.cryptexd/mnt/com.apple.iPhoneOS.SimulatorRuntime-v24.1.434.0.GOjTIm/Library/Developer/CoreSimulator/Profiles/Runtimes/iOS 27.0.simruntime/Contents/Resources/RuntimeRoot/System/Library/AccessibilityBundles/WebKit.axbundle/WebKit (0x1027c0398) and /private/var/run/com.apple.security.cryptexd/mnt/com.apple.iPhoneOS.SimulatorRuntime-v24.1.434.0.GOjTIm/Library/Developer/CoreSimulator/Profiles/Runtimes/iOS 27.0.simruntime/Contents/Resources/RuntimeRoot/System/Library/AccessibilityBundles/WebCore.axbundle/WebCore (0x102e70310). This may cause spurious casting failures and mysterious crashes. One of the duplicates must be removed or renamed.
    t =     2.06s Waiting 10.0s for "Email" TextField to exist
    t =     3.11s     Checking `Expect predicate `existsNoRetry == 1` for object "Email" TextField`
    t =     3.12s         Checking existence of `"Email" TextField`
    t =     3.19s Tap "Email" TextField
    t =     3.19s     Wait for com.apple.mobilesafari to idle
    t =     3.19s     Find the "Email" TextField
    t =     3.21s     Check for interrupting elements affecting "Email" TextField
    t =     3.24s     Synthesize event
    t =     3.53s     Wait for com.apple.mobilesafari to idle
    t =     8.41s Requesting snapshot of accessibility hierarchy for app with pid 17426
    t =     8.76s Requesting snapshot of accessibility hierarchy for app with pid 17426
    t =    11.88s Get all elements bound by index for: Elements matching predicate 'label CONTAINS "dl-two@example.net"'
    t =    11.91s Find the Any (Element at index 0)
    t =    11.94s Find the "dl-two@example.net" Button
    t =    11.96s Find the "dl-two@example.net" Button
    t =    11.99s Find the "dl-two@example.net" Button
    t =    12.02s Tap "dl-two@example.net" Button
    t =    12.02s     Wait for com.apple.mobilesafari to idle
    t =    12.02s     Find the "dl-two@example.net" Button
    t =    12.04s     Check for interrupting elements affecting "dl-two@example.net" Button
    t =    12.12s     Synthesize event
    t =    12.47s     Wait for com.apple.mobilesafari to idle
    t =    15.29s Requesting snapshot of accessibility hierarchy for app with pid 17426
    t =    15.66s Requesting snapshot of accessibility hierarchy for app with pid 17426
    t =    17.75s Tear Down
Test Case '-[DatalistUITests.DriverTests testSafariField]' passed (17.854 seconds).
Test Suite 'DriverTests' passed at 2026-09-30 23:32:00.144.
	 Executed 1 test, with 0 failures (0 unexpected) in 17.854 (17.856) seconds
Test Suite 'DatalistUITests.xctest' passed at 2026-09-30 23:32:00.145.
	 Executed 1 test, with 0 failures (0 unexpected) in 17.854 (17.857) seconds
Test Suite 'Selected tests' passed at 2026-09-30 23:32:00.145.
	 Executed 1 test, with 0 failures (0 unexpected) in 17.854 (17.858) seconds
2026-09-30 23:32:00.571 xcodebuild[17547:12959434] [MT] IDETestOperationsObserverDebug: 21.310 elapsed -- Testing started completed.
2026-09-30 23:32:00.571 xcodebuild[17547:12959434] [MT] IDETestOperationsObserverDebug: 0.000 sec, +0.000 sec -- start
2026-09-30 23:32:00.571 xcodebuild[17547:12959434] [MT] IDETestOperationsObserverDebug: 21.310 sec, +21.310 sec -- end

Test session results, code coverage, and logs:
	/Users/tarunyadgirkar/TarunsCode/prefill/spikes/datalist/build/Logs/Test/Test-DatalistSpike-2026.09.30_23-31-39--0700.xcresult

** TEST EXECUTE SUCCEEDED **

Testing started
