Command line invocation:
    /Applications/Xcode.app/Contents/Developer/usr/bin/xcodebuild test-without-building -project /Users/tarunyadgirkar/TarunsCode/prefill/spikes/datalist/DatalistSpike.xcodeproj -scheme DatalistSpike -destination "platform=iOS Simulator,id=47A4C2A7-9518-49BF-92C1-D602AAE4E6D9" -derivedDataPath /Users/tarunyadgirkar/TarunsCode/prefill/spikes/datalist/build "-only-testing:DatalistUITests/DriverTests/testTapLabels"

2026-09-30 23:15:01.403558-0700 DatalistUITests-Runner[90800:12818683] [Default] Running tests...
    t =      nans Interface orientation changed to Portrait
Test Suite 'Selected tests' started at 2026-09-30 23:15:03.675.
Test Suite 'DatalistUITests.xctest' started at 2026-09-30 23:15:03.676.
Test Suite 'DriverTests' started at 2026-09-30 23:15:03.676.
Test Case '-[DatalistUITests.DriverTests testTapLabels]' started.
    t =     0.00s Start Test at 2026-09-30 23:15:03.681
    t =     0.03s Set Up
    t =     0.03s Open com.apple.Preferences
    t =     0.03s     Activate com.apple.Preferences
    t =     0.05s         Wait for com.apple.Preferences to idle
objc[90800]: Class UIAccessibilityLoaderWebShared is implemented in both /private/var/run/com.apple.security.cryptexd/mnt/com.apple.iPhoneOS.SimulatorRuntime-v24.1.434.0.GOjTIm/Library/Developer/CoreSimulator/Profiles/Runtimes/iOS 27.0.simruntime/Contents/Resources/RuntimeRoot/System/Library/AccessibilityBundles/WebKit.axbundle/WebKit (0x108580398) and /private/var/run/com.apple.security.cryptexd/mnt/com.apple.iPhoneOS.SimulatorRuntime-v24.1.434.0.GOjTIm/Library/Developer/CoreSimulator/Profiles/Runtimes/iOS 27.0.simruntime/Contents/Resources/RuntimeRoot/System/Library/AccessibilityBundles/WebCore.axbundle/WebCore (0x108f18310). This may cause spurious casting failures and mysterious crashes. One of the duplicates must be removed or renamed.
    t =     1.07s Checking existence of `"Allow Extension" Switch`
    t =     1.10s Find the "Allow Extension" Switch
    t =     1.13s Checking existence of `"Allow Extension" Switch`
    t =     1.14s Find the "Allow Extension" Switch
    t =     1.16s Checking existence of `"Allow Extension" Switch`
    t =     1.17s Find the "Allow Extension" Switch
    t =     1.20s Checking existence of `"Allow Extension" Switch`
    t =     1.21s Find the "Allow Extension" Switch
    t =     1.24s Checking existence of `"Allow Extension" Switch`
    t =     1.25s Find the "Allow Extension" Switch
    t =     1.27s Checking existence of `"Allow Extension" Switch`
    t =     1.29s Find the "Allow Extension" Switch
    t =     1.31s Checking existence of `"Allow Extension" Switch`
    t =     1.32s Tap "Allow Extension" Switch[0.93, 0.50]
    t =     1.32s     Wait for com.apple.Preferences to idle
    t =     1.32s     Find the "Allow Extension" Switch
    t =     1.34s     Check for interrupting elements affecting "Allow Extension" Switch
    t =     1.36s     Synthesize event
    t =     1.36s         Find the "Allow Extension" Switch
    t =     1.38s         Find the "Allow Extension" Switch
    t =     1.40s         Find the "Allow Extension" Switch
    t =     1.70s     Wait for com.apple.Preferences to idle
    t =     4.72s Requesting snapshot of accessibility hierarchy for app with pid 89262
    t =     4.84s Requesting snapshot of accessibility hierarchy for app with pid 89262
    t =     6.93s Tear Down
Test Case '-[DatalistUITests.DriverTests testTapLabels]' passed (6.948 seconds).
Test Suite 'DriverTests' passed at 2026-09-30 23:15:10.628.
	 Executed 1 test, with 0 failures (0 unexpected) in 6.948 (6.952) seconds
Test Suite 'DatalistUITests.xctest' passed at 2026-09-30 23:15:10.629.
	 Executed 1 test, with 0 failures (0 unexpected) in 6.948 (6.953) seconds
Test Suite 'Selected tests' passed at 2026-09-30 23:15:10.629.
	 Executed 1 test, with 0 failures (0 unexpected) in 6.948 (6.954) seconds
2026-09-30 23:15:10.930 xcodebuild[90792:12818383] [MT] IDETestOperationsObserverDebug: 10.548 elapsed -- Testing started completed.
2026-09-30 23:15:10.930 xcodebuild[90792:12818383] [MT] IDETestOperationsObserverDebug: 0.000 sec, +0.000 sec -- start
2026-09-30 23:15:10.930 xcodebuild[90792:12818383] [MT] IDETestOperationsObserverDebug: 10.548 sec, +10.548 sec -- end

Test session results, code coverage, and logs:
	/Users/tarunyadgirkar/TarunsCode/prefill/spikes/datalist/build/Logs/Test/Test-DatalistSpike-2026.09.30_23-15-00--0700.xcresult

** TEST EXECUTE SUCCEEDED **

Testing started
