Command line invocation:
    /Applications/Xcode.app/Contents/Developer/usr/bin/xcodebuild test-without-building -project /Users/tarunyadgirkar/TarunsCode/prefill/spikes/datalist/DatalistSpike.xcodeproj -scheme DatalistSpike -destination "platform=iOS Simulator,id=47A4C2A7-9518-49BF-92C1-D602AAE4E6D9" -derivedDataPath /Users/tarunyadgirkar/TarunsCode/prefill/spikes/datalist/build "-only-testing:DatalistUITests/DriverTests/testSafariField"

2026-09-30 23:26:08.969107-0700 DatalistUITests-Runner[5266:12906087] [Default] Running tests...
    t =      nans Interface orientation changed to Portrait
Test Suite 'Selected tests' started at 2026-09-30 23:26:10.758.
Test Suite 'DatalistUITests.xctest' started at 2026-09-30 23:26:10.759.
Test Suite 'DriverTests' started at 2026-09-30 23:26:10.759.
Test Case '-[DatalistUITests.DriverTests testSafariField]' started.
    t =     0.00s Start Test at 2026-09-30 23:26:10.760
    t =     0.02s Set Up
    t =     0.02s Open com.apple.mobilesafari
    t =     0.02s     Activate com.apple.mobilesafari
    t =     0.03s         Wait for com.apple.mobilesafari to idle
    t =     0.06s Wait for com.apple.mobilesafari to become Running Foreground
objc[5266]: Class UIAccessibilityLoaderWebShared is implemented in both /private/var/run/com.apple.security.cryptexd/mnt/com.apple.iPhoneOS.SimulatorRuntime-v24.1.434.0.GOjTIm/Library/Developer/CoreSimulator/Profiles/Runtimes/iOS 27.0.simruntime/Contents/Resources/RuntimeRoot/System/Library/AccessibilityBundles/WebKit.axbundle/WebKit (0x10a170398) and /private/var/run/com.apple.security.cryptexd/mnt/com.apple.iPhoneOS.SimulatorRuntime-v24.1.434.0.GOjTIm/Library/Developer/CoreSimulator/Profiles/Runtimes/iOS 27.0.simruntime/Contents/Resources/RuntimeRoot/System/Library/AccessibilityBundles/WebCore.axbundle/WebCore (0x10a2c4310). This may cause spurious casting failures and mysterious crashes. One of the duplicates must be removed or renamed.
    t =     2.06s Waiting 10.0s for "Your e-mail" TextField to exist
    t =     3.12s     Checking `Expect predicate `existsNoRetry == 1` for object "Your e-mail" TextField`
    t =     3.12s         Checking existence of `"Your e-mail" TextField`
    t =     3.23s Tap "Your e-mail" TextField
    t =     3.23s     Wait for com.apple.mobilesafari to idle
    t =     3.23s     Find the "Your e-mail" TextField
    t =     3.25s     Check for interrupting elements affecting "Your e-mail" TextField
    t =     3.27s     Synthesize event
    t =     3.57s     Wait for com.apple.mobilesafari to idle
    t =     9.52s Requesting snapshot of accessibility hierarchy for app with pid 5233
    t =     9.80s Requesting snapshot of accessibility hierarchy for app with pid 5233
    t =    12.92s Tear Down
Test Case '-[DatalistUITests.DriverTests testSafariField]' passed (12.934 seconds).
Test Suite 'DriverTests' passed at 2026-09-30 23:26:23.695.
	 Executed 1 test, with 0 failures (0 unexpected) in 12.934 (12.936) seconds
Test Suite 'DatalistUITests.xctest' passed at 2026-09-30 23:26:23.699.
	 Executed 1 test, with 0 failures (0 unexpected) in 12.934 (12.940) seconds
Test Suite 'Selected tests' passed at 2026-09-30 23:26:23.699.
	 Executed 1 test, with 0 failures (0 unexpected) in 12.934 (12.941) seconds
2026-09-30 23:26:23.998 xcodebuild[5256:12905810] [MT] IDETestOperationsObserverDebug: 16.003 elapsed -- Testing started completed.
2026-09-30 23:26:23.998 xcodebuild[5256:12905810] [MT] IDETestOperationsObserverDebug: 0.000 sec, +0.000 sec -- start
2026-09-30 23:26:23.998 xcodebuild[5256:12905810] [MT] IDETestOperationsObserverDebug: 16.003 sec, +16.003 sec -- end

Test session results, code coverage, and logs:
	/Users/tarunyadgirkar/TarunsCode/prefill/spikes/datalist/build/Logs/Test/Test-DatalistSpike-2026.09.30_23-26-07--0700.xcresult

** TEST EXECUTE SUCCEEDED **

Testing started
