Command line invocation:
    /Applications/Xcode.app/Contents/Developer/usr/bin/xcodebuild test-without-building -project /Users/tarunyadgirkar/TarunsCode/prefill/spikes/datalist/DatalistSpike.xcodeproj -scheme DatalistSpike -destination "platform=iOS Simulator,id=47A4C2A7-9518-49BF-92C1-D602AAE4E6D9" -derivedDataPath /Users/tarunyadgirkar/TarunsCode/prefill/spikes/datalist/build "-only-testing:DatalistUITests/DriverTests/testSafariField"

2026-09-30 23:22:26.564137-0700 DatalistUITests-Runner[1836:12884455] [Default] Running tests...
    t =      nans Interface orientation changed to Portrait
Test Suite 'Selected tests' started at 2026-09-30 23:22:29.087.
Test Suite 'DatalistUITests.xctest' started at 2026-09-30 23:22:29.089.
Test Suite 'DriverTests' started at 2026-09-30 23:22:29.089.
Test Case '-[DatalistUITests.DriverTests testSafariField]' started.
    t =     0.00s Start Test at 2026-09-30 23:22:29.092
    t =     0.07s Set Up
    t =     0.08s Open com.apple.mobilesafari
    t =     0.08s     Activate com.apple.mobilesafari
    t =     0.10s         Wait for com.apple.mobilesafari to idle
    t =     0.48s Wait for com.apple.mobilesafari to become Running Foreground
objc[1836]: Class UIAccessibilityLoaderWebShared is implemented in both /private/var/run/com.apple.security.cryptexd/mnt/com.apple.iPhoneOS.SimulatorRuntime-v24.1.434.0.GOjTIm/Library/Developer/CoreSimulator/Profiles/Runtimes/iOS 27.0.simruntime/Contents/Resources/RuntimeRoot/System/Library/AccessibilityBundles/WebKit.axbundle/WebKit (0x10a954398) and /private/var/run/com.apple.security.cryptexd/mnt/com.apple.iPhoneOS.SimulatorRuntime-v24.1.434.0.GOjTIm/Library/Developer/CoreSimulator/Profiles/Runtimes/iOS 27.0.simruntime/Contents/Resources/RuntimeRoot/System/Library/AccessibilityBundles/WebCore.axbundle/WebCore (0x10aa60310). This may cause spurious casting failures and mysterious crashes. One of the duplicates must be removed or renamed.
    t =     2.49s Waiting 10.0s for "Email" TextField to exist
    t =     3.54s     Checking `Expect predicate `existsNoRetry == 1` for object "Email" TextField`
    t =     3.54s         Checking existence of `"Email" TextField`
    t =     3.66s Tap "Email" TextField
    t =     3.66s     Wait for com.apple.mobilesafari to idle
    t =     3.66s     Find the "Email" TextField
    t =     3.68s     Check for interrupting elements affecting "Email" TextField
    t =     3.72s     Synthesize event
    t =     4.03s     Wait for com.apple.mobilesafari to idle
    t =    10.04s Requesting snapshot of accessibility hierarchy for app with pid 1721
    t =    10.33s Requesting snapshot of accessibility hierarchy for app with pid 1721
    t =    13.45s Tear Down
Test Case '-[DatalistUITests.DriverTests testSafariField]' passed (13.531 seconds).
Test Suite 'DriverTests' passed at 2026-09-30 23:22:42.624.
	 Executed 1 test, with 0 failures (0 unexpected) in 13.531 (13.534) seconds
Test Suite 'DatalistUITests.xctest' passed at 2026-09-30 23:22:42.626.
	 Executed 1 test, with 0 failures (0 unexpected) in 13.531 (13.537) seconds
Test Suite 'Selected tests' passed at 2026-09-30 23:22:42.627.
	 Executed 1 test, with 0 failures (0 unexpected) in 13.531 (13.539) seconds
2026-09-30 23:22:42.930 xcodebuild[1787:12884099] [MT] IDETestOperationsObserverDebug: 17.399 elapsed -- Testing started completed.
2026-09-30 23:22:42.930 xcodebuild[1787:12884099] [MT] IDETestOperationsObserverDebug: 0.000 sec, +0.000 sec -- start
2026-09-30 23:22:42.930 xcodebuild[1787:12884099] [MT] IDETestOperationsObserverDebug: 17.399 sec, +17.399 sec -- end

Test session results, code coverage, and logs:
	/Users/tarunyadgirkar/TarunsCode/prefill/spikes/datalist/build/Logs/Test/Test-DatalistSpike-2026.09.30_23-22-25--0700.xcresult

** TEST EXECUTE SUCCEEDED **

Testing started
