Command line invocation:
    /Applications/Xcode.app/Contents/Developer/usr/bin/xcodebuild test-without-building -project /Users/tarunyadgirkar/TarunsCode/prefill/spikes/datalist/DatalistSpike.xcodeproj -scheme DatalistSpike -destination "platform=iOS Simulator,id=47A4C2A7-9518-49BF-92C1-D602AAE4E6D9" -derivedDataPath /Users/tarunyadgirkar/TarunsCode/prefill/spikes/datalist/build "-only-testing:DatalistUITests/DriverTests/testEnableExtension"

2026-09-30 23:13:56.005196-0700 DatalistUITests-Runner[89166:12809940] [Default] Running tests...
    t =      nans Interface orientation changed to Portrait
Test Suite 'Selected tests' started at 2026-09-30 23:13:58.453.
Test Suite 'DatalistUITests.xctest' started at 2026-09-30 23:13:58.453.
Test Suite 'DriverTests' started at 2026-09-30 23:13:58.454.
Test Case '-[DatalistUITests.DriverTests testEnableExtension]' started.
    t =     0.01s Start Test at 2026-09-30 23:13:58.459
    t =     0.19s Set Up
    t =     0.19s Terminate com.apple.Preferences:0
    t =     0.19s Open com.apple.Preferences
    t =     0.19s     Launch com.apple.Preferences
    t =     0.30s         Setting up automation session
objc[89166]: Class UIAccessibilityLoaderWebShared is implemented in both /private/var/run/com.apple.security.cryptexd/mnt/com.apple.iPhoneOS.SimulatorRuntime-v24.1.434.0.GOjTIm/Library/Developer/CoreSimulator/Profiles/Runtimes/iOS 27.0.simruntime/Contents/Resources/RuntimeRoot/System/Library/AccessibilityBundles/WebKit.axbundle/WebKit (0x1081c8398) and /private/var/run/com.apple.security.cryptexd/mnt/com.apple.iPhoneOS.SimulatorRuntime-v24.1.434.0.GOjTIm/Library/Developer/CoreSimulator/Profiles/Runtimes/iOS 27.0.simruntime/Contents/Resources/RuntimeRoot/System/Library/AccessibilityBundles/WebCore.axbundle/WebCore (0x109078310). This may cause spurious casting failures and mysterious crashes. One of the duplicates must be removed or renamed.
    t =     2.67s         Wait for com.apple.Preferences to idle
    t =     5.87s Wait for com.apple.Preferences to become Running Foreground
    t =     5.87s Checking existence of `"Apps" Any`
    t =     6.01s Swipe up Application 'com.apple.Preferences'
    t =     6.01s     Wait for com.apple.Preferences to idle
    t =     6.01s     Find the Application 'com.apple.Preferences'
    t =     6.04s     Check for interrupting elements affecting "Settings" Application
    t =     6.09s     Synthesize event
    t =     6.66s     Wait for com.apple.Preferences to idle
    t =     8.01s Checking existence of `"Apps" Any`
    t =     8.06s Find the "Apps" Any
    t =     8.14s Checking existence of `"com.apple.settings.apps" Button`
    t =     8.19s Find the "com.apple.settings.apps" Button
    t =     8.25s Checking existence of `"com.apple.settings.apps" Button`
    t =     8.29s Find the "com.apple.settings.apps" Button
    t =     8.35s Checking existence of `"com.apple.settings.apps" Button`
    t =     8.40s Find the "com.apple.settings.apps" Button
    t =     8.45s Checking existence of `"com.apple.settings.apps" Button`
    t =     8.50s Find the "com.apple.settings.apps" Button
    t =     8.57s Checking existence of `"com.apple.settings.apps" Button`
    t =     8.64s Tap "com.apple.settings.apps" Button
    t =     8.64s     Wait for com.apple.Preferences to idle
    t =     8.64s     Find the "com.apple.settings.apps" Button
    t =     8.71s     Check for interrupting elements affecting "com.apple.settings.apps" Button
    t =     8.78s     Synthesize event
    t =     9.08s     Wait for com.apple.Preferences to idle
    t =    11.76s Checking existence of `"Safari" Any`
    t =    11.85s Swipe up Application 'com.apple.Preferences'
    t =    11.85s     Wait for com.apple.Preferences to idle
    t =    11.86s     Find the Application 'com.apple.Preferences'
    t =    11.89s     Check for interrupting elements affecting "Settings" Application
    t =    11.91s     Synthesize event
    t =    12.34s     Wait for com.apple.Preferences to idle
    t =    14.41s Checking existence of `"Safari" Any`
    t =    14.49s Find the "Safari" Any
    t =    14.58s Swipe up Application 'com.apple.Preferences'
    t =    14.58s     Wait for com.apple.Preferences to idle
    t =    14.58s     Find the Application 'com.apple.Preferences'
    t =    14.61s     Check for interrupting elements affecting "Settings" Application
    t =    14.64s     Synthesize event
    t =    15.06s     Wait for com.apple.Preferences to idle
    t =    15.75s Checking existence of `"com.apple.mobilesafari" Button`
    t =    15.81s Find the "com.apple.mobilesafari" Button
    t =    15.87s Checking existence of `"com.apple.mobilesafari" Button`
    t =    15.93s Find the "com.apple.mobilesafari" Button
    t =    15.98s Checking existence of `"com.apple.mobilesafari" Button`
    t =    16.04s Find the "com.apple.mobilesafari" Button
    t =    16.10s Checking existence of `"com.apple.mobilesafari" Button`
    t =    16.15s Find the "com.apple.mobilesafari" Button
    t =    16.21s Checking existence of `"com.apple.mobilesafari" Button`
    t =    16.26s Tap "com.apple.mobilesafari" Button
    t =    16.26s     Wait for com.apple.Preferences to idle
    t =    16.26s     Find the "com.apple.mobilesafari" Button
    t =    16.32s     Check for interrupting elements affecting "com.apple.mobilesafari" Button
    t =    16.35s     Synthesize event
    t =    16.64s     Wait for com.apple.Preferences to idle
    t =    20.67s Checking existence of `"Extensions" Any`
    t =    20.73s Find the "Extensions" Any
    t =    20.75s Swipe up Application 'com.apple.Preferences'
    t =    20.75s     Wait for com.apple.Preferences to idle
    t =    20.76s     Find the Application 'com.apple.Preferences'
    t =    20.96s     Check for interrupting elements affecting "Settings" Application
    t =    21.01s     Synthesize event
    t =    21.44s     Wait for com.apple.Preferences to idle
    t =    23.53s Checking existence of `"WEB_EXTENSIONS" Cell`
    t =    23.57s Find the "WEB_EXTENSIONS" Cell
    t =    23.60s Checking existence of `"WEB_EXTENSIONS" Cell`
    t =    23.63s Find the "WEB_EXTENSIONS" Cell
    t =    23.65s Checking existence of `"WEB_EXTENSIONS" Cell`
    t =    23.67s Find the "WEB_EXTENSIONS" Cell
    t =    23.70s Checking existence of `"WEB_EXTENSIONS" Cell`
    t =    23.71s Find the "WEB_EXTENSIONS" Cell
    t =    23.74s Checking existence of `"WEB_EXTENSIONS" Cell`
    t =    23.76s Find the "WEB_EXTENSIONS" Cell
    t =    23.79s Checking existence of `"WEB_EXTENSIONS" Cell`
    t =    23.81s Tap "WEB_EXTENSIONS" Cell
    t =    23.81s     Wait for com.apple.Preferences to idle
    t =    23.81s     Find the "WEB_EXTENSIONS" Cell
    t =    23.84s     Check for interrupting elements affecting "WEB_EXTENSIONS" Cell
    t =    23.91s     Synthesize event
    t =    24.20s     Wait for com.apple.Preferences to idle
    t =    26.61s Checking existence of `"Datalist Spike" Any`
    t =    26.65s Find the "Datalist Spike" Any
    t =    26.68s Checking existence of `"Datalist Spike" StaticText`
    t =    26.70s Find the "Datalist Spike" StaticText
    t =    26.72s Checking existence of `"Datalist Spike" StaticText`
    t =    26.74s Find the "Datalist Spike" StaticText
    t =    26.77s Checking existence of `"Datalist Spike" StaticText`
    t =    26.79s Find the "Datalist Spike" StaticText
    t =    26.82s Checking existence of `"Datalist Spike" StaticText`
    t =    26.84s Find the "Datalist Spike" StaticText
    t =    26.87s Checking existence of `"Datalist Spike" StaticText`
    t =    26.89s Find the "Datalist Spike" StaticText
    t =    26.91s Checking existence of `"Datalist Spike" StaticText`
    t =    26.93s Tap "Datalist Spike" StaticText
    t =    26.93s     Wait for com.apple.Preferences to idle
    t =    26.93s     Find the "Datalist Spike" StaticText
    t =    26.96s     Check for interrupting elements affecting "Datalist Spike" StaticText
    t =    26.99s     Synthesize event
    t =    27.28s     Wait for com.apple.Preferences to idle
    t =    29.63s Requesting snapshot of accessibility hierarchy for app with pid 89262
    t =    29.74s Requesting snapshot of accessibility hierarchy for app with pid 89262
    t =    32.84s Tear Down
Test Case '-[DatalistUITests.DriverTests testEnableExtension]' passed (33.101 seconds).
Test Suite 'DriverTests' passed at 2026-09-30 23:14:31.560.
	 Executed 1 test, with 0 failures (0 unexpected) in 33.101 (33.107) seconds
Test Suite 'DatalistUITests.xctest' passed at 2026-09-30 23:14:31.561.
	 Executed 1 test, with 0 failures (0 unexpected) in 33.101 (33.107) seconds
Test Suite 'Selected tests' passed at 2026-09-30 23:14:31.561.
	 Executed 1 test, with 0 failures (0 unexpected) in 33.101 (33.108) seconds
2026-09-30 23:14:31.886 xcodebuild[89138:12809418] [MT] IDETestOperationsObserverDebug: 38.037 elapsed -- Testing started completed.
2026-09-30 23:14:31.886 xcodebuild[89138:12809418] [MT] IDETestOperationsObserverDebug: 0.000 sec, +0.000 sec -- start
2026-09-30 23:14:31.886 xcodebuild[89138:12809418] [MT] IDETestOperationsObserverDebug: 38.037 sec, +38.037 sec -- end

Test session results, code coverage, and logs:
	/Users/tarunyadgirkar/TarunsCode/prefill/spikes/datalist/build/Logs/Test/Test-DatalistSpike-2026.09.30_23-13-53--0700.xcresult

** TEST EXECUTE SUCCEEDED **

Testing started
