Command line invocation:
    /Applications/Xcode.app/Contents/Developer/usr/bin/xcodebuild test-without-building -project /Users/tarunyadgirkar/TarunsCode/prefill/spikes/datalist/DatalistSpike.xcodeproj -scheme DatalistSpike -destination "platform=iOS Simulator,id=47A4C2A7-9518-49BF-92C1-D602AAE4E6D9" -derivedDataPath /Users/tarunyadgirkar/TarunsCode/prefill/spikes/datalist/build "-only-testing:DatalistUITests/DriverTests/testSafariField"

2026-09-30 23:28:53.778962-0700 DatalistUITests-Runner[10766:12929316] [Default] Running tests...
    t =      nans Interface orientation changed to Portrait
Test Suite 'Selected tests' started at 2026-09-30 23:28:56.556.
Test Suite 'DatalistUITests.xctest' started at 2026-09-30 23:28:56.557.
Test Suite 'DriverTests' started at 2026-09-30 23:28:56.557.
Test Case '-[DatalistUITests.DriverTests testSafariField]' started.
    t =     0.02s Start Test at 2026-09-30 23:28:56.572
    t =     0.04s Set Up
    t =     0.04s Open com.apple.mobilesafari
    t =     0.04s     Activate com.apple.mobilesafari
    t =     0.06s         Wait for com.apple.mobilesafari to idle
    t =     0.13s Wait for com.apple.mobilesafari to become Running Foreground
objc[10766]: Class UIAccessibilityLoaderWebShared is implemented in both /private/var/run/com.apple.security.cryptexd/mnt/com.apple.iPhoneOS.SimulatorRuntime-v24.1.434.0.GOjTIm/Library/Developer/CoreSimulator/Profiles/Runtimes/iOS 27.0.simruntime/Contents/Resources/RuntimeRoot/System/Library/AccessibilityBundles/WebKit.axbundle/WebKit (0x106210398) and /private/var/run/com.apple.security.cryptexd/mnt/com.apple.iPhoneOS.SimulatorRuntime-v24.1.434.0.GOjTIm/Library/Developer/CoreSimulator/Profiles/Runtimes/iOS 27.0.simruntime/Contents/Resources/RuntimeRoot/System/Library/AccessibilityBundles/WebCore.axbundle/WebCore (0x106bb0310). This may cause spurious casting failures and mysterious crashes. One of the duplicates must be removed or renamed.
    t =     2.13s Waiting 10.0s for "Email" TextField to exist
    t =     3.23s     Checking `Expect predicate `existsNoRetry == 1` for object "Email" TextField`
    t =     3.23s         Checking existence of `"Email" TextField`
    t =     3.32s Tap "Email" TextField
    t =     3.32s     Wait for com.apple.mobilesafari to idle
    t =     3.32s     Find the "Email" TextField
    t =     3.35s     Check for interrupting elements affecting "Email" TextField
    t =     3.40s     Synthesize event
    t =     3.78s     Wait for com.apple.mobilesafari to idle
    t =     7.13s Type 'dl-' into Application 'com.apple.mobilesafari'
    t =     7.13s     Wait for com.apple.mobilesafari to idle
    t =     7.13s     Find the Application 'com.apple.mobilesafari'
    t =     7.16s     Check for interrupting elements affecting "Safari" Application
    t =     7.19s     Synthesize event
    t =     7.45s     Wait for com.apple.mobilesafari to idle
    t =    11.75s Requesting snapshot of accessibility hierarchy for app with pid 10554
    t =    12.12s Requesting snapshot of accessibility hierarchy for app with pid 10554
    t =    14.26s Tear Down
Test Case '-[DatalistUITests.DriverTests testSafariField]' passed (14.266 seconds).
Test Suite 'DriverTests' passed at 2026-09-30 23:29:10.838.
	 Executed 1 test, with 0 failures (0 unexpected) in 14.266 (14.281) seconds
Test Suite 'DatalistUITests.xctest' passed at 2026-09-30 23:29:10.839.
	 Executed 1 test, with 0 failures (0 unexpected) in 14.266 (14.282) seconds
Test Suite 'Selected tests' passed at 2026-09-30 23:29:10.839.
	 Executed 1 test, with 0 failures (0 unexpected) in 14.266 (14.283) seconds
2026-09-30 23:29:11.140 xcodebuild[10746:12929079] [MT] IDETestOperationsObserverDebug: 19.427 elapsed -- Testing started completed.
2026-09-30 23:29:11.140 xcodebuild[10746:12929079] [MT] IDETestOperationsObserverDebug: 0.000 sec, +0.000 sec -- start
2026-09-30 23:29:11.141 xcodebuild[10746:12929079] [MT] IDETestOperationsObserverDebug: 19.427 sec, +19.427 sec -- end

Test session results, code coverage, and logs:
	/Users/tarunyadgirkar/TarunsCode/prefill/spikes/datalist/build/Logs/Test/Test-DatalistSpike-2026.09.30_23-28-51--0700.xcresult

** TEST EXECUTE SUCCEEDED **

Testing started
