Command line invocation:
    /Applications/Xcode.app/Contents/Developer/usr/bin/xcodebuild test-without-building -project /Users/tarunyadgirkar/TarunsCode/prefill/spikes/datalist/DatalistSpike.xcodeproj -scheme DatalistSpike -destination "platform=iOS Simulator,id=47A4C2A7-9518-49BF-92C1-D602AAE4E6D9" -derivedDataPath /Users/tarunyadgirkar/TarunsCode/prefill/spikes/datalist/build "-only-testing:DatalistUITests/DriverTests/testSafariField"

2026-09-30 23:26:30.644737-0700 DatalistUITests-Runner[5625:12908231] [Default] Running tests...
    t =      nans Interface orientation changed to Portrait
Test Suite 'Selected tests' started at 2026-09-30 23:26:32.404.
Test Suite 'DatalistUITests.xctest' started at 2026-09-30 23:26:32.405.
Test Suite 'DriverTests' started at 2026-09-30 23:26:32.405.
Test Case '-[DatalistUITests.DriverTests testSafariField]' started.
    t =     0.00s Start Test at 2026-09-30 23:26:32.407
    t =     0.02s Set Up
    t =     0.02s Open com.apple.mobilesafari
    t =     0.02s     Activate com.apple.mobilesafari
    t =     0.03s         Wait for com.apple.mobilesafari to idle
    t =     0.06s Wait for com.apple.mobilesafari to become Running Foreground
objc[5625]: Class UIAccessibilityLoaderWebShared is implemented in both /private/var/run/com.apple.security.cryptexd/mnt/com.apple.iPhoneOS.SimulatorRuntime-v24.1.434.0.GOjTIm/Library/Developer/CoreSimulator/Profiles/Runtimes/iOS 27.0.simruntime/Contents/Resources/RuntimeRoot/System/Library/AccessibilityBundles/WebKit.axbundle/WebKit (0x106b58398) and /private/var/run/com.apple.security.cryptexd/mnt/com.apple.iPhoneOS.SimulatorRuntime-v24.1.434.0.GOjTIm/Library/Developer/CoreSimulator/Profiles/Runtimes/iOS 27.0.simruntime/Contents/Resources/RuntimeRoot/System/Library/AccessibilityBundles/WebCore.axbundle/WebCore (0x10a428310). This may cause spurious casting failures and mysterious crashes. One of the duplicates must be removed or renamed.
    t =     2.06s Waiting 10.0s for "Phone" TextField to exist
    t =     3.12s     Checking `Expect predicate `existsNoRetry == 1` for object "Phone" TextField`
    t =     3.12s         Checking existence of `"Phone" TextField`
    t =     3.18s Tap "Phone" TextField
    t =     3.18s     Wait for com.apple.mobilesafari to idle
    t =     3.18s     Find the "Phone" TextField
    t =     3.20s     Check for interrupting elements affecting "Phone" TextField
    t =     3.22s     Synthesize event
    t =     3.51s     Wait for com.apple.mobilesafari to idle
    t =     9.71s Requesting snapshot of accessibility hierarchy for app with pid 5594
    t =     9.99s Requesting snapshot of accessibility hierarchy for app with pid 5594
    t =    12.19s Tear Down
Test Case '-[DatalistUITests.DriverTests testSafariField]' passed (12.223 seconds).
Test Suite 'DriverTests' passed at 2026-09-30 23:26:44.630.
	 Executed 1 test, with 0 failures (0 unexpected) in 12.223 (12.225) seconds
Test Suite 'DatalistUITests.xctest' passed at 2026-09-30 23:26:44.631.
	 Executed 1 test, with 0 failures (0 unexpected) in 12.223 (12.226) seconds
Test Suite 'Selected tests' passed at 2026-09-30 23:26:44.631.
	 Executed 1 test, with 0 failures (0 unexpected) in 12.223 (12.227) seconds
2026-09-30 23:26:44.979 xcodebuild[5620:12908050] [MT] IDETestOperationsObserverDebug: 15.111 elapsed -- Testing started completed.
2026-09-30 23:26:44.979 xcodebuild[5620:12908050] [MT] IDETestOperationsObserverDebug: 0.000 sec, +0.000 sec -- start
2026-09-30 23:26:44.979 xcodebuild[5620:12908050] [MT] IDETestOperationsObserverDebug: 15.111 sec, +15.111 sec -- end

Test session results, code coverage, and logs:
	/Users/tarunyadgirkar/TarunsCode/prefill/spikes/datalist/build/Logs/Test/Test-DatalistSpike-2026.09.30_23-26-29--0700.xcresult

** TEST EXECUTE SUCCEEDED **

Testing started
