Command line invocation:
    /Applications/Xcode.app/Contents/Developer/usr/bin/xcodebuild test-without-building -project /Users/tarunyadgirkar/TarunsCode/prefill/spikes/datalist/DatalistSpike.xcodeproj -scheme DatalistSpike -destination "platform=iOS Simulator,id=47A4C2A7-9518-49BF-92C1-D602AAE4E6D9" -derivedDataPath /Users/tarunyadgirkar/TarunsCode/prefill/spikes/datalist/build "-only-testing:DatalistUITests/DriverTests/testSafariField"

2026-09-30 23:28:30.844628-0700 DatalistUITests-Runner[9909:12925795] [Default] Running tests...
    t =      nans Interface orientation changed to Portrait
Test Suite 'Selected tests' started at 2026-09-30 23:28:32.985.
Test Suite 'DatalistUITests.xctest' started at 2026-09-30 23:28:32.985.
Test Suite 'DriverTests' started at 2026-09-30 23:28:32.985.
Test Case '-[DatalistUITests.DriverTests testSafariField]' started.
    t =     0.01s Start Test at 2026-09-30 23:28:32.992
    t =     0.03s Set Up
    t =     0.03s Open com.apple.mobilesafari
    t =     0.03s     Activate com.apple.mobilesafari
    t =     0.04s         Wait for com.apple.mobilesafari to idle
    t =     0.08s Wait for com.apple.mobilesafari to become Running Foreground
objc[9909]: Class UIAccessibilityLoaderWebShared is implemented in both /private/var/run/com.apple.security.cryptexd/mnt/com.apple.iPhoneOS.SimulatorRuntime-v24.1.434.0.GOjTIm/Library/Developer/CoreSimulator/Profiles/Runtimes/iOS 27.0.simruntime/Contents/Resources/RuntimeRoot/System/Library/AccessibilityBundles/WebKit.axbundle/WebKit (0x1080e8398) and /private/var/run/com.apple.security.cryptexd/mnt/com.apple.iPhoneOS.SimulatorRuntime-v24.1.434.0.GOjTIm/Library/Developer/CoreSimulator/Profiles/Runtimes/iOS 27.0.simruntime/Contents/Resources/RuntimeRoot/System/Library/AccessibilityBundles/WebCore.axbundle/WebCore (0x1081f4310). This may cause spurious casting failures and mysterious crashes. One of the duplicates must be removed or renamed.
    t =     2.09s Waiting 10.0s for "Favorite color" TextField to exist
    t =     3.15s     Checking `Expect predicate `existsNoRetry == 1` for object "Favorite color" TextField`
    t =     3.15s         Checking existence of `"Favorite color" TextField`
    t =     3.26s Tap "Favorite color" TextField
    t =     3.26s     Wait for com.apple.mobilesafari to idle
    t =     3.26s     Find the "Favorite color" TextField
    t =     3.29s     Check for interrupting elements affecting "Favorite color" TextField
    t =     3.31s     Synthesize event
    t =     3.60s     Wait for com.apple.mobilesafari to idle
    t =     9.59s Requesting snapshot of accessibility hierarchy for app with pid 9693
    t =     9.86s Requesting snapshot of accessibility hierarchy for app with pid 9693
    t =    12.01s Tear Down
Test Case '-[DatalistUITests.DriverTests testSafariField]' passed (12.041 seconds).
Test Suite 'DriverTests' passed at 2026-09-30 23:28:45.038.
	 Executed 1 test, with 0 failures (0 unexpected) in 12.041 (12.052) seconds
Test Suite 'DatalistUITests.xctest' passed at 2026-09-30 23:28:45.041.
	 Executed 1 test, with 0 failures (0 unexpected) in 12.041 (12.056) seconds
Test Suite 'Selected tests' passed at 2026-09-30 23:28:45.041.
	 Executed 1 test, with 0 failures (0 unexpected) in 12.041 (12.057) seconds
2026-09-30 23:28:45.497 xcodebuild[9838:12925413] [MT] IDETestOperationsObserverDebug: 15.828 elapsed -- Testing started completed.
2026-09-30 23:28:45.497 xcodebuild[9838:12925413] [MT] IDETestOperationsObserverDebug: 0.000 sec, +0.000 sec -- start
2026-09-30 23:28:45.497 xcodebuild[9838:12925413] [MT] IDETestOperationsObserverDebug: 15.828 sec, +15.828 sec -- end

Test session results, code coverage, and logs:
	/Users/tarunyadgirkar/TarunsCode/prefill/spikes/datalist/build/Logs/Test/Test-DatalistSpike-2026.09.30_23-28-29--0700.xcresult

** TEST EXECUTE SUCCEEDED **

Testing started
