Command line invocation:
    /Applications/Xcode.app/Contents/Developer/usr/bin/xcodebuild test-without-building -project /Users/tarunyadgirkar/TarunsCode/prefill/spikes/datalist/DatalistSpike.xcodeproj -scheme DatalistSpike -destination "platform=iOS Simulator,id=47A4C2A7-9518-49BF-92C1-D602AAE4E6D9" -derivedDataPath /Users/tarunyadgirkar/TarunsCode/prefill/spikes/datalist/build "-only-testing:DatalistUITests/DriverTests/testSafariField"

2026-09-30 23:33:35.869268-0700 DatalistUITests-Runner[21757:12979979] [Default] Running tests...
    t =      nans Interface orientation changed to Portrait
Test Suite 'Selected tests' started at 2026-09-30 23:33:37.926.
Test Suite 'DatalistUITests.xctest' started at 2026-09-30 23:33:37.930.
Test Suite 'DriverTests' started at 2026-09-30 23:33:37.930.
Test Case '-[DatalistUITests.DriverTests testSafariField]' started.
    t =     0.00s Start Test at 2026-09-30 23:33:37.932
    t =     0.03s Set Up
    t =     0.03s Open com.apple.mobilesafari
    t =     0.04s     Activate com.apple.mobilesafari
    t =     0.04s         Wait for com.apple.mobilesafari to idle
    t =     0.08s Wait for com.apple.mobilesafari to become Running Foreground
objc[21757]: Class UIAccessibilityLoaderWebShared is implemented in both /private/var/run/com.apple.security.cryptexd/mnt/com.apple.iPhoneOS.SimulatorRuntime-v24.1.434.0.GOjTIm/Library/Developer/CoreSimulator/Profiles/Runtimes/iOS 27.0.simruntime/Contents/Resources/RuntimeRoot/System/Library/AccessibilityBundles/WebKit.axbundle/WebKit (0x109fe8398) and /private/var/run/com.apple.security.cryptexd/mnt/com.apple.iPhoneOS.SimulatorRuntime-v24.1.434.0.GOjTIm/Library/Developer/CoreSimulator/Profiles/Runtimes/iOS 27.0.simruntime/Contents/Resources/RuntimeRoot/System/Library/AccessibilityBundles/WebCore.axbundle/WebCore (0x10a5a4310). This may cause spurious casting failures and mysterious crashes. One of the duplicates must be removed or renamed.
    t =     2.08s Waiting 10.0s for "Email" TextField to exist
    t =     3.16s     Checking `Expect predicate `existsNoRetry == 1` for object "Email" TextField`
    t =     3.16s         Checking existence of `"Email" TextField`
    t =     3.23s Tap "Email" TextField
    t =     3.23s     Wait for com.apple.mobilesafari to idle
    t =     3.23s     Find the "Email" TextField
    t =     3.25s     Check for interrupting elements affecting "Email" TextField
    t =     3.27s     Synthesize event
    t =     3.56s     Wait for com.apple.mobilesafari to idle
    t =     7.76s Requesting snapshot of accessibility hierarchy for app with pid 21574
    t =     8.12s Requesting snapshot of accessibility hierarchy for app with pid 21574
    t =    10.24s Tear Down
Test Case '-[DatalistUITests.DriverTests testSafariField]' passed (10.263 seconds).
Test Suite 'DriverTests' passed at 2026-09-30 23:33:48.195.
	 Executed 1 test, with 0 failures (0 unexpected) in 10.263 (10.265) seconds
Test Suite 'DatalistUITests.xctest' passed at 2026-09-30 23:33:48.196.
	 Executed 1 test, with 0 failures (0 unexpected) in 10.263 (10.265) seconds
Test Suite 'Selected tests' passed at 2026-09-30 23:33:48.196.
	 Executed 1 test, with 0 failures (0 unexpected) in 10.263 (10.270) seconds
2026-09-30 23:33:48.483 xcodebuild[21724:12979660] [MT] IDETestOperationsObserverDebug: 13.952 elapsed -- Testing started completed.
2026-09-30 23:33:48.483 xcodebuild[21724:12979660] [MT] IDETestOperationsObserverDebug: 0.000 sec, +0.000 sec -- start
2026-09-30 23:33:48.483 xcodebuild[21724:12979660] [MT] IDETestOperationsObserverDebug: 13.952 sec, +13.952 sec -- end

Test session results, code coverage, and logs:
	/Users/tarunyadgirkar/TarunsCode/prefill/spikes/datalist/build/Logs/Test/Test-DatalistSpike-2026.09.30_23-33-34--0700.xcresult

** TEST EXECUTE SUCCEEDED **

Testing started
