Command line invocation:
    /Applications/Xcode.app/Contents/Developer/usr/bin/xcodebuild test-without-building -project /Users/tarunyadgirkar/TarunsCode/prefill/spikes/datalist/DatalistSpike.xcodeproj -scheme DatalistSpike -destination "platform=iOS Simulator,id=47A4C2A7-9518-49BF-92C1-D602AAE4E6D9" -derivedDataPath /Users/tarunyadgirkar/TarunsCode/prefill/spikes/datalist/build "-only-testing:DatalistUITests/DriverTests/testSafariField"

2026-09-30 23:22:49.762727-0700 DatalistUITests-Runner[2246:12887159] [Default] Running tests...
    t =      nans Interface orientation changed to Portrait
Test Suite 'Selected tests' started at 2026-09-30 23:22:51.564.
Test Suite 'DatalistUITests.xctest' started at 2026-09-30 23:22:51.564.
Test Suite 'DriverTests' started at 2026-09-30 23:22:51.564.
Test Case '-[DatalistUITests.DriverTests testSafariField]' started.
    t =     0.00s Start Test at 2026-09-30 23:22:51.566
    t =     0.02s Set Up
    t =     0.02s Open com.apple.mobilesafari
    t =     0.02s     Activate com.apple.mobilesafari
    t =     0.03s         Wait for com.apple.mobilesafari to idle
    t =     0.06s Wait for com.apple.mobilesafari to become Running Foreground
objc[2246]: Class UIAccessibilityLoaderWebShared is implemented in both /private/var/run/com.apple.security.cryptexd/mnt/com.apple.iPhoneOS.SimulatorRuntime-v24.1.434.0.GOjTIm/Library/Developer/CoreSimulator/Profiles/Runtimes/iOS 27.0.simruntime/Contents/Resources/RuntimeRoot/System/Library/AccessibilityBundles/WebKit.axbundle/WebKit (0x106474398) and /private/var/run/com.apple.security.cryptexd/mnt/com.apple.iPhoneOS.SimulatorRuntime-v24.1.434.0.GOjTIm/Library/Developer/CoreSimulator/Profiles/Runtimes/iOS 27.0.simruntime/Contents/Resources/RuntimeRoot/System/Library/AccessibilityBundles/WebCore.axbundle/WebCore (0x1065ac310). This may cause spurious casting failures and mysterious crashes. One of the duplicates must be removed or renamed.
    t =     2.06s Waiting 10.0s for "Email" TextField to exist
    t =     3.11s     Checking `Expect predicate `existsNoRetry == 1` for object "Email" TextField`
    t =     3.11s         Checking existence of `"Email" TextField`
    t =     3.16s Tap "Email" TextField
    t =     3.16s     Wait for com.apple.mobilesafari to idle
    t =     3.16s     Find the "Email" TextField
    t =     3.18s     Check for interrupting elements affecting "Email" TextField
    t =     3.20s     Synthesize event
    t =     3.50s     Wait for com.apple.mobilesafari to idle
    t =     9.46s Requesting snapshot of accessibility hierarchy for app with pid 2210
    t =    10.06s Requesting snapshot of accessibility hierarchy for app with pid 2210
    t =    13.33s Get all elements bound by index for: Elements matching predicate 'label CONTAINS "dl-two@example.net"'
    t =    13.37s Find the Any (Element at index 0)
    t =    13.44s Find the "dl-two@example.net" Button
    t =    13.48s Find the "dl-two@example.net" Button
    t =    13.52s Find the "dl-two@example.net" Button
    t =    13.87s Tap "dl-two@example.net" Button
    t =    13.87s     Wait for com.apple.mobilesafari to idle
    t =    13.88s     Find the "dl-two@example.net" Button
    t =    13.91s     Check for interrupting elements affecting "dl-two@example.net" Button
    t =    13.96s     Synthesize event
    t =    14.26s     Wait for com.apple.mobilesafari to idle
    t =    16.58s Requesting snapshot of accessibility hierarchy for app with pid 2210
    t =    16.84s Requesting snapshot of accessibility hierarchy for app with pid 2210
    t =    19.91s Tear Down
Test Case '-[DatalistUITests.DriverTests testSafariField]' passed (19.928 seconds).
Test Suite 'DriverTests' passed at 2026-09-30 23:23:11.495.
	 Executed 1 test, with 0 failures (0 unexpected) in 19.928 (19.930) seconds
Test Suite 'DatalistUITests.xctest' passed at 2026-09-30 23:23:11.495.
	 Executed 1 test, with 0 failures (0 unexpected) in 19.928 (19.931) seconds
Test Suite 'Selected tests' passed at 2026-09-30 23:23:11.496.
	 Executed 1 test, with 0 failures (0 unexpected) in 19.928 (19.932) seconds
2026-09-30 23:23:11.790 xcodebuild[2241:12886970] [MT] IDETestOperationsObserverDebug: 22.832 elapsed -- Testing started completed.
2026-09-30 23:23:11.790 xcodebuild[2241:12886970] [MT] IDETestOperationsObserverDebug: 0.000 sec, +0.000 sec -- start
2026-09-30 23:23:11.790 xcodebuild[2241:12886970] [MT] IDETestOperationsObserverDebug: 22.832 sec, +22.832 sec -- end

Test session results, code coverage, and logs:
	/Users/tarunyadgirkar/TarunsCode/prefill/spikes/datalist/build/Logs/Test/Test-DatalistSpike-2026.09.30_23-22-48--0700.xcresult

** TEST EXECUTE SUCCEEDED **

Testing started
