Command line invocation:
    /Applications/Xcode.app/Contents/Developer/usr/bin/xcodebuild test-without-building -project /Users/tarunyadgirkar/TarunsCode/prefill/spikes/datalist/DatalistSpike.xcodeproj -scheme DatalistSpike -destination "platform=iOS Simulator,id=47A4C2A7-9518-49BF-92C1-D602AAE4E6D9" -derivedDataPath /Users/tarunyadgirkar/TarunsCode/prefill/spikes/datalist/build "-only-testing:DatalistUITests/DriverTests/testSafariField"

2026-09-30 23:17:52.110703-0700 DatalistUITests-Runner[96346:12851762] [Default] Running tests...
    t =      nans Interface orientation changed to Portrait
Test Suite 'Selected tests' started at 2026-09-30 23:17:54.296.
Test Suite 'DatalistUITests.xctest' started at 2026-09-30 23:17:54.296.
Test Suite 'DriverTests' started at 2026-09-30 23:17:54.296.
Test Case '-[DatalistUITests.DriverTests testSafariField]' started.
    t =     0.01s Start Test at 2026-09-30 23:17:54.302
    t =     0.02s Set Up
    t =     0.03s Open com.apple.mobilesafari
    t =     0.03s     Activate com.apple.mobilesafari
    t =     0.04s         Wait for com.apple.mobilesafari to idle
    t =     0.07s Wait for com.apple.mobilesafari to become Running Foreground
objc[96346]: Class UIAccessibilityLoaderWebShared is implemented in both /private/var/run/com.apple.security.cryptexd/mnt/com.apple.iPhoneOS.SimulatorRuntime-v24.1.434.0.GOjTIm/Library/Developer/CoreSimulator/Profiles/Runtimes/iOS 27.0.simruntime/Contents/Resources/RuntimeRoot/System/Library/AccessibilityBundles/WebKit.axbundle/WebKit (0x104378398) and /private/var/run/com.apple.security.cryptexd/mnt/com.apple.iPhoneOS.SimulatorRuntime-v24.1.434.0.GOjTIm/Library/Developer/CoreSimulator/Profiles/Runtimes/iOS 27.0.simruntime/Contents/Resources/RuntimeRoot/System/Library/AccessibilityBundles/WebCore.axbundle/WebCore (0x105674310). This may cause spurious casting failures and mysterious crashes. One of the duplicates must be removed or renamed.
    t =     2.07s Waiting 10.0s for "Email" TextField to exist
    t =     3.13s     Checking `Expect predicate `existsNoRetry == 1` for object "Email" TextField`
    t =     3.13s         Checking existence of `"Email" TextField`
    t =     3.21s Tap "Email" TextField
    t =     3.21s     Wait for com.apple.mobilesafari to idle
    t =     3.21s     Find the "Email" TextField
    t =     3.24s     Check for interrupting elements affecting "Email" TextField
    t =     3.27s     Synthesize event
    t =     3.56s     Wait for com.apple.mobilesafari to idle
    t =     6.82s Requesting snapshot of accessibility hierarchy for app with pid 96234
    t =     7.19s Requesting snapshot of accessibility hierarchy for app with pid 96234
    t =    10.32s Tear Down
Test Case '-[DatalistUITests.DriverTests testSafariField]' passed (10.332 seconds).
Test Suite 'DriverTests' passed at 2026-09-30 23:18:04.635.
	 Executed 1 test, with 0 failures (0 unexpected) in 10.332 (10.339) seconds
Test Suite 'DatalistUITests.xctest' passed at 2026-09-30 23:18:04.635.
	 Executed 1 test, with 0 failures (0 unexpected) in 10.332 (10.339) seconds
Test Suite 'Selected tests' passed at 2026-09-30 23:18:04.636.
	 Executed 1 test, with 0 failures (0 unexpected) in 10.332 (10.340) seconds
2026-09-30 23:18:04.932 xcodebuild[96320:12851495] [MT] IDETestOperationsObserverDebug: 14.074 elapsed -- Testing started completed.
2026-09-30 23:18:04.932 xcodebuild[96320:12851495] [MT] IDETestOperationsObserverDebug: 0.000 sec, +0.000 sec -- start
2026-09-30 23:18:04.932 xcodebuild[96320:12851495] [MT] IDETestOperationsObserverDebug: 14.074 sec, +14.074 sec -- end

Test session results, code coverage, and logs:
	/Users/tarunyadgirkar/TarunsCode/prefill/spikes/datalist/build/Logs/Test/Test-DatalistSpike-2026.09.30_23-17-50--0700.xcresult

** TEST EXECUTE SUCCEEDED **

Testing started
