Command line invocation:
    /Applications/Xcode.app/Contents/Developer/usr/bin/xcodebuild test-without-building -project /Users/tarunyadgirkar/TarunsCode/prefill/spikes/datalist/DatalistSpike.xcodeproj -scheme DatalistSpike -destination "platform=iOS Simulator,id=47A4C2A7-9518-49BF-92C1-D602AAE4E6D9" -derivedDataPath /Users/tarunyadgirkar/TarunsCode/prefill/spikes/datalist/build "-only-testing:DatalistUITests/DriverTests/testSafariField"

2026-09-30 23:16:20.731115-0700 DatalistUITests-Runner[93154:12833969] [Default] Running tests...
    t =      nans Interface orientation changed to Portrait
Test Suite 'Selected tests' started at 2026-09-30 23:16:24.616.
Test Suite 'DatalistUITests.xctest' started at 2026-09-30 23:16:24.618.
Test Suite 'DriverTests' started at 2026-09-30 23:16:24.618.
Test Case '-[DatalistUITests.DriverTests testSafariField]' started.
    t =     0.00s Start Test at 2026-09-30 23:16:24.620
    t =     0.02s Set Up
    t =     0.02s Open com.apple.mobilesafari
    t =     0.02s     Activate com.apple.mobilesafari
    t =     0.04s         Wait for com.apple.mobilesafari to idle
    t =     0.10s Wait for com.apple.mobilesafari to become Running Foreground
objc[93154]: Class UIAccessibilityLoaderWebShared is implemented in both /private/var/run/com.apple.security.cryptexd/mnt/com.apple.iPhoneOS.SimulatorRuntime-v24.1.434.0.GOjTIm/Library/Developer/CoreSimulator/Profiles/Runtimes/iOS 27.0.simruntime/Contents/Resources/RuntimeRoot/System/Library/AccessibilityBundles/WebKit.axbundle/WebKit (0x109d40398) and /private/var/run/com.apple.security.cryptexd/mnt/com.apple.iPhoneOS.SimulatorRuntime-v24.1.434.0.GOjTIm/Library/Developer/CoreSimulator/Profiles/Runtimes/iOS 27.0.simruntime/Contents/Resources/RuntimeRoot/System/Library/AccessibilityBundles/WebCore.axbundle/WebCore (0x109e78310). This may cause spurious casting failures and mysterious crashes. One of the duplicates must be removed or renamed.
    t =     2.10s Waiting 10.0s for "Email" TextField to exist
    t =     3.11s     Checking `Expect predicate `existsNoRetry == 1` for object "Email" TextField`
    t =     3.11s         Checking existence of `"Email" TextField`
    t =     3.20s Tap "Email" TextField
    t =     3.20s     Wait for com.apple.mobilesafari to idle
    t =     3.21s     Find the "Email" TextField
    t =     3.24s     Check for interrupting elements affecting "Email" TextField
    t =     3.30s     Synthesize event
    t =     3.61s     Wait for com.apple.mobilesafari to idle
    t =     7.82s Requesting snapshot of accessibility hierarchy for app with pid 92848
    t =     8.32s Requesting snapshot of accessibility hierarchy for app with pid 92848
    t =    11.41s Tear Down
Test Case '-[DatalistUITests.DriverTests testSafariField]' passed (11.436 seconds).
Test Suite 'DriverTests' passed at 2026-09-30 23:16:36.056.
	 Executed 1 test, with 0 failures (0 unexpected) in 11.436 (11.438) seconds
Test Suite 'DatalistUITests.xctest' passed at 2026-09-30 23:16:36.056.
	 Executed 1 test, with 0 failures (0 unexpected) in 11.436 (11.439) seconds
Test Suite 'Selected tests' passed at 2026-09-30 23:16:36.057.
	 Executed 1 test, with 0 failures (0 unexpected) in 11.436 (11.441) seconds
2026-09-30 23:16:36.390 xcodebuild[93049:12832920] [MT] IDETestOperationsObserverDebug: 20.485 elapsed -- Testing started completed.
2026-09-30 23:16:36.390 xcodebuild[93049:12832920] [MT] IDETestOperationsObserverDebug: 0.000 sec, +0.000 sec -- start
2026-09-30 23:16:36.390 xcodebuild[93049:12832920] [MT] IDETestOperationsObserverDebug: 20.485 sec, +20.485 sec -- end

Test session results, code coverage, and logs:
	/Users/tarunyadgirkar/TarunsCode/prefill/spikes/datalist/build/Logs/Test/Test-DatalistSpike-2026.09.30_23-16-15--0700.xcresult

** TEST EXECUTE SUCCEEDED **

Testing started
