Command line invocation:
    /Applications/Xcode.app/Contents/Developer/usr/bin/xcodebuild test-without-building -project /Users/tarunyadgirkar/TarunsCode/prefill/spikes/datalist/DatalistSpike.xcodeproj -scheme DatalistSpike -destination "platform=iOS Simulator,id=47A4C2A7-9518-49BF-92C1-D602AAE4E6D9" -derivedDataPath /Users/tarunyadgirkar/TarunsCode/prefill/spikes/datalist/build "-only-testing:DatalistUITests/DriverTests/testTapLabels"

2026-09-30 23:15:40.262570-0700 DatalistUITests-Runner[91714:12825584] [Default] Running tests...
    t =      nans Interface orientation changed to Portrait
Test Suite 'Selected tests' started at 2026-09-30 23:15:45.666.
Test Suite 'DatalistUITests.xctest' started at 2026-09-30 23:15:45.668.
Test Suite 'DriverTests' started at 2026-09-30 23:15:45.668.
Test Case '-[DatalistUITests.DriverTests testTapLabels]' started.
    t =     0.00s Start Test at 2026-09-30 23:15:45.671
    t =     0.11s Set Up
    t =     0.11s Open com.apple.Preferences
    t =     0.11s     Activate com.apple.Preferences
    t =     0.36s         Wait for com.apple.Preferences to idle
objc[91714]: Class UIAccessibilityLoaderWebShared is implemented in both /private/var/run/com.apple.security.cryptexd/mnt/com.apple.iPhoneOS.SimulatorRuntime-v24.1.434.0.GOjTIm/Library/Developer/CoreSimulator/Profiles/Runtimes/iOS 27.0.simruntime/Contents/Resources/RuntimeRoot/System/Library/AccessibilityBundles/WebKit.axbundle/WebKit (0x106894398) and /private/var/run/com.apple.security.cryptexd/mnt/com.apple.iPhoneOS.SimulatorRuntime-v24.1.434.0.GOjTIm/Library/Developer/CoreSimulator/Profiles/Runtimes/iOS 27.0.simruntime/Contents/Resources/RuntimeRoot/System/Library/AccessibilityBundles/WebCore.axbundle/WebCore (0x1069cc310). This may cause spurious casting failures and mysterious crashes. One of the duplicates must be removed or renamed.
    t =     1.44s Checking existence of `"Allow" Any`
    t =     1.80s Find the "Allow" Any
    t =     1.94s Checking existence of `"1" Cell`
    t =     1.96s Find the "1" Cell
    t =     2.00s Checking existence of `"1" Cell`
    t =     2.03s Find the "1" Cell
    t =     2.08s Checking existence of `"1" Cell`
    t =     2.10s Find the "1" Cell
    t =     2.14s Checking existence of `"1" Cell`
    t =     2.16s Find the "1" Cell
    t =     2.20s Checking existence of `"1" Cell`
    t =     2.23s Find the "1" Cell
    t =     2.26s Checking existence of `"1" Cell`
    t =     2.29s Checking existence of `"1" Cell`
    t =     2.31s Tap "1" Cell
    t =     2.31s     Wait for com.apple.Preferences to idle
    t =     2.32s     Find the "1" Cell
    t =     2.34s     Check for interrupting elements affecting "1" Cell
    t =     2.42s     Synthesize event
    t =     2.75s     Wait for com.apple.Preferences to idle
    t =     4.87s Checking existence of `"Datalist Spike" Any`
    t =     4.90s Find the "Datalist Spike" Any
    t =     4.94s Checking existence of `"BackButton" Button`
    t =     4.96s Find the "BackButton" Button
    t =     5.01s Checking existence of `"BackButton" Button`
    t =     5.03s Find the "BackButton" Button
    t =     5.07s Checking existence of `"BackButton" Button`
    t =     5.08s Find the "BackButton" Button
    t =     5.12s Checking existence of `"BackButton" Button`
    t =     5.13s Find the "BackButton" Button
    t =     5.16s Checking existence of `"BackButton" Button`
    t =     5.18s Find the "BackButton" Button
    t =     5.22s Checking existence of `"BackButton" Button`
    t =     5.24s Checking existence of `"BackButton" Button`
    t =     5.26s Tap "BackButton" Button
    t =     5.26s     Wait for com.apple.Preferences to idle
    t =     5.27s     Find the "BackButton" Button
    t =     5.29s     Check for interrupting elements affecting "BackButton" Button
    t =     5.34s     Synthesize event
    t =     5.65s     Wait for com.apple.Preferences to idle
    t =     8.80s Requesting snapshot of accessibility hierarchy for app with pid 89262
    t =    10.92s Requesting snapshot of accessibility hierarchy for app with pid 89262
    t =    14.26s Tear Down
Test Case '-[DatalistUITests.DriverTests testTapLabels]' passed (14.314 seconds).
Test Suite 'DriverTests' passed at 2026-09-30 23:15:59.986.
	 Executed 1 test, with 0 failures (0 unexpected) in 14.314 (14.318) seconds
Test Suite 'DatalistUITests.xctest' passed at 2026-09-30 23:15:59.986.
	 Executed 1 test, with 0 failures (0 unexpected) in 14.314 (14.318) seconds
Test Suite 'Selected tests' passed at 2026-09-30 23:15:59.986.
	 Executed 1 test, with 0 failures (0 unexpected) in 14.314 (14.320) seconds
2026-09-30 23:16:00.391 xcodebuild[91624:12824528] [MT] IDETestOperationsObserverDebug: 24.418 elapsed -- Testing started completed.
2026-09-30 23:16:00.391 xcodebuild[91624:12824528] [MT] IDETestOperationsObserverDebug: 0.000 sec, +0.000 sec -- start
2026-09-30 23:16:00.391 xcodebuild[91624:12824528] [MT] IDETestOperationsObserverDebug: 24.418 sec, +24.418 sec -- end

Test session results, code coverage, and logs:
	/Users/tarunyadgirkar/TarunsCode/prefill/spikes/datalist/build/Logs/Test/Test-DatalistSpike-2026.09.30_23-15-35--0700.xcresult

** TEST EXECUTE SUCCEEDED **

Testing started
