Command line invocation:
    /Applications/Xcode.app/Contents/Developer/usr/bin/xcodebuild test-without-building -project /Users/tarunyadgirkar/TarunsCode/prefill/spikes/datalist/DatalistSpike.xcodeproj -scheme DatalistSpike -destination "platform=iOS Simulator,id=47A4C2A7-9518-49BF-92C1-D602AAE4E6D9" -derivedDataPath /Users/tarunyadgirkar/TarunsCode/prefill/spikes/datalist/build "-only-testing:DatalistUITests/DriverTests/testSafariField"

2026-09-30 23:23:54.049625-0700 DatalistUITests-Runner[3167:12893742] [Default] Running tests...
    t =      nans Interface orientation changed to Portrait
Test Suite 'Selected tests' started at 2026-09-30 23:23:55.804.
Test Suite 'DatalistUITests.xctest' started at 2026-09-30 23:23:55.804.
Test Suite 'DriverTests' started at 2026-09-30 23:23:55.804.
Test Case '-[DatalistUITests.DriverTests testSafariField]' started.
    t =     0.00s Start Test at 2026-09-30 23:23:55.806
    t =     0.02s Set Up
    t =     0.02s Open com.apple.mobilesafari
    t =     0.02s     Activate com.apple.mobilesafari
    t =     0.02s         Wait for com.apple.mobilesafari to idle
    t =     0.05s Wait for com.apple.mobilesafari to become Running Foreground
objc[3167]: Class UIAccessibilityLoaderWebShared is implemented in both /private/var/run/com.apple.security.cryptexd/mnt/com.apple.iPhoneOS.SimulatorRuntime-v24.1.434.0.GOjTIm/Library/Developer/CoreSimulator/Profiles/Runtimes/iOS 27.0.simruntime/Contents/Resources/RuntimeRoot/System/Library/AccessibilityBundles/WebKit.axbundle/WebKit (0x10368c398) and /private/var/run/com.apple.security.cryptexd/mnt/com.apple.iPhoneOS.SimulatorRuntime-v24.1.434.0.GOjTIm/Library/Developer/CoreSimulator/Profiles/Runtimes/iOS 27.0.simruntime/Contents/Resources/RuntimeRoot/System/Library/AccessibilityBundles/WebCore.axbundle/WebCore (0x1037c4310). This may cause spurious casting failures and mysterious crashes. One of the duplicates must be removed or renamed.
    t =     2.06s Waiting 10.0s for "Email" TextField to exist
    t =     3.12s     Checking `Expect predicate `existsNoRetry == 1` for object "Email" TextField`
    t =     3.12s         Checking existence of `"Email" TextField`
    t =     3.18s Tap "Email" TextField
    t =     3.18s     Wait for com.apple.mobilesafari to idle
    t =     3.18s     Find the "Email" TextField
    t =     3.19s     Check for interrupting elements affecting "Email" TextField
    t =     3.21s     Synthesize event
    t =     3.51s     Wait for com.apple.mobilesafari to idle
    t =     5.37s Requesting snapshot of accessibility hierarchy for app with pid 3112
    t =     5.66s Requesting snapshot of accessibility hierarchy for app with pid 3112
    t =     7.74s Get all elements bound by index for: Elements matching predicate 'label CONTAINS "zzz-no-match"'
    t =     9.81s Requesting snapshot of accessibility hierarchy for app with pid 3112
    t =    10.07s Requesting snapshot of accessibility hierarchy for app with pid 3112
    t =    12.13s Tear Down
Test Case '-[DatalistUITests.DriverTests testSafariField]' passed (12.179 seconds).
Test Suite 'DriverTests' passed at 2026-09-30 23:24:07.985.
	 Executed 1 test, with 0 failures (0 unexpected) in 12.179 (12.181) seconds
Test Suite 'DatalistUITests.xctest' passed at 2026-09-30 23:24:07.986.
	 Executed 1 test, with 0 failures (0 unexpected) in 12.179 (12.182) seconds
Test Suite 'Selected tests' passed at 2026-09-30 23:24:07.986.
	 Executed 1 test, with 0 failures (0 unexpected) in 12.179 (12.182) seconds
2026-09-30 23:24:08.280 xcodebuild[3129:12893493] [MT] IDETestOperationsObserverDebug: 15.011 elapsed -- Testing started completed.
2026-09-30 23:24:08.280 xcodebuild[3129:12893493] [MT] IDETestOperationsObserverDebug: 0.000 sec, +0.000 sec -- start
2026-09-30 23:24:08.280 xcodebuild[3129:12893493] [MT] IDETestOperationsObserverDebug: 15.011 sec, +15.011 sec -- end

Test session results, code coverage, and logs:
	/Users/tarunyadgirkar/TarunsCode/prefill/spikes/datalist/build/Logs/Test/Test-DatalistSpike-2026.09.30_23-23-53--0700.xcresult

** TEST EXECUTE SUCCEEDED **

Testing started
