Command line invocation:
    /Applications/Xcode.app/Contents/Developer/usr/bin/xcodebuild test-without-building -project /Users/tarunyadgirkar/TarunsCode/prefill/spikes/datalist/DatalistSpike.xcodeproj -scheme DatalistSpike -destination "platform=iOS Simulator,id=47A4C2A7-9518-49BF-92C1-D602AAE4E6D9" -derivedDataPath /Users/tarunyadgirkar/TarunsCode/prefill/spikes/datalist/build "-only-testing:DatalistUITests/DriverTests/testSafariField"

2026-09-30 23:29:18.191476-0700 DatalistUITests-Runner[11990:12934883] [Default] Running tests...
    t =      nans Interface orientation changed to Portrait
Test Suite 'Selected tests' started at 2026-09-30 23:29:20.498.
Test Suite 'DatalistUITests.xctest' started at 2026-09-30 23:29:20.498.
Test Suite 'DriverTests' started at 2026-09-30 23:29:20.499.
Test Case '-[DatalistUITests.DriverTests testSafariField]' started.
    t =     0.00s Start Test at 2026-09-30 23:29:20.501
    t =     0.02s Set Up
    t =     0.02s Open com.apple.mobilesafari
    t =     0.02s     Activate com.apple.mobilesafari
    t =     0.05s         Wait for com.apple.mobilesafari to idle
    t =     0.11s Wait for com.apple.mobilesafari to become Running Foreground
objc[11990]: Class UIAccessibilityLoaderWebShared is implemented in both /private/var/run/com.apple.security.cryptexd/mnt/com.apple.iPhoneOS.SimulatorRuntime-v24.1.434.0.GOjTIm/Library/Developer/CoreSimulator/Profiles/Runtimes/iOS 27.0.simruntime/Contents/Resources/RuntimeRoot/System/Library/AccessibilityBundles/WebKit.axbundle/WebKit (0x108d80398) and /private/var/run/com.apple.security.cryptexd/mnt/com.apple.iPhoneOS.SimulatorRuntime-v24.1.434.0.GOjTIm/Library/Developer/CoreSimulator/Profiles/Runtimes/iOS 27.0.simruntime/Contents/Resources/RuntimeRoot/System/Library/AccessibilityBundles/WebCore.axbundle/WebCore (0x108eb8310). This may cause spurious casting failures and mysterious crashes. One of the duplicates must be removed or renamed.
    t =     2.12s Waiting 10.0s for "Email" TextField to exist
    t =     3.14s     Checking `Expect predicate `existsNoRetry == 1` for object "Email" TextField`
    t =     3.14s         Checking existence of `"Email" TextField`
    t =     3.27s Tap "Email" TextField
    t =     3.27s     Wait for com.apple.mobilesafari to idle
    t =     3.27s     Find the "Email" TextField
    t =     3.30s     Check for interrupting elements affecting "Email" TextField
    t =     3.33s     Synthesize event
    t =     3.64s     Wait for com.apple.mobilesafari to idle
    t =     5.65s Type 'a' into Application 'com.apple.mobilesafari'
    t =     5.65s     Wait for com.apple.mobilesafari to idle
    t =     5.65s     Find the Application 'com.apple.mobilesafari'
    t =     5.68s     Check for interrupting elements affecting "Safari" Application
    t =     5.71s     Synthesize event
    t =     5.94s     Wait for com.apple.mobilesafari to idle
    t =    10.28s Requesting snapshot of accessibility hierarchy for app with pid 11747
    t =    10.62s Requesting snapshot of accessibility hierarchy for app with pid 11747
    t =    13.74s Tear Down
Test Case '-[DatalistUITests.DriverTests testSafariField]' passed (13.784 seconds).
Test Suite 'DriverTests' passed at 2026-09-30 23:29:34.286.
	 Executed 1 test, with 0 failures (0 unexpected) in 13.784 (13.787) seconds
Test Suite 'DatalistUITests.xctest' passed at 2026-09-30 23:29:34.288.
	 Executed 1 test, with 0 failures (0 unexpected) in 13.784 (13.790) seconds
Test Suite 'Selected tests' passed at 2026-09-30 23:29:34.288.
	 Executed 1 test, with 0 failures (0 unexpected) in 13.784 (13.791) seconds
2026-09-30 23:29:34.619 xcodebuild[11981:12934664] [MT] IDETestOperationsObserverDebug: 17.326 elapsed -- Testing started completed.
2026-09-30 23:29:34.619 xcodebuild[11981:12934664] [MT] IDETestOperationsObserverDebug: 0.000 sec, +0.000 sec -- start
2026-09-30 23:29:34.619 xcodebuild[11981:12934664] [MT] IDETestOperationsObserverDebug: 17.326 sec, +17.326 sec -- end

Test session results, code coverage, and logs:
	/Users/tarunyadgirkar/TarunsCode/prefill/spikes/datalist/build/Logs/Test/Test-DatalistSpike-2026.09.30_23-29-17--0700.xcresult

** TEST EXECUTE SUCCEEDED **

Testing started
