Command line invocation:
    /Applications/Xcode.app/Contents/Developer/usr/bin/xcodebuild test-without-building -project /Users/tarunyadgirkar/TarunsCode/prefill/spikes/datalist/DatalistSpike.xcodeproj -scheme DatalistSpike -destination "platform=iOS Simulator,id=47A4C2A7-9518-49BF-92C1-D602AAE4E6D9" -derivedDataPath /Users/tarunyadgirkar/TarunsCode/prefill/spikes/datalist/build "-only-testing:DatalistUITests/DriverTests/testSafariField"

2026-09-30 23:17:11.138105-0700 DatalistUITests-Runner[95402:12845245] [Default] Running tests...
    t =      nans Interface orientation changed to Portrait
Test Suite 'Selected tests' started at 2026-09-30 23:17:13.439.
Test Suite 'DatalistUITests.xctest' started at 2026-09-30 23:17:13.440.
Test Suite 'DriverTests' started at 2026-09-30 23:17:13.440.
Test Case '-[DatalistUITests.DriverTests testSafariField]' started.
    t =     0.00s Start Test at 2026-09-30 23:17:13.442
    t =     0.02s Set Up
    t =     0.02s Open com.apple.mobilesafari
    t =     0.02s     Activate com.apple.mobilesafari
    t =     0.03s         Wait for com.apple.mobilesafari to idle
    t =     0.06s Wait for com.apple.mobilesafari to become Running Foreground
objc[95402]: Class UIAccessibilityLoaderWebShared is implemented in both /private/var/run/com.apple.security.cryptexd/mnt/com.apple.iPhoneOS.SimulatorRuntime-v24.1.434.0.GOjTIm/Library/Developer/CoreSimulator/Profiles/Runtimes/iOS 27.0.simruntime/Contents/Resources/RuntimeRoot/System/Library/AccessibilityBundles/WebKit.axbundle/WebKit (0x10a040398) and /private/var/run/com.apple.security.cryptexd/mnt/com.apple.iPhoneOS.SimulatorRuntime-v24.1.434.0.GOjTIm/Library/Developer/CoreSimulator/Profiles/Runtimes/iOS 27.0.simruntime/Contents/Resources/RuntimeRoot/System/Library/AccessibilityBundles/WebCore.axbundle/WebCore (0x10a200310). This may cause spurious casting failures and mysterious crashes. One of the duplicates must be removed or renamed.
    t =     2.07s Waiting 10.0s for "Email" TextField to exist
    t =     3.16s     Checking `Expect predicate `existsNoRetry == 1` for object "Email" TextField`
    t =     3.16s         Checking existence of `"Email" TextField`
    t =     3.24s Tap "Email" TextField
    t =     3.24s     Wait for com.apple.mobilesafari to idle
    t =     3.24s     Find the "Email" TextField
    t =     3.26s     Check for interrupting elements affecting "Email" TextField
    t =     3.30s     Synthesize event
    t =     3.60s     Wait for com.apple.mobilesafari to idle
    t =     7.57s Requesting snapshot of accessibility hierarchy for app with pid 95330
    t =     7.99s Requesting snapshot of accessibility hierarchy for app with pid 95330
    t =    11.18s Tear Down
Test Case '-[DatalistUITests.DriverTests testSafariField]' passed (11.216 seconds).
Test Suite 'DriverTests' passed at 2026-09-30 23:17:24.658.
	 Executed 1 test, with 0 failures (0 unexpected) in 11.216 (11.218) seconds
Test Suite 'DatalistUITests.xctest' passed at 2026-09-30 23:17:24.659.
	 Executed 1 test, with 0 failures (0 unexpected) in 11.216 (11.219) seconds
Test Suite 'Selected tests' passed at 2026-09-30 23:17:24.659.
	 Executed 1 test, with 0 failures (0 unexpected) in 11.216 (11.220) seconds
2026-09-30 23:17:24.990 xcodebuild[95363:12844876] [MT] IDETestOperationsObserverDebug: 15.282 elapsed -- Testing started completed.
2026-09-30 23:17:24.990 xcodebuild[95363:12844876] [MT] IDETestOperationsObserverDebug: 0.000 sec, +0.000 sec -- start
2026-09-30 23:17:24.990 xcodebuild[95363:12844876] [MT] IDETestOperationsObserverDebug: 15.282 sec, +15.282 sec -- end

Test session results, code coverage, and logs:
	/Users/tarunyadgirkar/TarunsCode/prefill/spikes/datalist/build/Logs/Test/Test-DatalistSpike-2026.09.30_23-17-09--0700.xcresult

** TEST EXECUTE SUCCEEDED **

Testing started
