Command line invocation:
    /Applications/Xcode.app/Contents/Developer/usr/bin/xcodebuild test-without-building -project /Users/tarunyadgirkar/TarunsCode/prefill/spikes/datalist/DatalistSpike.xcodeproj -scheme DatalistSpike -destination "platform=iOS Simulator,id=47A4C2A7-9518-49BF-92C1-D602AAE4E6D9" -derivedDataPath /Users/tarunyadgirkar/TarunsCode/prefill/spikes/datalist/build "-only-testing:DatalistUITests/DriverTests/testSafariField"

2026-09-30 23:31:03.758665-0700 DatalistUITests-Runner[16323:12953667] [Default] Running tests...
    t =      nans Interface orientation changed to Portrait
Test Suite 'Selected tests' started at 2026-09-30 23:31:05.695.
Test Suite 'DatalistUITests.xctest' started at 2026-09-30 23:31:05.696.
Test Suite 'DriverTests' started at 2026-09-30 23:31:05.696.
Test Case '-[DatalistUITests.DriverTests testSafariField]' started.
    t =     0.00s Start Test at 2026-09-30 23:31:05.697
    t =     0.02s Set Up
    t =     0.02s Open com.apple.mobilesafari
    t =     0.02s     Activate com.apple.mobilesafari
    t =     0.03s         Wait for com.apple.mobilesafari to idle
    t =     0.06s Wait for com.apple.mobilesafari to become Running Foreground
objc[16323]: Class UIAccessibilityLoaderWebShared is implemented in both /private/var/run/com.apple.security.cryptexd/mnt/com.apple.iPhoneOS.SimulatorRuntime-v24.1.434.0.GOjTIm/Library/Developer/CoreSimulator/Profiles/Runtimes/iOS 27.0.simruntime/Contents/Resources/RuntimeRoot/System/Library/AccessibilityBundles/WebKit.axbundle/WebKit (0x108d64398) and /private/var/run/com.apple.security.cryptexd/mnt/com.apple.iPhoneOS.SimulatorRuntime-v24.1.434.0.GOjTIm/Library/Developer/CoreSimulator/Profiles/Runtimes/iOS 27.0.simruntime/Contents/Resources/RuntimeRoot/System/Library/AccessibilityBundles/WebCore.axbundle/WebCore (0x108e94310). This may cause spurious casting failures and mysterious crashes. One of the duplicates must be removed or renamed.
    t =     2.07s Waiting 10.0s for "Email" TextField to exist
    t =     3.12s     Checking `Expect predicate `existsNoRetry == 1` for object "Email" TextField`
    t =     3.12s         Checking existence of `"Email" TextField`
    t =     3.20s Tap "Email" TextField
    t =     3.20s     Wait for com.apple.mobilesafari to idle
    t =     3.20s     Find the "Email" TextField
    t =     3.22s     Check for interrupting elements affecting "Email" TextField
    t =     3.24s     Synthesize event
    t =     3.54s     Wait for com.apple.mobilesafari to idle
    t =     8.52s Requesting snapshot of accessibility hierarchy for app with pid 16051
    t =     8.88s Requesting snapshot of accessibility hierarchy for app with pid 16051
    t =    12.02s Get all elements bound by index for: Elements matching predicate 'label CONTAINS "dl-one@example.net"'
    t =    12.04s Find the Any (Element at index 0)
    t =    12.07s Find the "dl-one@example.net" Button
    t =    12.10s Find the "dl-one@example.net" Button
    t =    12.12s Find the "dl-one@example.net" Button
    t =    12.16s Tap "dl-one@example.net" Button
    t =    12.16s     Wait for com.apple.mobilesafari to idle
    t =    12.16s     Find the "dl-one@example.net" Button
    t =    12.19s     Check for interrupting elements affecting "dl-one@example.net" Button
    t =    12.26s     Synthesize event
    t =    12.58s     Wait for com.apple.mobilesafari to idle
    t =    14.58s Requesting snapshot of accessibility hierarchy for app with pid 16051
    t =    14.94s Requesting snapshot of accessibility hierarchy for app with pid 16051
    t =    17.01s Tear Down
Test Case '-[DatalistUITests.DriverTests testSafariField]' passed (17.026 seconds).
Test Suite 'DriverTests' passed at 2026-09-30 23:31:22.724.
	 Executed 1 test, with 0 failures (0 unexpected) in 17.026 (17.028) seconds
Test Suite 'DatalistUITests.xctest' passed at 2026-09-30 23:31:22.724.
	 Executed 1 test, with 0 failures (0 unexpected) in 17.026 (17.028) seconds
Test Suite 'Selected tests' passed at 2026-09-30 23:31:22.725.
	 Executed 1 test, with 0 failures (0 unexpected) in 17.026 (17.029) seconds
2026-09-30 23:31:23.034 xcodebuild[16218:12953256] [MT] IDETestOperationsObserverDebug: 20.179 elapsed -- Testing started completed.
2026-09-30 23:31:23.034 xcodebuild[16218:12953256] [MT] IDETestOperationsObserverDebug: 0.000 sec, +0.000 sec -- start
2026-09-30 23:31:23.034 xcodebuild[16218:12953256] [MT] IDETestOperationsObserverDebug: 20.179 sec, +20.179 sec -- end

Test session results, code coverage, and logs:
	/Users/tarunyadgirkar/TarunsCode/prefill/spikes/datalist/build/Logs/Test/Test-DatalistSpike-2026.09.30_23-31-02--0700.xcresult

** TEST EXECUTE SUCCEEDED **

Testing started
