Command line invocation:
    /Applications/Xcode.app/Contents/Developer/usr/bin/xcodebuild test-without-building -project /Users/tarunyadgirkar/TarunsCode/prefill/spikes/datalist/DatalistSpike.xcodeproj -scheme DatalistSpike -destination "platform=iOS Simulator,id=47A4C2A7-9518-49BF-92C1-D602AAE4E6D9" -derivedDataPath /Users/tarunyadgirkar/TarunsCode/prefill/spikes/datalist/build "-only-testing:DatalistUITests/DriverTests/testSafariField"

2026-09-30 23:24:28.788323-0700 DatalistUITests-Runner[3868:12897415] [Default] Running tests...
    t =      nans Interface orientation changed to Portrait
Test Suite 'Selected tests' started at 2026-09-30 23:24:30.669.
Test Suite 'DatalistUITests.xctest' started at 2026-09-30 23:24:30.669.
Test Suite 'DriverTests' started at 2026-09-30 23:24:30.670.
Test Case '-[DatalistUITests.DriverTests testSafariField]' started.
    t =     0.00s Start Test at 2026-09-30 23:24:30.672
    t =     0.02s Set Up
    t =     0.02s Open com.apple.mobilesafari
    t =     0.02s     Activate com.apple.mobilesafari
    t =     0.03s         Wait for com.apple.mobilesafari to idle
    t =     0.07s Wait for com.apple.mobilesafari to become Running Foreground
objc[3868]: Class UIAccessibilityLoaderWebShared is implemented in both /private/var/run/com.apple.security.cryptexd/mnt/com.apple.iPhoneOS.SimulatorRuntime-v24.1.434.0.GOjTIm/Library/Developer/CoreSimulator/Profiles/Runtimes/iOS 27.0.simruntime/Contents/Resources/RuntimeRoot/System/Library/AccessibilityBundles/WebKit.axbundle/WebKit (0x10ac94398) and /private/var/run/com.apple.security.cryptexd/mnt/com.apple.iPhoneOS.SimulatorRuntime-v24.1.434.0.GOjTIm/Library/Developer/CoreSimulator/Profiles/Runtimes/iOS 27.0.simruntime/Contents/Resources/RuntimeRoot/System/Library/AccessibilityBundles/WebCore.axbundle/WebCore (0x10adcc310). This may cause spurious casting failures and mysterious crashes. One of the duplicates must be removed or renamed.
    t =     2.07s Waiting 10.0s for "Email" TextField to exist
    t =     3.13s     Checking `Expect predicate `existsNoRetry == 1` for object "Email" TextField`
    t =     3.13s         Checking existence of `"Email" TextField`
    t =     3.20s Tap "Email" TextField
    t =     3.20s     Wait for com.apple.mobilesafari to idle
    t =     3.21s     Find the "Email" TextField
    t =     3.22s     Check for interrupting elements affecting "Email" TextField
    t =     3.24s     Synthesize event
    t =     3.54s     Wait for com.apple.mobilesafari to idle
    t =     8.17s Requesting snapshot of accessibility hierarchy for app with pid 3796
    t =     8.43s Requesting snapshot of accessibility hierarchy for app with pid 3796
    t =    11.51s Tear Down
Test Case '-[DatalistUITests.DriverTests testSafariField]' passed (11.584 seconds).
Test Suite 'DriverTests' passed at 2026-09-30 23:24:42.257.
	 Executed 1 test, with 0 failures (0 unexpected) in 11.584 (11.587) seconds
Test Suite 'DatalistUITests.xctest' passed at 2026-09-30 23:24:42.258.
	 Executed 1 test, with 0 failures (0 unexpected) in 11.584 (11.588) seconds
Test Suite 'Selected tests' passed at 2026-09-30 23:24:42.258.
	 Executed 1 test, with 0 failures (0 unexpected) in 11.584 (11.589) seconds
2026-09-30 23:24:42.550 xcodebuild[3854:12897166] [MT] IDETestOperationsObserverDebug: 14.814 elapsed -- Testing started completed.
2026-09-30 23:24:42.550 xcodebuild[3854:12897166] [MT] IDETestOperationsObserverDebug: 0.000 sec, +0.000 sec -- start
2026-09-30 23:24:42.550 xcodebuild[3854:12897166] [MT] IDETestOperationsObserverDebug: 14.814 sec, +14.814 sec -- end

Test session results, code coverage, and logs:
	/Users/tarunyadgirkar/TarunsCode/prefill/spikes/datalist/build/Logs/Test/Test-DatalistSpike-2026.09.30_23-24-27--0700.xcresult

** TEST EXECUTE SUCCEEDED **

Testing started
