Command line invocation:
    /Applications/Xcode.app/Contents/Developer/usr/bin/xcodebuild test-without-building -project /Users/tarunyadgirkar/TarunsCode/prefill/spikes/datalist/DatalistSpike.xcodeproj -scheme DatalistSpike -destination "platform=iOS Simulator,id=47A4C2A7-9518-49BF-92C1-D602AAE4E6D9" -derivedDataPath /Users/tarunyadgirkar/TarunsCode/prefill/spikes/datalist/build "-only-testing:DatalistUITests/DriverTests/testTapLabels"

2026-09-30 23:25:44.317971-0700 DatalistUITests-Runner[4928:12903667] [Default] Running tests...
    t =      nans Interface orientation changed to Portrait
Test Suite 'Selected tests' started at 2026-09-30 23:25:46.085.
Test Suite 'DatalistUITests.xctest' started at 2026-09-30 23:25:46.086.
Test Suite 'DriverTests' started at 2026-09-30 23:25:46.086.
Test Case '-[DatalistUITests.DriverTests testTapLabels]' started.
    t =     0.00s Start Test at 2026-09-30 23:25:46.088
    t =     0.02s Set Up
    t =     0.02s Open com.apple.Preferences
    t =     0.02s     Activate com.apple.Preferences
    t =     0.03s         Wait for com.apple.Preferences to idle
objc[4928]: Class UIAccessibilityLoaderWebShared is implemented in both /private/var/run/com.apple.security.cryptexd/mnt/com.apple.iPhoneOS.SimulatorRuntime-v24.1.434.0.GOjTIm/Library/Developer/CoreSimulator/Profiles/Runtimes/iOS 27.0.simruntime/Contents/Resources/RuntimeRoot/System/Library/AccessibilityBundles/WebKit.axbundle/WebKit (0x1033e4398) and /private/var/run/com.apple.security.cryptexd/mnt/com.apple.iPhoneOS.SimulatorRuntime-v24.1.434.0.GOjTIm/Library/Developer/CoreSimulator/Profiles/Runtimes/iOS 27.0.simruntime/Contents/Resources/RuntimeRoot/System/Library/AccessibilityBundles/WebCore.axbundle/WebCore (0x106d38310). This may cause spurious casting failures and mysterious crashes. One of the duplicates must be removed or renamed.
    t =     1.05s Checking existence of `"Use Contact Info" Switch`
    t =     1.08s Find the "Use Contact Info" Switch
    t =     1.10s Checking existence of `"ContactInfoEnableSwitch" Switch`
    t =     1.11s Find the "ContactInfoEnableSwitch" Switch
    t =     1.13s Checking existence of `"ContactInfoEnableSwitch" Switch`
    t =     1.14s Find the "ContactInfoEnableSwitch" Switch
    t =     1.16s Checking existence of `"ContactInfoEnableSwitch" Switch`
    t =     1.17s Find the "ContactInfoEnableSwitch" Switch
    t =     1.18s Checking existence of `"ContactInfoEnableSwitch" Switch`
    t =     1.20s Find the "ContactInfoEnableSwitch" Switch
    t =     1.21s Checking existence of `"ContactInfoEnableSwitch" Switch`
    t =     1.22s Find the "ContactInfoEnableSwitch" Switch
    t =     1.24s Checking existence of `"ContactInfoEnableSwitch" Switch`
    t =     1.25s Tap "ContactInfoEnableSwitch" Switch[0.93, 0.50]
    t =     1.25s     Wait for com.apple.Preferences to idle
    t =     1.25s     Find the "ContactInfoEnableSwitch" Switch
    t =     1.26s     Check for interrupting elements affecting "ContactInfoEnableSwitch" Switch
    t =     1.28s     Synthesize event
    t =     1.28s         Find the "ContactInfoEnableSwitch" Switch
    t =     1.29s         Find the "ContactInfoEnableSwitch" Switch
    t =     1.31s         Find the "ContactInfoEnableSwitch" Switch
    t =     1.60s     Wait for com.apple.Preferences to idle
    t =     4.91s Requesting snapshot of accessibility hierarchy for app with pid 4400
    t =     5.02s Requesting snapshot of accessibility hierarchy for app with pid 4400
    t =     8.11s Tear Down
Test Case '-[DatalistUITests.DriverTests testTapLabels]' passed (8.161 seconds).
Test Suite 'DriverTests' passed at 2026-09-30 23:25:54.249.
	 Executed 1 test, with 0 failures (0 unexpected) in 8.161 (8.163) seconds
Test Suite 'DatalistUITests.xctest' passed at 2026-09-30 23:25:54.250.
	 Executed 1 test, with 0 failures (0 unexpected) in 8.161 (8.164) seconds
Test Suite 'Selected tests' passed at 2026-09-30 23:25:54.250.
	 Executed 1 test, with 0 failures (0 unexpected) in 8.161 (8.165) seconds
2026-09-30 23:25:54.554 xcodebuild[4872:12903337] [MT] IDETestOperationsObserverDebug: 11.176 elapsed -- Testing started completed.
2026-09-30 23:25:54.554 xcodebuild[4872:12903337] [MT] IDETestOperationsObserverDebug: 0.000 sec, +0.000 sec -- start
2026-09-30 23:25:54.554 xcodebuild[4872:12903337] [MT] IDETestOperationsObserverDebug: 11.176 sec, +11.176 sec -- end

Test session results, code coverage, and logs:
	/Users/tarunyadgirkar/TarunsCode/prefill/spikes/datalist/build/Logs/Test/Test-DatalistSpike-2026.09.30_23-25-43--0700.xcresult

** TEST EXECUTE SUCCEEDED **

Testing started
