Command line invocation:
    /Applications/Xcode.app/Contents/Developer/usr/bin/xcodebuild test-without-building -project /Users/tarunyadgirkar/TarunsCode/prefill/spikes/datalist/DatalistSpike.xcodeproj -scheme DatalistSpike -destination "platform=iOS Simulator,id=47A4C2A7-9518-49BF-92C1-D602AAE4E6D9" -derivedDataPath /Users/tarunyadgirkar/TarunsCode/prefill/spikes/datalist/build "-only-testing:DatalistUITests/DriverTests/testSafariField"

2026-09-30 23:19:01.072844-0700 DatalistUITests-Runner[97756:12861230] [Default] Running tests...
    t =      nans Interface orientation changed to Portrait
Test Suite 'Selected tests' started at 2026-09-30 23:19:03.407.
Test Suite 'DatalistUITests.xctest' started at 2026-09-30 23:19:03.407.
Test Suite 'DriverTests' started at 2026-09-30 23:19:03.408.
Test Case '-[DatalistUITests.DriverTests testSafariField]' started.
    t =     0.00s Start Test at 2026-09-30 23:19:03.412
    t =     0.04s Set Up
    t =     0.04s Open com.apple.mobilesafari
    t =     0.04s     Activate com.apple.mobilesafari
    t =     0.10s         Wait for com.apple.mobilesafari to idle
    t =     0.14s Wait for com.apple.mobilesafari to become Running Foreground
objc[97756]: Class UIAccessibilityLoaderWebShared is implemented in both /private/var/run/com.apple.security.cryptexd/mnt/com.apple.iPhoneOS.SimulatorRuntime-v24.1.434.0.GOjTIm/Library/Developer/CoreSimulator/Profiles/Runtimes/iOS 27.0.simruntime/Contents/Resources/RuntimeRoot/System/Library/AccessibilityBundles/WebKit.axbundle/WebKit (0x10a5a8398) and /private/var/run/com.apple.security.cryptexd/mnt/com.apple.iPhoneOS.SimulatorRuntime-v24.1.434.0.GOjTIm/Library/Developer/CoreSimulator/Profiles/Runtimes/iOS 27.0.simruntime/Contents/Resources/RuntimeRoot/System/Library/AccessibilityBundles/WebCore.axbundle/WebCore (0x10b4a0310). This may cause spurious casting failures and mysterious crashes. One of the duplicates must be removed or renamed.
    t =     2.19s Waiting 10.0s for "Email" TextField to exist
    t =     3.28s     Checking `Expect predicate `existsNoRetry == 1` for object "Email" TextField`
    t =     3.28s         Checking existence of `"Email" TextField`
    t =     3.50s Tap "Email" TextField
    t =     3.50s     Wait for com.apple.mobilesafari to idle
    t =     3.50s     Find the "Email" TextField
    t =     3.52s     Check for interrupting elements affecting "Email" TextField
    t =     3.56s     Synthesize event
    t =     4.14s     Wait for com.apple.mobilesafari to idle
    t =    11.23s Requesting snapshot of accessibility hierarchy for app with pid 97578
    t =    11.66s Requesting snapshot of accessibility hierarchy for app with pid 97578
    t =    14.81s Tear Down
Test Case '-[DatalistUITests.DriverTests testSafariField]' passed (14.840 seconds).
Test Suite 'DriverTests' passed at 2026-09-30 23:19:18.253.
	 Executed 1 test, with 0 failures (0 unexpected) in 14.840 (14.845) seconds
Test Suite 'DatalistUITests.xctest' passed at 2026-09-30 23:19:18.254.
	 Executed 1 test, with 0 failures (0 unexpected) in 14.840 (14.847) seconds
Test Suite 'Selected tests' passed at 2026-09-30 23:19:18.255.
	 Executed 1 test, with 0 failures (0 unexpected) in 14.840 (14.848) seconds
2026-09-30 23:19:18.558 xcodebuild[97714:12860914] [MT] IDETestOperationsObserverDebug: 19.088 elapsed -- Testing started completed.
2026-09-30 23:19:18.558 xcodebuild[97714:12860914] [MT] IDETestOperationsObserverDebug: 0.000 sec, +0.000 sec -- start
2026-09-30 23:19:18.558 xcodebuild[97714:12860914] [MT] IDETestOperationsObserverDebug: 19.088 sec, +19.088 sec -- end

Test session results, code coverage, and logs:
	/Users/tarunyadgirkar/TarunsCode/prefill/spikes/datalist/build/Logs/Test/Test-DatalistSpike-2026.09.30_23-18-59--0700.xcresult

** TEST EXECUTE SUCCEEDED **

Testing started
