Command line invocation:
    /Applications/Xcode.app/Contents/Developer/usr/bin/xcodebuild test-without-building -project /Users/tarunyadgirkar/TarunsCode/prefill/spikes/contacts/ContactsProbe.xcodeproj -scheme Probe -destination "platform=iOS Simulator,id=A53AB330-51D0-4F6A-88C2-83EDF2CA571D" -derivedDataPath /Users/tarunyadgirkar/TarunsCode/prefill/spikes/contacts/build

2026-09-30 23:13:31.789032-0700 ProbeUITests-Runner[88797:12805969] [Default] Running tests...
    t =      nans Interface orientation changed to Portrait
Test Suite 'All tests' started at 2026-09-30 23:13:35.767.
Test Suite 'ProbeUITests.xctest' started at 2026-09-30 23:13:35.771.
Test Suite 'DriverTests' started at 2026-09-30 23:13:35.771.
Test Case '-[ProbeUITests.DriverTests testScript]' started.
    t =     0.01s Start Test at 2026-09-30 23:13:35.778
    t =     0.17s Set Up
[driver] step app com.apple.mobilesafari
    t =     0.17s Open com.apple.mobilesafari
    t =     0.17s     Activate com.apple.mobilesafari
    t =     0.19s         Wait for com.apple.mobilesafari to idle
[driver] step tapWeb Email
    t =     0.23s Waiting 15.0s for TextField (First Match) to exist
objc[88797]: Class UIAccessibilityLoaderWebShared is implemented in both /private/var/run/com.apple.security.cryptexd/mnt/com.apple.iPhoneOS.SimulatorRuntime-v24.1.434.0.GOjTIm/Library/Developer/CoreSimulator/Profiles/Runtimes/iOS 27.0.simruntime/Contents/Resources/RuntimeRoot/System/Library/AccessibilityBundles/WebKit.axbundle/WebKit (0x105cc8398) and /private/var/run/com.apple.security.cryptexd/mnt/com.apple.iPhoneOS.SimulatorRuntime-v24.1.434.0.GOjTIm/Library/Developer/CoreSimulator/Profiles/Runtimes/iOS 27.0.simruntime/Contents/Resources/RuntimeRoot/System/Library/AccessibilityBundles/WebCore.axbundle/WebCore (0x105dbc310). This may cause spurious casting failures and mysterious crashes. One of the duplicates must be removed or renamed.
    t =     1.28s     Checking `Expect predicate `existsNoRetry == 1` for object TextField (First Match)`
    t =     1.28s         Checking existence of `TextField (First Match)`
    t =     1.38s Tap TextField (First Match)
    t =     1.38s     Wait for com.apple.mobilesafari to idle
    t =     1.38s     Find the TextField (First Match)
    t =     1.39s     Check for interrupting elements affecting "Email" TextField
    t =     1.42s     Synthesize event
    t =     1.82s     Wait for com.apple.mobilesafari to idle
[driver] step keyboard 
    t =     1.84s Waiting 5.0s for Keyboard (First Match) to exist
    t =     2.88s     Checking `Expect predicate `existsNoRetry == 1` for object Keyboard (First Match)`
    t =     2.88s         Checking existence of `Keyboard (First Match)`
    t =     4.39s Get all elements bound by accessibility element for: Descendants matching type Any
    t =     4.77s Find the Window (Identity Binding)
    t =     4.80s Find the Application 'com.apple.mobilesafari'
    t =     4.82s Find the Window (Identity Binding)
    t =     4.83s Find the Application 'com.apple.mobilesafari'
    t =     4.85s Find the Window (Identity Binding)
    t =     4.87s Find the Application 'com.apple.mobilesafari'
    t =     4.89s Find the Other (Identity Binding)
    t =     4.91s Find the Application 'com.apple.mobilesafari'
    t =     4.93s Find the Other (Identity Binding)
    t =     4.96s Find the Application 'com.apple.mobilesafari'
    t =     4.97s Find the Other (Identity Binding)
    t =     5.00s Find the Application 'com.apple.mobilesafari'
    t =     5.01s Find the Other (Identity Binding)
    t =     5.03s Find the Application 'com.apple.mobilesafari'
    t =     5.05s Find the "Suggested" Other
    t =     5.07s Find the Application 'com.apple.mobilesafari'
    t =     5.09s Find the Other (Identity Binding)
    t =     5.11s Find the Application 'com.apple.mobilesafari'
    t =     5.13s Find the Other (Identity Binding)
    t =     5.15s Find the Application 'com.apple.mobilesafari'
    t =     5.17s Find the Other (Identity Binding)
    t =     5.19s Find the Application 'com.apple.mobilesafari'
    t =     5.21s Find the Other (Identity Binding)
    t =     5.23s Find the Application 'com.apple.mobilesafari'
    t =     5.24s Find the Other (Identity Binding)
    t =     5.27s Find the Application 'com.apple.mobilesafari'
    t =     5.28s Find the Other (Identity Binding)
    t =     5.30s Find the Application 'com.apple.mobilesafari'
    t =     5.32s Find the "SafariWindow?View=Narrow&BarsKeptMinimized=false&UUID=E099565E-1415-4A1E-BC66-9B28868CD65D&UsingLoweredBar=true&IsSecure=false&IsTabBarAvailable=false" Other
    t =     5.34s Find the Application 'com.apple.mobilesafari'
    t =     5.37s Find the Other (Identity Binding)
    t =     5.40s Find the Application 'com.apple.mobilesafari'
    t =     5.42s Find the "inputView" Other
    t =     5.44s Find the Application 'com.apple.mobilesafari'
    t =     5.45s Find the ScrollView (Identity Binding)
    t =     5.47s Find the Application 'com.apple.mobilesafari'
    t =     5.49s Find the Other (Identity Binding)
    t =     5.51s Find the Application 'com.apple.mobilesafari'
    t =     5.52s Find the "SystemInputAssistantView" Other
    t =     5.54s Find the Application 'com.apple.mobilesafari'
    t =     5.56s Find the Other (Identity Binding)
    t =     5.58s Find the Application 'com.apple.mobilesafari'
    t =     5.59s Find the Other (Identity Binding)
    t =     5.61s Find the Application 'com.apple.mobilesafari'
    t =     5.63s Find the Other (Identity Binding)
    t =     5.66s Find the Application 'com.apple.mobilesafari'
    t =     5.67s Find the Other (Identity Binding)
    t =     5.69s Find the Application 'com.apple.mobilesafari'
    t =     5.71s Find the "CapsuleViewController" Other
    t =     5.73s Find the Application 'com.apple.mobilesafari'
    t =     5.74s Find the Other (Identity Binding)
    t =     5.76s Find the Application 'com.apple.mobilesafari'
    t =     5.78s Find the Other (Identity Binding)
    t =     5.80s Find the Application 'com.apple.mobilesafari'
    t =     5.81s Find the "Vertical scroll bar, 2 pages" Other
    t =     5.83s Find the Application 'com.apple.mobilesafari'
    t =     5.85s Find the "Horizontal scroll bar, 2 pages" Other
    t =     5.87s Find the Application 'com.apple.mobilesafari'
    t =     5.88s Find the Other (Identity Binding)
    t =     5.90s Find the Application 'com.apple.mobilesafari'
    t =     5.92s Find the Other (Identity Binding)
    t =     5.94s Find the Application 'com.apple.mobilesafari'
    t =     5.95s Find the Keyboard (Identity Binding)
    t =     5.97s Find the Application 'com.apple.mobilesafari'
    t =     5.99s Find the "Emoji" Button
    t =     6.01s Find the Application 'com.apple.mobilesafari'
    t =     6.02s Find the "dictation" Button
    t =     6.04s Find the Application 'com.apple.mobilesafari'
    t =     6.05s Find the Other (Identity Binding)
    t =     6.07s Find the Application 'com.apple.mobilesafari'
    t =     6.10s Find the Other (Identity Binding)
    t =     6.14s Find the Application 'com.apple.mobilesafari'
    t =     6.18s Find the Other (Identity Binding)
    t =     6.22s Find the Application 'com.apple.mobilesafari'
    t =     6.24s Find the "alex.rivera@example.com" Other
    t =     6.27s Find the Application 'com.apple.mobilesafari'
    t =     6.29s Find the "alex@work.example.org" Other
    t =     6.31s Find the Application 'com.apple.mobilesafari'
    t =     6.34s Find the Other (Identity Binding)
    t =     6.41s Find the Application 'com.apple.mobilesafari'
    t =     6.44s Find the Other (Identity Binding)
    t =     6.47s Find the Application 'com.apple.mobilesafari'
    t =     6.49s Find the "CenterPageView" Other
    t =     6.54s Find the Application 'com.apple.mobilesafari'
    t =     6.58s Find the Other (Identity Binding)
    t =     6.65s Find the Application 'com.apple.mobilesafari'
    t =     6.75s Find the Other (Identity Binding)
    t =     6.80s Find the Application 'com.apple.mobilesafari'
    t =     6.85s Find the StaticText (Identity Binding)
    t =     6.90s Find the Application 'com.apple.mobilesafari'
    t =     6.98s Find the StaticText (Identity Binding)
    t =     7.03s Find the Application 'com.apple.mobilesafari'
    t =     7.06s Find the Other (Identity Binding)
    t =     7.10s Find the Application 'com.apple.mobilesafari'
    t =     7.13s Find the Other (Identity Binding)
    t =     7.16s Find the Application 'com.apple.mobilesafari'
    t =     7.18s Find the ScrollView (Identity Binding)
    t =     7.20s Find the Application 'com.apple.mobilesafari'
    t =     7.22s Find the Other (Identity Binding)
    t =     7.26s Find the Application 'com.apple.mobilesafari'
    t =     7.30s Find the Other (Identity Binding)
    t =     7.36s Find the Application 'com.apple.mobilesafari'
    t =     7.50s Find the "Toolbar" Toolbar
    t =     7.54s Find the Application 'com.apple.mobilesafari'
    t =     7.57s Find the Other (Identity Binding)
    t =     7.60s Find the Application 'com.apple.mobilesafari'
    t =     7.62s Find the Other (Identity Binding)
    t =     7.65s Find the Application 'com.apple.mobilesafari'
    t =     7.68s Find the "UIKeyboardLayoutStar Preview" Other
    t =     7.71s Find the Application 'com.apple.mobilesafari'
    t =     7.74s Find the Other (Identity Binding)
    t =     7.79s Find the Application 'com.apple.mobilesafari'
    t =     7.88s Find the Other (Identity Binding)
    t =     7.99s Find the Application 'com.apple.mobilesafari'
    t =     8.03s Find the Other (Identity Binding)
    t =     8.06s Find the Application 'com.apple.mobilesafari'
    t =     8.08s Find the Other (Identity Binding)
    t =     8.10s Find the Application 'com.apple.mobilesafari'
    t =     8.12s Find the "TabDocument?IsLoadedUsingDesktopUserAgent=false&InReaderMode=false&UUID=E0F62B78-8039-4742-B726-90669509C869&IsPrivate=false&IsPageLoaded=true&WebViewProcessID=88720" Other
    t =     8.14s Find the Application 'com.apple.mobilesafari'
    t =     8.16s Find the "Horizontal scroll bar, 1 page" Other
    t =     8.18s Find the Application 'com.apple.mobilesafari'
    t =     8.20s Find the Other (Identity Binding)
    t =     8.24s Find the Application 'com.apple.mobilesafari'
    t =     8.26s Find the Other (Identity Binding)
    t =     8.29s Find the Application 'com.apple.mobilesafari'
    t =     8.31s Find the Other (Identity Binding)
    t =     8.33s Find the Application 'com.apple.mobilesafari'
    t =     8.35s Find the ScrollView (Identity Binding)
    t =     8.37s Find the Application 'com.apple.mobilesafari'
    t =     8.39s Find the Other (Identity Binding)
    t =     8.41s Find the Application 'com.apple.mobilesafari'
    t =     8.43s Find the "Padding-Left" Key
    t =     8.45s Find the Application 'com.apple.mobilesafari'
    t =     8.46s Find the "Padding-Right" Key
    t =     8.48s Find the Application 'com.apple.mobilesafari'
    t =     8.50s Find the "Padding-Left" Key
    t =     8.54s Find the Application 'com.apple.mobilesafari'
    t =     8.57s Find the "Padding-Right" Key
    t =     8.60s Find the Application 'com.apple.mobilesafari'
    t =     8.62s Find the "Padding-Left" Key
    t =     8.65s Find the Application 'com.apple.mobilesafari'
    t =     8.67s Find the "Padding-Right" Key
    t =     8.68s Find the Application 'com.apple.mobilesafari'
    t =     8.70s Find the "q" Key
    t =     8.77s Find the Application 'com.apple.mobilesafari'
    t =     8.81s Find the "w" Key
    t =     9.00s Find the Application 'com.apple.mobilesafari'
    t =     9.21s Find the "e" Key
    t =     9.25s Find the Application 'com.apple.mobilesafari'
    t =     9.27s Find the "r" Key
    t =     9.29s Find the Application 'com.apple.mobilesafari'
    t =     9.30s Find the "t" Key
    t =     9.33s Find the Application 'com.apple.mobilesafari'
    t =     9.34s Find the "y" Key
    t =     9.37s Find the Application 'com.apple.mobilesafari'
    t =     9.38s Find the "u" Key
    t =     9.40s Find the Application 'com.apple.mobilesafari'
    t =     9.42s Find the "i" Key
    t =     9.44s Find the Application 'com.apple.mobilesafari'
    t =     9.46s Find the "o" Key
    t =     9.47s Find the Application 'com.apple.mobilesafari'
    t =     9.49s Find the "p" Key
    t =     9.52s Find the Application 'com.apple.mobilesafari'
    t =     9.53s Find the "a" Key
    t =     9.55s Find the Application 'com.apple.mobilesafari'
    t =     9.57s Find the "s" Key
    t =     9.59s Find the Application 'com.apple.mobilesafari'
    t =     9.60s Find the "d" Key
    t =     9.62s Find the Application 'com.apple.mobilesafari'
    t =     9.64s Find the "f" Key
    t =     9.66s Find the Application 'com.apple.mobilesafari'
    t =     9.67s Find the "g" Key
    t =     9.69s Find the Application 'com.apple.mobilesafari'
    t =     9.71s Find the "h" Key
    t =     9.73s Find the Application 'com.apple.mobilesafari'
    t =     9.75s Find the "j" Key
    t =     9.77s Find the Application 'com.apple.mobilesafari'
    t =     9.78s Find the "k" Key
    t =     9.80s Find the Application 'com.apple.mobilesafari'
    t =     9.81s Find the "l" Key
    t =     9.83s Find the Application 'com.apple.mobilesafari'
    t =     9.85s Find the "shift" Button
    t =     9.87s Find the Application 'com.apple.mobilesafari'
    t =     9.88s Find the "z" Key
    t =     9.91s Find the Application 'com.apple.mobilesafari'
    t =     9.92s Find the "x" Key
    t =     9.94s Find the Application 'com.apple.mobilesafari'
    t =     9.96s Find the "c" Key
    t =     9.97s Find the Application 'com.apple.mobilesafari'
    t =    10.00s Find the "v" Key
    t =    10.02s Find the Application 'com.apple.mobilesafari'
    t =    10.04s Find the "b" Key
    t =    10.06s Find the Application 'com.apple.mobilesafari'
    t =    10.07s Find the "n" Key
    t =    10.09s Find the Application 'com.apple.mobilesafari'
    t =    10.10s Find the "m" Key
    t =    10.12s Find the Application 'com.apple.mobilesafari'
    t =    10.14s Find the "delete" Key
    t =    10.16s Find the Application 'com.apple.mobilesafari'
    t =    10.17s Find the "more" Key
    t =    10.19s Find the Application 'com.apple.mobilesafari'
    t =    10.20s Find the "space" Key
    t =    10.22s Find the Application 'com.apple.mobilesafari'
    t =    10.24s Find the "@" Key
    t =    10.26s Find the Application 'com.apple.mobilesafari'
    t =    10.27s Find the "." Key
    t =    10.29s Find the Application 'com.apple.mobilesafari'
    t =    10.30s Find the "Return" Button
    t =    10.32s Find the Application 'com.apple.mobilesafari'
    t =    10.34s Find the Other (Identity Binding)
    t =    10.36s Find the Application 'com.apple.mobilesafari'
    t =    10.37s Find the "WebView" WebView
    t =    10.40s Find the Application 'com.apple.mobilesafari'
    t =    10.41s Find the Other (Identity Binding)
    t =    10.43s Find the Application 'com.apple.mobilesafari'
    t =    10.44s Find the Other (Identity Binding)
    t =    10.47s Find the Application 'com.apple.mobilesafari'
    t =    10.48s Find the Other (Identity Binding)
    t =    10.51s Find the Application 'com.apple.mobilesafari'
    t =    10.52s Find the Other (Identity Binding)
    t =    10.55s Find the Application 'com.apple.mobilesafari'
    t =    10.57s Find the "Typing Predictions" Other
    t =    10.59s Find the Application 'com.apple.mobilesafari'
    t =    10.61s Find the WebView (Identity Binding)
    t =    10.63s Find the Application 'com.apple.mobilesafari'
    t =    10.64s Find the Other (Identity Binding)
    t =    10.66s Find the Application 'com.apple.mobilesafari'
    t =    10.68s Find the Other (Identity Binding)
    t =    10.69s Find the Application 'com.apple.mobilesafari'
    t =    10.71s Find the "CapsuleNavigationBar?isSelected=true&isDistractionControlOverlayUp=false" Other
    t =    10.73s Find the Application 'com.apple.mobilesafari'
    t =    10.74s Find the Other (Identity Binding)
    t =    10.76s Find the Application 'com.apple.mobilesafari'
    t =    10.78s Find the Other (Identity Binding)
    t =    10.79s Find the Application 'com.apple.mobilesafari'
    t =    10.81s Find the Other (Identity Binding)
    t =    10.83s Find the Application 'com.apple.mobilesafari'
    t =    10.85s Find the WebView (Identity Binding)
    t =    10.87s Find the Application 'com.apple.mobilesafari'
    t =    10.89s Find the Other (Identity Binding)
    t =    10.92s Find the Application 'com.apple.mobilesafari'
    t =    10.93s Find the "Vertical scroll bar, 1 page" Other
    t =    10.95s Find the Application 'com.apple.mobilesafari'
    t =    10.97s Find the "Horizontal scroll bar, 1 page" Other
    t =    11.00s Find the Application 'com.apple.mobilesafari'
    t =    11.02s Find the Other (Identity Binding)
    t =    11.04s Find the Application 'com.apple.mobilesafari'
    t =    11.05s Find the Other (Identity Binding)
    t =    11.08s Find the Application 'com.apple.mobilesafari'
    t =    11.10s Find the Other (Identity Binding)
    t =    11.12s Find the Application 'com.apple.mobilesafari'
    t =    11.13s Find the Other (Identity Binding)
    t =    11.15s Find the Application 'com.apple.mobilesafari'
    t =    11.17s Find the Other (Identity Binding)
    t =    11.19s Find the Application 'com.apple.mobilesafari'
    t =    11.21s Find the Other (Identity Binding)
    t =    11.22s Find the Application 'com.apple.mobilesafari'
    t =    11.24s Find the Other (Identity Binding)
    t =    11.26s Find the Application 'com.apple.mobilesafari'
    t =    11.27s Find the Other (Identity Binding)
    t =    11.29s Find the Application 'com.apple.mobilesafari'
    t =    11.31s Find the Other (Identity Binding)
    t =    11.34s Find the Application 'com.apple.mobilesafari'
    t =    11.36s Find the Other (Identity Binding)
    t =    11.38s Find the Application 'com.apple.mobilesafari'
    t =    11.40s Find the Other (Identity Binding)
    t =    11.43s Find the Application 'com.apple.mobilesafari'
    t =    11.45s Find the Other (Identity Binding)
    t =    11.47s Find the Application 'com.apple.mobilesafari'
    t =    11.48s Find the "home
alex.rivera@example.com" Button
    t =    11.50s Find the Application 'com.apple.mobilesafari'
    t =    11.52s Find the "work
alex@work.example.org" Button
    t =    11.54s Find the Application 'com.apple.mobilesafari'
    t =    11.55s Find the Other (Identity Binding)
    t =    11.58s Find the Application 'com.apple.mobilesafari'
    t =    11.59s Find the Other (Identity Binding)
    t =    11.61s Find the Application 'com.apple.mobilesafari'
    t =    11.63s Find the Other (Identity Binding)
    t =    11.64s Find the Application 'com.apple.mobilesafari'
    t =    11.66s Find the Other (Identity Binding)
    t =    11.68s Find the Application 'com.apple.mobilesafari'
    t =    11.70s Find the Other (Identity Binding)
    t =    11.72s Find the Application 'com.apple.mobilesafari'
    t =    11.74s Find the Other (Identity Binding)
    t =    11.76s Find the Application 'com.apple.mobilesafari'
    t =    11.78s Find the Other (Identity Binding)
    t =    11.80s Find the Application 'com.apple.mobilesafari'
    t =    11.81s Find the Other (Identity Binding)
    t =    11.83s Find the Application 'com.apple.mobilesafari'
    t =    11.85s Find the Other (Identity Binding)
    t =    11.87s Find the Application 'com.apple.mobilesafari'
    t =    11.88s Find the Other (Identity Binding)
    t =    11.90s Find the Application 'com.apple.mobilesafari'
    t =    11.91s Find the "Email probe" Other
    t =    11.94s Find the Application 'com.apple.mobilesafari'
    t =    11.95s Find the Other (Identity Binding)
    t =    11.97s Find the Application 'com.apple.mobilesafari'
    t =    11.99s Find the Other (Identity Binding)
    t =    12.01s Find the Application 'com.apple.mobilesafari'
    t =    12.02s Find the Other (Identity Binding)
    t =    12.04s Find the Application 'com.apple.mobilesafari'
    t =    12.06s Find the Other (Identity Binding)
    t =    12.08s Find the Application 'com.apple.mobilesafari'
    t =    12.09s Find the "form" Other
    t =    12.12s Find the Application 'com.apple.mobilesafari'
    t =    12.14s Find the "Previous" Button
    t =    12.17s Find the Application 'com.apple.mobilesafari'
    t =    12.19s Find the "Next" Button
    t =    12.22s Find the Application 'com.apple.mobilesafari'
    t =    12.24s Find the "AutoFill Contact" Button
    t =    12.26s Find the Application 'com.apple.mobilesafari'
    t =    12.27s Find the "Done" Button
    t =    12.29s Find the Application 'com.apple.mobilesafari'
    t =    12.31s Find the Other (Identity Binding)
    t =    12.34s Find the Application 'com.apple.mobilesafari'
    t =    12.36s Find the Other (Identity Binding)
    t =    12.40s Find the Application 'com.apple.mobilesafari'
    t =    12.42s Find the "AutoFill Contact" StaticText
    t =    12.44s Find the Application 'com.apple.mobilesafari'
    t =    12.45s Find the "Email" StaticText
    t =    12.48s Find the Application 'com.apple.mobilesafari'
    t =    12.49s Find the "Email" TextField
    t =    12.52s Find the Application 'com.apple.mobilesafari'
    t =    12.53s Find the "Phone" StaticText
    t =    12.55s Find the Application 'com.apple.mobilesafari'
    t =    12.57s Find the "Phone" TextField
    t =    12.59s Find the Application 'com.apple.mobilesafari'
    t =    12.61s Find the Other at {{0.0, 446.0}, {402.0, 428.0}}
    t =    12.63s Find the Other
    t =    12.64s Find the Other
    t =    12.66s Find the Other at {{0.0, 446.0}, {402.0, 428.0}}
    t =    12.68s Find the Other
    t =    12.70s Find the Other
    t =    12.72s Find the Other at {{0.0, 446.0}, {402.0, 100.0}}
    t =    12.74s Find the Other
    t =    12.75s Find the Other
    t =    12.77s Find the "inputView" Other
    t =    12.79s Find the "inputView" Other
    t =    12.81s Find the "inputView" Other
    t =    12.83s Find the Other at {{0.0, 446.0}, {402.0, 100.0}}
    t =    12.85s Find the Other
    t =    12.87s Find the Other
    t =    12.89s Find the "SystemInputAssistantView" Other
    t =    12.91s Find the "SystemInputAssistantView" Other
    t =    12.92s Find the "SystemInputAssistantView" Other
    t =    12.94s Find the Other at {{0.0, 546.0}, {402.0, 329.0}}
    t =    12.96s Find the Other
    t =    12.98s Find the Other
    t =    13.00s Find the Other at {{0.0, 590.0}, {402.0, 226.0}}
    t =    13.01s Find the Other
    t =    13.03s Find the Other
    t =    13.05s Find the Other at {{0.0, 590.0}, {402.0, 284.0}}
    t =    13.07s Find the Other
    t =    13.09s Find the Other
    t =    13.11s Find the Other at {{0.0, 478.0}, {402.0, 68.0}}
    t =    13.12s Find the Other
    t =    13.14s Find the Other
    t =    13.16s Find the Other at {{0.0, 546.0}, {402.0, 44.0}}
    t =    13.18s Find the Other
    t =    13.20s Find the Other
    t =    13.22s Find the Other at {{0.0, 546.0}, {402.0, 329.0}}
    t =    13.24s Find the Other
    t =    13.26s Find the Other
    t =    13.28s Find the Keyboard at {{0.0, 590.0}, {402.0, 226.0}}
    t =    13.30s Find the Keyboard
    t =    13.32s Find the Keyboard
    t =    13.34s Find the "Emoji" Button
    t =    13.36s Find the "Emoji" Button
    t =    13.38s Find the "Emoji" Button
    t =    13.40s Find the "dictation" Button
    t =    13.42s Find the "dictation" Button
    t =    13.44s Find the "dictation" Button
    t =    13.46s Find the Other at {{0.0, 446.0}, {402.0, 428.0}}
    t =    13.48s Find the Other
    t =    13.49s Find the Other
    t =    13.52s Find the Other at {{0.0, 478.0}, {402.0, 68.0}}
    t =    13.54s Find the Other
    t =    13.55s Find the Other
    t =    13.57s Find the "CenterPageView" Other
    t =    13.60s Find the "CenterPageView" Other
    t =    13.62s Find the "CenterPageView" Other
    t =    13.64s Find the Other at {{0.0, 546.0}, {402.0, 329.0}}
    t =    13.66s Find the Other
    t =    13.68s Find the Other
    t =    13.70s Find the Other at {{0.0, 590.0}, {402.0, 226.0}}
    t =    13.72s Find the Other
    t =    13.73s Find the Other
    t =    13.75s Find the StaticText at {{8.5, 805.7}, {0.0, 0.0}}
    t =    13.77s Find the StaticText
    t =    13.79s Find the StaticText
    t =    13.81s Find the StaticText at {{325.4, 805.4}, {0.0, 0.0}}
    t =    13.83s Find the StaticText
    t =    13.85s Find the StaticText
    t =    13.87s Find the Other at {{0.0, 446.0}, {402.0, 428.0}}
    t =    13.89s Find the Other
    t =    13.90s Find the Other
    t =    13.92s Find the Other at {{158.3, 446.0}, {85.3, 32.0}}
    t =    13.94s Find the Other
    t =    13.96s Find the Other
    t =    13.98s Find the "Toolbar" Toolbar
    t =    14.00s Find the "Toolbar" Toolbar
    t =    14.03s Find the "Toolbar" Toolbar
    t =    14.07s Find the Other at {{0.0, 546.0}, {402.0, 44.0}}
    t =    14.09s Find the Other
    t =    14.11s Find the Other
    t =    14.13s Find the "UIKeyboardLayoutStar Preview" Other
    t =    14.14s Find the "UIKeyboardLayoutStar Preview" Other
    t =    14.16s Find the "UIKeyboardLayoutStar Preview" Other
    t =    14.19s Find the "Horizontal scroll bar, 1 page" Other
    t =    14.22s Find the "Horizontal scroll bar, 1 page" Other
    t =    14.37s Find the "Horizontal scroll bar, 1 page" Other
    t =    14.39s Find the Other at {{0.0, 446.0}, {402.0, 428.0}}
    t =    14.41s Find the Other
    t =    14.43s Find the Other
    t =    14.45s Find the Other at {{158.3, 446.0}, {85.3, 32.0}}
    t =    14.50s Find the Other
    t =    14.53s Find the Other
    t =    14.55s Find the Other at {{0.0, 488.0}, {402.0, 48.0}}
    t =    14.57s Find the Other
    t =    14.72s Find the Other
    t =    14.75s Find the ScrollView at {{0.0, 546.0}, {402.0, 44.0}}
    t =    14.77s Find the ScrollView
    t =    14.79s Find the ScrollView
    t =    14.81s Find the Other at {{0.0, 546.0}, {402.0, 44.0}}
    t =    14.83s Find the Other
    t =    14.84s Find the Other
    t =    14.87s Find the "Padding-Left" Key
    t =    14.88s Find the "Padding-Left" Key
    t =    14.90s Find the "Padding-Left" Key
    t =    14.92s Find the "Padding-Right" Key
    t =    14.93s Find the "Padding-Right" Key
    t =    14.95s Find the "Padding-Right" Key
    t =    14.97s Find the "Padding-Left" Key
    t =    14.99s Find the "Padding-Left" Key
    t =    15.01s Find the "Padding-Left" Key
    t =    15.04s Find the "Padding-Right" Key
    t =    15.06s Find the "Padding-Right" Key
    t =    15.08s Find the "Padding-Right" Key
    t =    15.10s Find the "Padding-Left" Key
    t =    15.12s Find the "Padding-Left" Key
    t =    15.14s Find the "Padding-Left" Key
    t =    15.17s Find the "Padding-Right" Key
    t =    15.19s Find the "Padding-Right" Key
    t =    15.21s Find the "Padding-Right" Key
    t =    15.23s Find the "q" Key
    t =    15.25s Find the "q" Key
    t =    15.27s Find the "q" Key
    t =    15.29s Find the "w" Key
    t =    15.30s Find the "w" Key
    t =    15.32s Find the "w" Key
    t =    15.34s Find the "e" Key
    t =    15.36s Find the "e" Key
    t =    15.37s Find the "e" Key
    t =    15.39s Find the "r" Key
    t =    15.41s Find the "r" Key
    t =    15.43s Find the "r" Key
    t =    15.45s Find the "t" Key
    t =    15.46s Find the "t" Key
    t =    15.48s Find the "t" Key
    t =    15.50s Find the "y" Key
    t =    15.52s Find the "y" Key
    t =    15.53s Find the "y" Key
    t =    15.55s Find the "u" Key
    t =    15.57s Find the "u" Key
    t =    15.59s Find the "u" Key
    t =    15.61s Find the "i" Key
    t =    15.63s Find the "i" Key
    t =    15.64s Find the "i" Key
    t =    15.66s Find the "o" Key
    t =    15.68s Find the "o" Key
    t =    15.70s Find the "o" Key
    t =    15.72s Find the "p" Key
    t =    15.74s Find the "p" Key
    t =    15.80s Find the "p" Key
    t =    15.83s Find the "a" Key
    t =    15.85s Find the "a" Key
    t =    15.87s Find the "a" Key
    t =    15.89s Find the "s" Key
    t =    15.91s Find the "s" Key
    t =    15.93s Find the "s" Key
    t =    15.95s Find the "d" Key
    t =    15.97s Find the "d" Key
    t =    15.99s Find the "d" Key
    t =    16.01s Find the "f" Key
    t =    16.03s Find the "f" Key
    t =    16.05s Find the "f" Key
    t =    16.06s Find the "g" Key
    t =    16.08s Find the "g" Key
    t =    16.10s Find the "g" Key
    t =    16.12s Find the "h" Key
    t =    16.14s Find the "h" Key
    t =    16.16s Find the "h" Key
    t =    16.18s Find the "j" Key
    t =    16.20s Find the "j" Key
    t =    16.22s Find the "j" Key
    t =    16.23s Find the "k" Key
    t =    16.25s Find the "k" Key
    t =    16.27s Find the "k" Key
    t =    16.29s Find the "l" Key
    t =    16.31s Find the "l" Key
    t =    16.33s Find the "l" Key
    t =    16.35s Find the "shift" Button
    t =    16.37s Find the "shift" Button
    t =    16.39s Find the "shift" Button
    t =    16.41s Find the "z" Key
    t =    16.43s Find the "z" Key
    t =    16.45s Find the "z" Key
    t =    16.48s Find the "x" Key
    t =    16.50s Find the "x" Key
    t =    16.52s Find the "x" Key
    t =    16.53s Find the "c" Key
    t =    16.55s Find the "c" Key
    t =    16.57s Find the "c" Key
    t =    16.59s Find the "v" Key
    t =    16.61s Find the "v" Key
    t =    16.63s Find the "v" Key
    t =    16.65s Find the "b" Key
    t =    16.67s Find the "b" Key
    t =    16.69s Find the "b" Key
    t =    16.71s Find the "n" Key
    t =    16.73s Find the "n" Key
    t =    16.75s Find the "n" Key
    t =    16.77s Find the "m" Key
    t =    16.79s Find the "m" Key
    t =    16.81s Find the "m" Key
    t =    16.83s Find the "delete" Key
    t =    16.85s Find the "delete" Key
    t =    16.87s Find the "delete" Key
    t =    16.89s Find the "more" Key
    t =    16.91s Find the "more" Key
    t =    16.93s Find the "more" Key
    t =    16.95s Find the "space" Key
    t =    16.97s Find the "space" Key
    t =    16.99s Find the "space" Key
    t =    17.01s Find the "@" Key
    t =    17.07s Find the "@" Key
    t =    17.09s Find the "@" Key
    t =    17.11s Find the "." Key
    t =    17.13s Find the "." Key
    t =    17.14s Find the "." Key
    t =    17.16s Find the "Return" Button
    t =    17.18s Find the "Return" Button
    t =    17.20s Find the "Return" Button
    t =    17.22s Find the Other at {{334.3, 868.0}, {7.0, 3.0}}
    t =    17.24s Find the Other
    t =    17.26s Find the Other
    t =    17.28s Find the Other at {{0.0, 446.0}, {402.0, 428.0}}
    t =    17.30s Find the Other
    t =    17.32s Find the Other
    t =    17.34s Find the Other at {{158.3, 446.0}, {85.3, 32.0}}
    t =    17.36s Find the Other
    t =    17.38s Find the Other
    t =    17.40s Find the Other at {{16.0, 488.0}, {370.0, 48.0}}
    t =    17.42s Find the Other
    t =    17.44s Find the Other
    t =    17.46s Find the "Typing Predictions" Other
    t =    17.48s Find the "Typing Predictions" Other
    t =    17.50s Find the "Typing Predictions" Other
    t =    17.52s Find the Other at {{0.0, 446.0}, {402.0, 428.0}}
    t =    17.54s Find the Other
    t =    17.56s Find the Other
    t =    17.59s Find the Other at {{0.0, 446.0}, {402.0, 428.0}}
    t =    17.61s Find the Other
    t =    17.63s Find the Other
    t =    17.65s Find the "CapsuleNavigationBar?isSelected=true&isDistractionControlOverlayUp=false" Other
    t =    17.67s Find the "CapsuleNavigationBar?isSelected=true&isDistractionControlOverlayUp=false" Other
    t =    17.70s Find the "CapsuleNavigationBar?isSelected=true&isDistractionControlOverlayUp=false" Other
    t =    17.72s Find the Other at {{16.0, 488.0}, {370.0, 48.0}}
    t =    17.75s Find the Other
    t =    17.77s Find the Other
    t =    17.79s Find the Other at {{0.0, 546.0}, {402.0, 44.0}}
    t =    17.81s Find the Other
    t =    17.83s Find the Other
    t =    17.86s Find the "Horizontal scroll bar, 1 page" Other
    t =    17.88s Find the "Horizontal scroll bar, 1 page" Other
    t =    17.89s Find the "Horizontal scroll bar, 1 page" Other
    t =    17.91s Find the Other at {{0.0, 446.0}, {402.0, 428.0}}
    t =    17.93s Find the Other
    t =    17.95s Find the Other
    t =    17.97s Find the Other at {{0.0, 446.0}, {402.0, 98.0}}
    t =    17.99s Find the Other
    t =    18.01s Find the Other
    t =    18.03s Find the Other at {{16.0, 488.0}, {0.0, 0.0}}
    t =    18.05s Find the Other
    t =    18.07s Find the Other
    t =    18.09s Find the Other at {{0.0, 546.0}, {402.0, 44.0}}
    t =    18.11s Find the Other
    t =    18.14s Find the Other
    t =    18.16s Find the Other at {{0.0, 406.0}, {402.0, 80.0}}
    t =    18.18s Find the Other
    t =    18.20s Find the Other
    t =    18.22s Find the Other at {{65.0, 440.0}, {272.0, 3.0}}
    t =    18.23s Find the Other
    t =    18.25s Find the Other
    t =    18.27s Find the Other at {{0.0, 446.0}, {402.0, 98.0}}
    t =    18.29s Find the Other
    t =    18.31s Find the Other
    t =    18.33s Find the Other at {{16.0, 488.0}, {370.0, 48.0}}
    t =    18.35s Find the Other
    t =    18.36s Find the Other
    t =    18.38s Find the "home
alex.rivera@example.com" Button
    t =    18.40s Find the "home
alex.rivera@example.com" Button
    t =    18.42s Find the "home
alex.rivera@example.com" Button
    t =    18.44s Find the "work
alex@work.example.org" Button
    t =    18.45s Find the "work
alex@work.example.org" Button
    t =    18.47s Find the "work
alex@work.example.org" Button
    t =    18.49s Find the Other at {{16.0, 488.0}, {50.0, 48.0}}
    t =    18.51s Find the Other
    t =    18.53s Find the Other
    t =    18.54s Find the Other at {{70.0, 488.0}, {50.0, 48.0}}
    t =    18.56s Find the Other
    t =    18.58s Find the Other
    t =    18.60s Find the Other at {{130.0, 488.0}, {120.0, 48.0}}
    t =    18.62s Find the Other
    t =    18.63s Find the Other
    t =    18.65s Find the Other at {{336.0, 488.0}, {50.0, 48.0}}
    t =    18.67s Find the Other
    t =    18.69s Find the Other
    t =    18.71s Find the Other at {{21.0, 493.0}, {40.0, 38.0}}
    t =    18.72s Find the Other
    t =    18.74s Find the Other
    t =    18.76s Find the Other at {{75.0, 493.0}, {40.0, 38.0}}
    t =    18.78s Find the Other
    t =    18.80s Find the Other
    t =    18.82s Find the Other at {{135.0, 497.0}, {110.0, 30.0}}
    t =    18.84s Find the Other
    t =    18.86s Find the Other
    t =    18.88s Find the Other at {{341.0, 493.0}, {40.0, 38.0}}
    t =    18.90s Find the Other
    t =    18.92s Find the Other
    t =    18.95s Find the Other at {{21.0, 493.0}, {40.0, 38.0}}
    t =    18.97s Find the Other
    t =    19.00s Find the Other
    t =    19.03s Find the Other at {{75.0, 493.0}, {40.0, 38.0}}
    t =    19.05s Find the Other
    t =    19.08s Find the Other
    t =    19.10s Find the Other at {{135.0, 497.0}, {110.0, 30.0}}
    t =    19.12s Find the Other
    t =    19.14s Find the Other
    t =    19.16s Find the Other at {{341.0, 493.0}, {40.0, 38.0}}
    t =    19.17s Find the Other
    t =    19.19s Find the Other
    t =    19.21s Find the "Previous" Button
    t =    19.23s Find the "Previous" Button
    t =    19.25s Find the "Previous" Button
    t =    19.27s Find the "Next" Button
    t =    19.28s Find the "Next" Button
    t =    19.30s Find the "Next" Button
    t =    19.32s Find the "AutoFill Contact" Button
    t =    19.34s Find the "AutoFill Contact" Button
    t =    19.36s Find the "AutoFill Contact" Button
    t =    19.38s Find the "Done" Button
    t =    19.39s Find the "Done" Button
    t =    19.41s Find the "Done" Button
    t =    19.44s Find the "AutoFill Contact" StaticText
    t =    19.46s Find the "AutoFill Contact" StaticText
    t =    19.48s Find the "AutoFill Contact" StaticText
[driver] lower-half elements: 1|| ;; 1|| ;; 1|| ;; 1||inputView ;; 1|| ;; 1||SystemInputAssistantView ;; 1|| ;; 1|| ;; 1|| ;; 1|| ;; 1|| ;; 1|| ;; 19|| ;; 9|Emoji| ;; 9|Dictate|dictation ;; 1|| ;; 1|| ;; 1||CenterPageView ;; 1|| ;; 1|| ;; 48|| ;; 48|| ;; 1|| ;; 1|| ;; 24|Toolbar|Toolbar ;; 1|| ;; 1||UIKeyboardLayoutStar Preview ;; 1|Horizontal scroll bar, 1 page| ;; 1|| ;; 1|| ;; 1|| ;; 46|| ;; 1|| ;; 20|Padding-Left| ;; 20|Padding-Right| ;; 20|Padding-Left| ;; 20|Padding-Right| ;; 20|Padding-Left| ;; 20|Padding-Right| ;; 20|q| ;; 20|w| ;; 20|e| ;; 20|r| ;; 20|t| ;; 20|y| ;; 20|u| ;; 20|i| ;; 20|o| ;; 20|p| ;; 20|a| ;; 20|s| ;; 20|d| ;; 20|f| ;; 20|g| ;; 20|h| ;; 20|j| ;; 20|k| ;; 20|l| ;; 9|shift|shift ;; 20|z| ;; 20|x| ;; 20|c| ;; 20|v| ;; 20|b| ;; 20|n| ;; 20|m| ;; 20|delete|delete ;; 20|numbers|more ;; 20|space|space ;; 20|@| ;; 20|.| ;; 9|return|Return ;; 1|| ;; 1|| ;; 1|| ;; 1|| ;; 1|Typing Predictions| ;; 1|| ;; 1|| ;; 1||CapsuleNavigationBar?isSelected=true&isDistractionControlOverlayUp=false ;; 1|| ;; 1|| ;; 1|Horizontal scroll bar, 1 page| ;; 1|| ;; 1|| ;; 1|| ;; 1|| ;; 1|| ;; 1|| ;; 1|| ;; 1|| ;; 9|home
alex.rivera@example.com| ;; 9|work
alex@work.example.org| ;; 1|| ;; 1|| ;; 1|| ;; 1|| ;; 1|| ;; 1|| ;; 1|| ;; 1|| ;; 1|| ;; 1|| ;; 1|| ;; 1|| ;; 9|Previous| ;; 9|Next| ;; 9|AutoFill Contact| ;; 9|Done| ;; 48|AutoFill Contact|
    t =    19.51s Tear Down
Test Case '-[ProbeUITests.DriverTests testScript]' passed (19.542 seconds).
Test Suite 'DriverTests' passed at 2026-09-30 23:13:55.320.
	 Executed 1 test, with 0 failures (0 unexpected) in 19.542 (19.550) seconds
Test Suite 'ProbeUITests.xctest' passed at 2026-09-30 23:13:55.323.
	 Executed 1 test, with 0 failures (0 unexpected) in 19.542 (19.553) seconds
Test Suite 'All tests' passed at 2026-09-30 23:13:55.324.
	 Executed 1 test, with 0 failures (0 unexpected) in 19.542 (19.556) seconds
2026-09-30 23:13:55.652 xcodebuild[88741:12805511] [MT] IDETestOperationsObserverDebug: 25.427 elapsed -- Testing started completed.
2026-09-30 23:13:55.652 xcodebuild[88741:12805511] [MT] IDETestOperationsObserverDebug: 0.000 sec, +0.000 sec -- start
2026-09-30 23:13:55.652 xcodebuild[88741:12805511] [MT] IDETestOperationsObserverDebug: 25.427 sec, +25.427 sec -- end

Test session results, code coverage, and logs:
	/Users/tarunyadgirkar/TarunsCode/prefill/spikes/contacts/build/Logs/Test/Test-Probe-2026.09.30_23-13-30--0700.xcresult

** TEST EXECUTE SUCCEEDED **

Testing started
