Command line invocation:
    /Applications/Xcode.app/Contents/Developer/usr/bin/xcodebuild test-without-building -project /Users/tarunyadgirkar/TarunsCode/prefill/spikes/contacts/ContactsProbe.xcodeproj -scheme Probe -destination "platform=iOS Simulator,id=A53AB330-51D0-4F6A-88C2-83EDF2CA571D" -derivedDataPath /Users/tarunyadgirkar/TarunsCode/prefill/spikes/contacts/build

2026-09-30 23:37:56.495694-0700 ProbeUITests-Runner[30585:13015044] [Default] Running tests...
    t =      nans Interface orientation changed to Portrait
Test Suite 'All tests' started at 2026-09-30 23:37:58.444.
Test Suite 'ProbeUITests.xctest' started at 2026-09-30 23:37:58.445.
Test Suite 'DriverTests' started at 2026-09-30 23:37:58.445.
Test Case '-[ProbeUITests.DriverTests testScript]' started.
    t =     0.01s Start Test at 2026-09-30 23:37:58.453
    t =     0.03s Set Up
[driver] step probe status
    t =     0.03s Open com.tarunyadgirkar.prefill.spike.contacts.probe
    t =     0.03s     Launch com.tarunyadgirkar.prefill.spike.contacts.probe
    t =     0.03s         Terminate com.tarunyadgirkar.prefill.spike.contacts.probe:27239
objc[30585]: Class UIAccessibilityLoaderWebShared is implemented in both /private/var/run/com.apple.security.cryptexd/mnt/com.apple.iPhoneOS.SimulatorRuntime-v24.1.434.0.GOjTIm/Library/Developer/CoreSimulator/Profiles/Runtimes/iOS 27.0.simruntime/Contents/Resources/RuntimeRoot/System/Library/AccessibilityBundles/WebKit.axbundle/WebKit (0x106b84398) and /private/var/run/com.apple.security.cryptexd/mnt/com.apple.iPhoneOS.SimulatorRuntime-v24.1.434.0.GOjTIm/Library/Developer/CoreSimulator/Profiles/Runtimes/iOS 27.0.simruntime/Contents/Resources/RuntimeRoot/System/Library/AccessibilityBundles/WebCore.axbundle/WebCore (0x10a878310). This may cause spurious casting failures and mysterious crashes. One of the duplicates must be removed or renamed.
2026-09-30 23:37:59.594 xcodebuild[30581:13014799] [MT] IDELaunchParametersSnapshot: debugger version lookup failed for path '<nil>': noURL
2026-09-30 23:37:59.594 xcodebuild[30581:13014799] [MT] IDELaunchParametersSnapshot: no debugger version
    t =     1.36s         Setting up automation session
    t =     3.27s         Wait for com.tarunyadgirkar.prefill.spike.contacts.probe to idle
[driver] step wait 2
[driver] step stamp probe-up
[driver] stamp probe-up 1790836685.0770001
[driver] step launch com.apple.MobileAddressBook
    t =     6.64s Open com.apple.MobileAddressBook
    t =     6.64s     Launch com.apple.MobileAddressBook
    t =     6.64s         Terminate com.apple.MobileAddressBook:29677
    t =     7.76s         Setting up automation session
    t =     9.48s         Wait for com.apple.MobileAddressBook to idle
[driver] step wait 2
[driver] step tap Alex Rivera
    t =    13.59s Waiting 10.0s for Any (First Match) to exist
    t =    14.62s     Checking `Expect predicate `existsNoRetry == 1` for object Any (First Match)`
    t =    14.62s         Checking existence of `Any (First Match)`
    t =    14.72s Tap Any (First Match)
    t =    14.72s     Wait for com.apple.MobileAddressBook to idle
    t =    14.73s     Find the Any (First Match)
    t =    14.77s     Check for interrupting elements affecting "ContactCardHeaderView" StaticText
    t =    14.84s     Synthesize event
    t =    15.13s     Wait for com.apple.MobileAddressBook to idle
[driver] step wait 2
[driver] step tap Edit
    t =    17.14s Waiting 10.0s for Any (First Match) to exist
    t =    18.17s     Checking `Expect predicate `existsNoRetry == 1` for object Any (First Match)`
    t =    18.17s         Checking existence of `Any (First Match)`
    t =    18.18s Tap Any (First Match)
    t =    18.18s     Wait for com.apple.MobileAddressBook to idle
    t =    18.19s     Find the Any (First Match)
    t =    18.20s     Check for interrupting elements affecting "Edit" Button
    t =    18.24s     Synthesize event
    t =    18.53s     Wait for com.apple.MobileAddressBook to idle
[driver] step wait 2
[driver] step tap Company
    t =    20.54s Waiting 10.0s for Any (First Match) to exist
    t =    21.57s     Checking `Expect predicate `existsNoRetry == 1` for object Any (First Match)`
    t =    21.57s         Checking existence of `Any (First Match)`
    t =    21.65s Tap Any (First Match)
    t =    21.65s     Wait for com.apple.MobileAddressBook to idle
    t =    21.65s     Find the Any (First Match)
    t =    21.67s     Check for interrupting elements affecting "Company" TextField
    t =    21.72s     Synthesize event
    t =    22.01s     Wait for com.apple.MobileAddressBook to idle
[driver] step type  Edited
    t =    22.09s Type ' Edited' into Application 'com.apple.MobileAddressBook'
    t =    22.09s     Wait for com.apple.MobileAddressBook to idle
    t =    22.46s     Find the Application 'com.apple.MobileAddressBook'
    t =    22.50s     Check for interrupting elements affecting "Contacts" Application
    t =    22.53s     Synthesize event
    t =    22.54s         Get number of matches for: Elements containing elements matching predicate 'hasKeyboardFocus == 1'
    t =    22.89s     Wait for com.apple.MobileAddressBook to idle
[driver] step tap Done
    t =    22.89s Waiting 10.0s for Any (First Match) to exist
    t =    23.92s     Checking `Expect predicate `existsNoRetry == 1` for object Any (First Match)`
    t =    23.92s         Checking existence of `Any (First Match)`
    t =    23.95s Tap Any (First Match)
    t =    23.95s     Wait for com.apple.MobileAddressBook to idle
    t =    23.95s     Find the Any (First Match)
    t =    23.98s     Check for interrupting elements affecting "Done" Button
    t =    24.02s     Synthesize event
    t =    24.31s     Wait for com.apple.MobileAddressBook to idle
[driver] step wait 1
[driver] step stamp alex-edited
[driver] stamp alex-edited 1790836703.88817
[driver] step wait 3
[driver] step app com.tarunyadgirkar.prefill.spike.contacts.probe
    t =    28.45s Open com.tarunyadgirkar.prefill.spike.contacts.probe
    t =    28.45s     Activate com.tarunyadgirkar.prefill.spike.contacts.probe
    t =    28.49s         Wait for com.tarunyadgirkar.prefill.spike.contacts.probe to idle
[driver] step stamp probe-front
[driver] stamp probe-front 1790836706.947674
[driver] step wait 4
    t =    32.51s Tear Down
Test Case '-[ProbeUITests.DriverTests testScript]' passed (32.744 seconds).
Test Suite 'DriverTests' passed at 2026-09-30 23:38:31.198.
	 Executed 1 test, with 0 failures (0 unexpected) in 32.744 (32.753) seconds
Test Suite 'ProbeUITests.xctest' passed at 2026-09-30 23:38:31.198.
	 Executed 1 test, with 0 failures (0 unexpected) in 32.744 (32.754) seconds
Test Suite 'All tests' passed at 2026-09-30 23:38:31.200.
	 Executed 1 test, with 0 failures (0 unexpected) in 32.744 (32.756) seconds
2026-09-30 23:38:31.507 xcodebuild[30581:13014799] [MT] IDETestOperationsObserverDebug: 36.062 elapsed -- Testing started completed.
2026-09-30 23:38:31.507 xcodebuild[30581:13014799] [MT] IDETestOperationsObserverDebug: 0.000 sec, +0.000 sec -- start
2026-09-30 23:38:31.507 xcodebuild[30581:13014799] [MT] IDETestOperationsObserverDebug: 36.062 sec, +36.062 sec -- end

Test session results, code coverage, and logs:
	/Users/tarunyadgirkar/TarunsCode/prefill/spikes/contacts/build/Logs/Test/Test-Probe-2026.09.30_23-37-55--0700.xcresult

** TEST EXECUTE SUCCEEDED **

Testing started
