Command line invocation:
    /Applications/Xcode.app/Contents/Developer/usr/bin/xcodebuild test-without-building -project /Users/tarunyadgirkar/TarunsCode/prefill/spikes/contacts/ContactsProbe.xcodeproj -scheme Probe -destination "platform=iOS Simulator,id=A53AB330-51D0-4F6A-88C2-83EDF2CA571D" -derivedDataPath /Users/tarunyadgirkar/TarunsCode/prefill/spikes/contacts/build

2026-09-30 23:17:40.325868-0700 ProbeUITests-Runner[96060:12849855] [Default] Running tests...
    t =      nans Interface orientation changed to Portrait
Test Suite 'All tests' started at 2026-09-30 23:17:43.868.
Test Suite 'ProbeUITests.xctest' started at 2026-09-30 23:17:43.868.
Test Suite 'DriverTests' started at 2026-09-30 23:17:43.868.
Test Case '-[ProbeUITests.DriverTests testScript]' started.
    t =     0.01s Start Test at 2026-09-30 23:17:43.875
    t =     0.02s Set Up
[driver] step app com.apple.mobilesafari
    t =     0.03s Open com.apple.mobilesafari
    t =     0.03s     Activate com.apple.mobilesafari
    t =     0.29s         Wait for com.apple.mobilesafari to idle
[driver] step tapWeb Phone
    t =     0.59s Waiting 15.0s for TextField (First Match) to exist
objc[96060]: Class UIAccessibilityLoaderWebShared is implemented in both /private/var/run/com.apple.security.cryptexd/mnt/com.apple.iPhoneOS.SimulatorRuntime-v24.1.434.0.GOjTIm/Library/Developer/CoreSimulator/Profiles/Runtimes/iOS 27.0.simruntime/Contents/Resources/RuntimeRoot/System/Library/AccessibilityBundles/WebKit.axbundle/WebKit (0x10a840398) and /private/var/run/com.apple.security.cryptexd/mnt/com.apple.iPhoneOS.SimulatorRuntime-v24.1.434.0.GOjTIm/Library/Developer/CoreSimulator/Profiles/Runtimes/iOS 27.0.simruntime/Contents/Resources/RuntimeRoot/System/Library/AccessibilityBundles/WebCore.axbundle/WebCore (0x10a9cc310). This may cause spurious casting failures and mysterious crashes. One of the duplicates must be removed or renamed.
    t =     1.68s     Checking `Expect predicate `existsNoRetry == 1` for object TextField (First Match)`
    t =     1.68s         Checking existence of `TextField (First Match)`
    t =     1.73s Tap TextField (First Match)
    t =     1.73s     Wait for com.apple.mobilesafari to idle
    t =     2.16s     Find the TextField (First Match)
    t =     2.21s     Check for interrupting elements affecting "Phone" TextField
    t =     2.24s     Synthesize event
    t =     2.54s     Wait for com.apple.mobilesafari to idle
[driver] step tapWeb Email
    t =     2.94s Waiting 15.0s for TextField (First Match) to exist
    t =     3.97s     Checking `Expect predicate `existsNoRetry == 1` for object TextField (First Match)`
    t =     3.97s         Checking existence of `TextField (First Match)`
    t =     4.01s Tap TextField (First Match)
    t =     4.01s     Wait for com.apple.mobilesafari to idle
    t =     4.01s     Find the TextField (First Match)
    t =     4.04s     Check for interrupting elements affecting "Email" TextField
    t =     4.08s     Synthesize event
    t =     4.37s     Wait for com.apple.mobilesafari to idle
    t =     4.43s Tear Down
Test Case '-[ProbeUITests.DriverTests testScript]' passed (4.449 seconds).
Test Suite 'DriverTests' passed at 2026-09-30 23:17:48.324.
	 Executed 1 test, with 0 failures (0 unexpected) in 4.449 (4.456) seconds
Test Suite 'ProbeUITests.xctest' passed at 2026-09-30 23:17:48.325.
	 Executed 1 test, with 0 failures (0 unexpected) in 4.449 (4.456) seconds
Test Suite 'All tests' passed at 2026-09-30 23:17:48.325.
	 Executed 1 test, with 0 failures (0 unexpected) in 4.449 (4.458) seconds
2026-09-30 23:17:48.627 xcodebuild[96055:12849674] [MT] IDETestOperationsObserverDebug: 9.166 elapsed -- Testing started completed.
2026-09-30 23:17:48.628 xcodebuild[96055:12849674] [MT] IDETestOperationsObserverDebug: 0.000 sec, +0.000 sec -- start
2026-09-30 23:17:48.628 xcodebuild[96055:12849674] [MT] IDETestOperationsObserverDebug: 9.166 sec, +9.166 sec -- end

Test session results, code coverage, and logs:
	/Users/tarunyadgirkar/TarunsCode/prefill/spikes/contacts/build/Logs/Test/Test-Probe-2026.09.30_23-17-39--0700.xcresult

** TEST EXECUTE SUCCEEDED **

Testing started
