Command line invocation:
    /Applications/Xcode.app/Contents/Developer/usr/bin/xcodebuild test-without-building -project /Users/tarunyadgirkar/TarunsCode/prefill/spikes/contacts/ContactsProbe.xcodeproj -scheme Probe -destination "platform=iOS Simulator,id=A53AB330-51D0-4F6A-88C2-83EDF2CA571D" -derivedDataPath /Users/tarunyadgirkar/TarunsCode/prefill/spikes/contacts/build

2026-09-30 23:34:16.851304-0700 ProbeUITests-Runner[22869:12985169] [Default] Running tests...
    t =      nans Interface orientation changed to Portrait
Test Suite 'All tests' started at 2026-09-30 23:34:20.180.
Test Suite 'ProbeUITests.xctest' started at 2026-09-30 23:34:20.180.
Test Suite 'DriverTests' started at 2026-09-30 23:34:20.181.
Test Case '-[ProbeUITests.DriverTests testScript]' started.
    t =     0.01s Start Test at 2026-09-30 23:34:20.186
    t =     0.03s Set Up
[driver] step app com.apple.mobilesafari
    t =     0.03s Open com.apple.mobilesafari
    t =     0.03s     Activate com.apple.mobilesafari
    t =     0.04s         Wait for com.apple.mobilesafari to idle
[driver] step tapWeb Email
    t =     0.07s Waiting 15.0s for TextField (First Match) to exist
objc[22869]: Class UIAccessibilityLoaderWebShared is implemented in both /private/var/run/com.apple.security.cryptexd/mnt/com.apple.iPhoneOS.SimulatorRuntime-v24.1.434.0.GOjTIm/Library/Developer/CoreSimulator/Profiles/Runtimes/iOS 27.0.simruntime/Contents/Resources/RuntimeRoot/System/Library/AccessibilityBundles/WebKit.axbundle/WebKit (0x1069d0398) and /private/var/run/com.apple.security.cryptexd/mnt/com.apple.iPhoneOS.SimulatorRuntime-v24.1.434.0.GOjTIm/Library/Developer/CoreSimulator/Profiles/Runtimes/iOS 27.0.simruntime/Contents/Resources/RuntimeRoot/System/Library/AccessibilityBundles/WebCore.axbundle/WebCore (0x106c28310). This may cause spurious casting failures and mysterious crashes. One of the duplicates must be removed or renamed.
    t =     1.08s     Checking `Expect predicate `existsNoRetry == 1` for object TextField (First Match)`
    t =     1.08s         Checking existence of `TextField (First Match)`
    t =     1.15s Tap TextField (First Match)
    t =     1.15s     Wait for com.apple.mobilesafari to idle
    t =     1.15s     Find the TextField (First Match)
    t =     1.17s     Check for interrupting elements affecting "Email" TextField
    t =     1.19s     Synthesize event
    t =     1.50s     Wait for com.apple.mobilesafari to idle
[driver] step wait 1
[driver] step dump 
    t =     3.32s Requesting snapshot of accessibility hierarchy for app with pid 22720
    t =     3.56s Requesting snapshot of accessibility hierarchy for app with pid 22720
[driver] tree
Attributes: Application, 0x105c86e40, pid: 22720, label: 'Safari'
Element subtree:
 →Application, 0x105c86e40, pid: 22720, label: 'Safari'
    Window (Main), 0x105c86f80, {{0.0, 0.0}, {402.0, 874.0}}
      Other, 0x105c87200, {{0.0, 0.0}, {402.0, 874.0}}
      Other, 0x105c87480, {{0.0, 0.0}, {402.0, 874.0}}
        Other, 0x105c875c0, {{0.0, 0.0}, {402.0, 874.0}}
          Other, 0x105c87340, {{0.0, 0.0}, {402.0, 874.0}}, identifier: 'SafariWindow?View=Narrow&BarsKeptMinimized=false&UUID=E099565E-1415-4A1E-BC66-9B28868CD65D&UsingLoweredBar=true&IsSecure=false&IsTabBarAvailable=false'
            Other, 0x105c87700, {{0.0, 0.0}, {402.0, 874.0}}
              Other, 0x105c87980, {{0.0, 0.0}, {402.0, 874.0}}
                Other, 0x105c87ac0, {{0.0, 0.0}, {402.0, 49.0}}
                  Other, 0x105c87840, {{0.0, 0.0}, {402.0, 49.0}}
                  Other, 0x105c87c00, {{0.0, 0.0}, {402.0, 49.0}}
                Other, 0x105c87d40, {{0.0, 0.0}, {402.0, 62.0}}
                ScrollView, 0x105c84b40, {{0.0, 0.0}, {402.0, 874.0}}
                  Other, 0x105c85b80, {{0.0, 0.0}, {402.0, 874.0}}
                    Other, 0x105c84f00, {{0.0, 0.0}, {402.0, 102.0}}
                  Other, 0x105c85180, {{0.0, 0.0}, {402.0, 874.0}}
                  Other, 0x105c85900, {{0.0, 0.0}, {402.0, 874.0}}, identifier: 'TabDocument?IsLoadedUsingDesktopUserAgent=false&InReaderMode=false&UUID=FAD3E2FC-B3C0-44B5-9F9B-50F17DD7F4E2&IsPrivate=false&IsPageLoaded=true&WebViewProcessID=22782'
                    WebView, 0x105c85f40, {{0.0, 0.0}, {402.0, 874.0}}, identifier: 'WebView'
                      WebView, 0x105c86300, {{0.0, 0.0}, {402.0, 874.0}}
                        Other, 0x105c86580, {{0.0, 0.0}, {402.0, 874.0}}
                          Other, 0x105c86800, {{0.0, 0.0}, {402.0, 89.0}}
                          Other, 0x105c86940, {{0.0, 406.0}, {402.0, 80.0}}
                        WebView, 0x105c86bc0, {{0.0, 0.0}, {402.0, 874.0}}
                          Other, 0x105c86a80, {{0.0, 0.0}, {402.0, 874.0}}
                            Other, 0x105c85a40, {{0.0, 0.0}, {402.0, 874.0}}
                              Other, 0x105c86d00, {{0.0, -104.0}, {402.0, 874.0}}
                                Other, 0x105c86080, {{0.0, -104.0}, {402.0, 824.0}}, label: 'Save GET'
                                  Other, 0x105c85040, {{16.0, -66.0}, {370.0, 43.0}}, label: 'Sign up (GET)', value: 1
                                    StaticText, 0x105c85400, {{16.0, -66.0}, {219.0, 43.0}}, label: 'Sign up (GET)', value: Sign up (GET)
                                  Other, 0x105c87e80, {{16.0, -1.0}, {370.0, 705.0}}, label: 'form'
                                    Other, 0x105c861c0, {{16.0, -1.0}, {370.0, 71.0}}
                                      StaticText, 0x105c86440, {{16.0, -1.0}, {73.0, 23.0}}, label: 'Full name', value: Full name
                                      TextField, 0x105c85cc0, {{16.0, 25.0}, {370.0, 45.0}}, label: 'Full name', placeholderValue: 'Full name', value: Full name
                                    Other, 0x105c85e00, {{16.0, 219.0}, {370.0, 71.0}}
                                      StaticText, 0x105c84500, {{16.0, 219.0}, {41.0, 23.0}}, label: 'Email', value: Email
                                      TextField, 0x105c84a00, {{16.0, 245.0}, {370.0, 45.0}}, label: 'Email', placeholderValue: 'Email', value: Email, Keyboard Focused, Focused
                                    Other, 0x102e935c0, {{16.0, 439.0}, {370.0, 71.0}}
                                      StaticText, 0x102e93700, {{16.0, 439.0}, {49.0, 23.0}}, label: 'Phone', value: Phone
                                      TextField, 0x102e93840, {{16.0, 465.0}, {370.0, 45.0}}, label: 'Phone', placeholderValue: 'Phone', value: Phone
                                    Button, 0x102e93980, {{16.0, 659.0}, {370.0, 45.0}}, label: 'Sign up'
                        Other, 0x102e93c00, {{0.0, 0.0}, {402.0, 874.0}}
                          Other, 0x102e912c0, {{0.0, 0.0}, {402.0, 89.0}}
                        Other, 0x102e91400, {{369.0, 62.0}, {30.0, 384.0}}, label: 'Vertical scroll bar, 2 pages', value: 31%
                          Other, 0x102e93ac0, {{396.0, 109.3}, {3.0, 234.0}}
                        Other, 0x1066a8000, {{62.0, 413.0}, {278.0, 30.0}}, label: 'Horizontal scroll bar, 1 page', value: 0%
                          Other, 0x1066a8140, {{65.0, 440.0}, {272.0, 3.0}}
                        Other, 0x1066a8280, {{369.0, 62.0}, {30.0, 384.0}}, label: 'Vertical scroll bar, 2 pages', value: 31%
                          Other, 0x1066a83c0, {{396.0, 109.3}, {3.0, 234.0}}
                        Other, 0x1066a8500, {{62.0, 413.0}, {278.0, 30.0}}, label: 'Horizontal scroll bar, 1 page', value: 0%
                          Other, 0x1066a8640, {{65.0, 440.0}, {272.0, 3.0}}
                  Other, 0x1066a8780, {{62.0, 841.0}, {278.0, 30.0}}, label: 'Horizontal scroll bar, 1 page', value: 0%
                    Other, 0x1066a88c0, {{334.3, 868.0}, {7.0, 3.0}}
                  Other, 0x1066a8a00, {{62.0, 841.0}, {278.0, 30.0}}, label: 'Horizontal scroll bar, 1 page', value: 0%
                    Other, 0x1066a8b40, {{334.3, 868.0}, {7.0, 3.0}}
            Other, 0x1066a8c80, {{0.0, 0.0}, {402.0, 874.0}}, identifier: 'CapsuleViewController'
              Other, 0x1066a8dc0, {{0.0, 446.0}, {402.0, 428.0}}
                Other, 0x1066a8f00, {{0.0, 446.0}, {402.0, 428.0}}
                  Other, 0x1066a9040, {{0.0, 446.0}, {402.0, 428.0}}
                    Other, 0x1066a9180, {{0.0, 446.0}, {402.0, 428.0}}
                      Other, 0x1066a92c0, {{0.0, 446.0}, {402.0, 428.0}}
                        Other, 0x1066a9400, {{0.0, 446.0}, {402.0, 428.0}}
                          Other, 0x1066a9540, {{0.0, 446.0}, {402.0, 98.0}}
                      Other, 0x1066a9680, {{0.0, 446.0}, {402.0, 428.0}}
                        Other, 0x1066a97c0, {{0.0, 446.0}, {402.0, 98.0}}
                Other, 0x1066a9900, {{158.3, 446.0}, {85.3, 32.0}}
                  Other, 0x1066a9a40, {{158.3, 446.0}, {85.3, 32.0}}
                    Other, 0x1066a9b80, {{158.3, 446.0}, {85.3, 32.0}}
                      Other, 0x1066a9cc0, {{158.3, 446.0}, {85.3, 32.0}}, identifier: 'CapsuleNavigationBar?isSelected=true&isDistractionControlOverlayUp=false', Selected
      Other, 0x1066a9e00, {{0.0, 0.0}, {402.0, 874.0}}
    Window, 0x1066a9f40, {{0.0, 0.0}, {402.0, 874.0}}
      Other, 0x1066aa080, {{0.0, 0.0}, {402.0, 874.0}}
        Other, 0x1066aa1c0, {{0.0, 0.0}, {402.0, 874.0}}
        Other, 0x1066aa300, {{0.0, 446.0}, {402.0, 428.0}}
          Other, 0x1066aa440, {{0.0, 446.0}, {402.0, 100.0}}
            Other, 0x1066aa580, {{0.0, 478.0}, {402.0, 68.0}}
              Other, 0x1066aa6c0, {{0.0, 478.0}, {402.0, 68.0}}
                Toolbar, 0x1066aa800, {{0.0, 488.0}, {402.0, 48.0}}, identifier: 'Toolbar', label: 'Toolbar'
                  Other, 0x1066aa940, {{0.0, 488.0}, {402.0, 48.0}}
                    Other, 0x1066aaa80, {{16.0, 488.0}, {370.0, 48.0}}
                      Other, 0x1066aabc0, {{16.0, 488.0}, {370.0, 48.0}}
                        Other, 0x1066aad00, {{16.0, 488.0}, {0.0, 0.0}}
                          Other, 0x1066aae40, {{16.0, 488.0}, {370.0, 48.0}}
                            Other, 0x1066aaf80, {{16.0, 488.0}, {50.0, 48.0}}
                              Other, 0x1066ab0c0, {{21.0, 493.0}, {40.0, 38.0}}
                                Other, 0x1066ab200, {{21.0, 493.0}, {40.0, 38.0}}
                                  Button, 0x1066ab340, {{21.0, 493.0}, {40.0, 38.0}}, label: 'Previous'
                            Other, 0x1066ab480, {{70.0, 488.0}, {50.0, 48.0}}
                              Other, 0x1066ab5c0, {{75.0, 493.0}, {40.0, 38.0}}
                                Other, 0x1066ab700, {{75.0, 493.0}, {40.0, 38.0}}
                                  Button, 0x1066ab840, {{75.0, 493.0}, {40.0, 38.0}}, label: 'Next'
                            Other, 0x1066ab980, {{130.0, 488.0}, {120.0, 48.0}}
                              Other, 0x1066abac0, {{135.0, 497.0}, {110.0, 30.0}}
                                Other, 0x1066abc00, {{135.0, 497.0}, {110.0, 30.0}}
                                  Button, 0x1066abd40, {{135.0, 497.0}, {110.0, 30.0}}, label: 'AutoFill Contact'
                                    StaticText, 0x1066abe80, {{135.0, 503.0}, {110.0, 18.0}}, label: 'AutoFill Contact'
                            Other, 0x1066b8000, {{336.0, 488.0}, {50.0, 48.0}}
                              Other, 0x1066b8140, {{341.0, 493.0}, {40.0, 38.0}}
                                Other, 0x1066b8280, {{341.0, 493.0}, {40.0, 38.0}}
                                  Button, 0x1066b83c0, {{341.0, 493.0}, {40.0, 38.0}}, label: 'Done'
          Other, 0x1066b8500, {{0.0, 546.0}, {402.0, 328.0}}, identifier: 'inputView'
      Other, 0x1066b8640, {{10.0, 256.0}, {382.0, 81.3}}, label: 'Suggested'
        Other, 0x1066b8780, {{10.0, 279.0}, {382.0, 58.3}}
          ScrollView, 0x1066b88c0, {{10.0, 279.0}, {382.0, 58.3}}
            Other, 0x1066b8a00, {{10.0, 279.0}, {483.7, 58.3}}
              Other, 0x1066b8b40, {{10.0, 279.0}, {227.7, 58.3}}, label: 'new.first@example.org'
              Other, 0x1066b8c80, {{237.7, 279.0}, {256.0, 58.3}}, label: 'alex.school@example.edu'
            Other, 0x1066b8dc0, {{359.0, 279.0}, {30.0, 58.3}}, label: 'Vertical scroll bar, 2 pages', value: 0%
              Other, 0x1066b8f00, {{386.0, 282.0}, {3.0, 52.3}}
            Other, 0x1066b9040, {{10.0, 305.2}, {382.0, 29.2}}, label: 'Horizontal scroll bar, 2 pages', value: 0%
              Other, 0x1066b9180, {{13.0, 331.3}, {297.0, 3.0}}
            Other, 0x1066b92c0, {{359.0, 279.0}, {30.0, 58.3}}, label: 'Vertical scroll bar, 2 pages', value: 0%
              Other, 0x1066b9400, {{386.0, 282.0}, {3.0, 52.3}}
            Other, 0x1066b9540, {{10.0, 305.2}, {382.0, 29.2}}, label: 'Horizontal scroll bar, 2 pages', value: 0%
              Other, 0x1066b9680, {{13.0, 331.3}, {297.0, 3.0}}
    Window, 0x1066b97c0, {{0.0, 0.0}, {402.0, 874.0}}
      Other, 0x1066b9900, {{0.0, 0.0}, {402.0, 874.0}}
        Other, 0x1066b9a40, {{0.0, 446.0}, {402.0, 428.0}}
          Other, 0x1066b9b80, {{0.0, 446.0}, {402.0, 100.0}}
          Other, 0x1066b9cc0, {{0.0, 546.0}, {402.0, 44.0}}, identifier: 'SystemInputAssistantView'
            Other, 0x1066b9e00, {{0.0, 546.0}, {402.0, 44.0}}
              Other, 0x1066b9f40, {{0.0, 546.0}, {402.0, 44.0}}, identifier: 'CenterPageView'
                Other, 0x1066ba080, {{0.0, -54.0}, {402.0, 1244.0}}
                  ScrollView, 0x1066ba1c0, {{0.0, 546.0}, {402.0, 44.0}}
                Other, 0x1066ba300, {{0.0, 546.0}, {402.0, 44.0}}
                  Other, 0x1066ba440, {{0.0, 546.0}, {402.0, 44.0}}
                    Other, 0x1066ba580, {{0.0, 546.0}, {402.0, 44.0}}, label: 'Typing Predictions'
                      Other, 0x1066ba6c0, {{0.0, 546.0}, {402.0, 44.0}}
                        Other, 0x1066ba800, {{0.0, 546.0}, {402.0, 44.0}}
                          Button, 0x1066ba940, {{0.0, 546.0}, {201.0, 44.0}}, label: 'Personal
new.first@example.org'
                          Button, 0x1066baa80, {{201.0, 546.0}, {201.0, 44.0}}, label: 'email
alex.school@example.edu'
          Other, 0x1066babc0, {{0.0, 546.0}, {402.0, 329.0}}
            Other, 0x1066bad00, {{0.0, 546.0}, {402.0, 329.0}}
              Other, 0x1066bae40, {{0.0, 546.0}, {402.0, 329.0}}
          Other, 0x1066baf80, {{0.0, 590.0}, {402.0, 226.0}}
            Keyboard, 0x1066bb0c0, {{0.0, 590.0}, {402.0, 226.0}}
              Other, 0x1066bb200, {{0.0, 590.0}, {402.0, 226.0}}
                Other, 0x1066bb340, {{0.0, 590.0}, {402.0, 226.0}}, identifier: 'UIKeyboardLayoutStar Preview'
                  Key, 0x1066bb480, {{0.0, 590.0}, {0.0, 0.0}}, label: 'Padding-Left'
                  Key, 0x1066bb5c0, {{0.0, 590.0}, {0.0, 0.0}}, label: 'Padding-Right'
                  Key, 0x1066bb700, {{0.0, 590.0}, {0.0, 0.0}}, label: 'Padding-Left'
                  Key, 0x1066bb840, {{0.0, 590.0}, {0.0, 0.0}}, label: 'Padding-Right'
                  Key, 0x1066bb980, {{0.0, 590.0}, {0.0, 0.0}}, label: 'Padding-Left'
                  Key, 0x1066bbac0, {{0.0, 590.0}, {0.0, 0.0}}, label: 'Padding-Right'
                  Key, 0x1066bbc00, {{4.7, 597.0}, {39.3, 54.0}}, label: 'q'
                  Key, 0x1066bbd40, {{44.0, 597.0}, {39.7, 54.0}}, label: 'w'
                  Key, 0x1066bbe80, {{83.7, 597.0}, {39.3, 54.0}}, label: 'e'
                  Key, 0x1066bc000, {{123.0, 597.0}, {39.7, 54.0}}, label: 'r'
                  Key, 0x1066bc140, {{162.7, 597.0}, {39.3, 54.0}}, label: 't'
                  Key, 0x1066bc280, {{202.0, 597.0}, {39.7, 54.0}}, label: 'y'
                  Key, 0x1066bc3c0, {{241.7, 597.0}, {39.3, 54.0}}, label: 'u'
                  Key, 0x1066bc500, {{281.0, 597.0}, {39.7, 54.0}}, label: 'i'
                  Key, 0x1066bc640, {{320.7, 597.0}, {39.3, 54.0}}, label: 'o'
                  Key, 0x1066bc780, {{360.0, 597.0}, {39.7, 54.0}}, label: 'p'
                  Key, 0x1066bc8c0, {{24.3, 651.0}, {39.3, 54.0}}, label: 'a'
                  Key, 0x1066bca00, {{63.7, 651.0}, {39.7, 54.0}}, label: 's'
                  Key, 0x1066bcb40, {{103.3, 651.0}, {39.3, 54.0}}, label: 'd'
                  Key, 0x1066bcc80, {{142.7, 651.0}, {39.7, 54.0}}, label: 'f'
                  Key, 0x1066bcdc0, {{182.3, 651.0}, {39.3, 54.0}}, label: 'g'
                  Key, 0x1066bcf00, {{221.7, 651.0}, {39.7, 54.0}}, label: 'h'
                  Key, 0x1066bd040, {{261.3, 651.0}, {39.3, 54.0}}, label: 'j'
                  Key, 0x1066bd180, {{300.7, 651.0}, {39.7, 54.0}}, label: 'k'
                  Key, 0x1066bd2c0, {{340.3, 651.0}, {39.3, 54.0}}, label: 'l'
                  Button, 0x1066bd400, {{4.7, 705.0}, {51.3, 54.0}}, identifier: 'shift', label: 'shift'
                  Key, 0x1066bd540, {{63.7, 705.0}, {39.7, 54.0}}, label: 'z'
                  Key, 0x1066bd680, {{103.3, 705.0}, {39.3, 54.0}}, label: 'x'
                  Key, 0x1066bd7c0, {{142.7, 705.0}, {39.7, 54.0}}, label: 'c'
                  Key, 0x1066bd900, {{182.3, 705.0}, {39.3, 54.0}}, label: 'v'
                  Key, 0x1066bda40, {{221.7, 705.0}, {39.7, 54.0}}, label: 'b'
                  Key, 0x1066bdb80, {{261.3, 705.0}, {39.3, 54.0}}, label: 'n'
                  Key, 0x1066bdcc0, {{300.7, 705.0}, {39.7, 54.0}}, label: 'm'
                  Key, 0x1066bde00, {{348.0, 705.0}, {51.7, 54.0}}, identifier: 'delete', label: 'delete'
                  Key, 0x1066bdf40, {{4.7, 759.0}, {98.7, 54.0}}, identifier: 'more', label: 'numbers'
                  Key, 0x1066be080, {{103.3, 759.0}, {98.7, 54.0}}, identifier: 'space', label: 'space'
                  Key, 0x1066be1c0, {{202.0, 759.0}, {49.3, 54.0}}, label: '@'
                  Key, 0x1066be300, {{251.3, 759.0}, {49.3, 54.0}}, label: '.'
                  Button, 0x1066be440, {{300.7, 759.0}, {99.0, 54.0}}, identifier: 'Go', label: 'go'
          Other, 0x1066be580, {{0.0, 590.0}, {402.0, 284.0}}
            Button, 0x1066be6c0, {{8.5, 805.7}, {68.1, 68.7}}, label: 'Emoji'
              StaticText, 0x1066be800, {{8.5, 805.7}, {0.0, 0.0}}
            Button, 0x1066be940, {{325.4, 805.4}, {68.1, 68.7}}, identifier: 'dictation', label: 'Dictate'
              StaticText, 0x1066bea80, {{325.4, 805.4}, {0.0, 0.0}}
            Button, 0x1066bebc0, {{325.4, 805.4}, {68.1, 68.7}}, identifier: 'dictation', label: 'Dictate'
              StaticText, 0x1066bed00, {{325.4, 805.4}, {0.0, 0.0}}
Path to element:
 →Application, 0x105c86e40, pid: 22720, label: 'Safari'
Query chain:
 →Find: Application 'com.apple.mobilesafari'
  Output: {
    Application, 0x1066bee40, pid: 22720, label: 'Safari'
  }

    t =     3.59s Tear Down
Test Case '-[ProbeUITests.DriverTests testScript]' passed (3.596 seconds).
Test Suite 'DriverTests' passed at 2026-09-30 23:34:23.782.
	 Executed 1 test, with 0 failures (0 unexpected) in 3.596 (3.601) seconds
Test Suite 'ProbeUITests.xctest' passed at 2026-09-30 23:34:23.782.
	 Executed 1 test, with 0 failures (0 unexpected) in 3.596 (3.601) seconds
Test Suite 'All tests' passed at 2026-09-30 23:34:23.782.
	 Executed 1 test, with 0 failures (0 unexpected) in 3.596 (3.602) seconds
2026-09-30 23:34:24.094 xcodebuild[22805:12984843] [MT] IDETestOperationsObserverDebug: 8.420 elapsed -- Testing started completed.
2026-09-30 23:34:24.094 xcodebuild[22805:12984843] [MT] IDETestOperationsObserverDebug: 0.000 sec, +0.000 sec -- start
2026-09-30 23:34:24.094 xcodebuild[22805:12984843] [MT] IDETestOperationsObserverDebug: 8.420 sec, +8.420 sec -- end

Test session results, code coverage, and logs:
	/Users/tarunyadgirkar/TarunsCode/prefill/spikes/contacts/build/Logs/Test/Test-Probe-2026.09.30_23-34-15--0700.xcresult

** TEST EXECUTE SUCCEEDED **

Testing started
