Command line invocation:
    /Applications/Xcode.app/Contents/Developer/usr/bin/xcodebuild test-without-building -project /Users/tarunyadgirkar/TarunsCode/prefill/spikes/contacts/ContactsProbe.xcodeproj -scheme Probe -destination "platform=iOS Simulator,id=A53AB330-51D0-4F6A-88C2-83EDF2CA571D" -derivedDataPath /Users/tarunyadgirkar/TarunsCode/prefill/spikes/contacts/build

2026-09-30 23:30:53.462265-0700 ProbeUITests-Runner[15789:12951696] [Default] Running tests...
    t =      nans Interface orientation changed to Portrait
Test Suite 'All tests' started at 2026-09-30 23:30:55.328.
Test Suite 'ProbeUITests.xctest' started at 2026-09-30 23:30:55.329.
Test Suite 'DriverTests' started at 2026-09-30 23:30:55.329.
Test Case '-[ProbeUITests.DriverTests testScript]' started.
    t =     0.01s Start Test at 2026-09-30 23:30:55.334
    t =     0.02s Set Up
[driver] step app com.apple.mobilesafari
    t =     0.02s Open com.apple.mobilesafari
    t =     0.02s     Activate com.apple.mobilesafari
    t =     0.06s         Wait for com.apple.mobilesafari to idle
[driver] step tapWeb Phone
    t =     0.16s Waiting 15.0s for TextField (First Match) to exist
objc[15789]: Class UIAccessibilityLoaderWebShared is implemented in both /private/var/run/com.apple.security.cryptexd/mnt/com.apple.iPhoneOS.SimulatorRuntime-v24.1.434.0.GOjTIm/Library/Developer/CoreSimulator/Profiles/Runtimes/iOS 27.0.simruntime/Contents/Resources/RuntimeRoot/System/Library/AccessibilityBundles/WebKit.axbundle/WebKit (0x10adac398) and /private/var/run/com.apple.security.cryptexd/mnt/com.apple.iPhoneOS.SimulatorRuntime-v24.1.434.0.GOjTIm/Library/Developer/CoreSimulator/Profiles/Runtimes/iOS 27.0.simruntime/Contents/Resources/RuntimeRoot/System/Library/AccessibilityBundles/WebCore.axbundle/WebCore (0x10aee4310). This may cause spurious casting failures and mysterious crashes. One of the duplicates must be removed or renamed.
    t =     1.24s     Checking `Expect predicate `existsNoRetry == 1` for object TextField (First Match)`
    t =     1.24s         Checking existence of `TextField (First Match)`
    t =     1.27s Tap TextField (First Match)
    t =     1.27s     Wait for com.apple.mobilesafari to idle
    t =     1.27s     Find the TextField (First Match)
    t =     1.30s     Check for interrupting elements affecting "Phone" TextField
    t =     1.33s     Synthesize event
    t =     1.62s     Wait for com.apple.mobilesafari to idle
[driver] step tapWeb Email
    t =     2.01s Waiting 15.0s for TextField (First Match) to exist
    t =     3.02s     Checking `Expect predicate `existsNoRetry == 1` for object TextField (First Match)`
    t =     3.02s         Checking existence of `TextField (First Match)`
    t =     3.06s Tap TextField (First Match)
    t =     3.06s     Wait for com.apple.mobilesafari to idle
    t =     3.06s     Find the TextField (First Match)
    t =     3.09s     Check for interrupting elements affecting "Email" TextField
    t =     3.12s     Synthesize event
    t =     3.41s     Wait for com.apple.mobilesafari to idle
    t =     3.74s Tear Down
Test Case '-[ProbeUITests.DriverTests testScript]' passed (3.768 seconds).
Test Suite 'DriverTests' passed at 2026-09-30 23:30:59.103.
	 Executed 1 test, with 0 failures (0 unexpected) in 3.768 (3.774) seconds
Test Suite 'ProbeUITests.xctest' passed at 2026-09-30 23:30:59.104.
	 Executed 1 test, with 0 failures (0 unexpected) in 3.768 (3.775) seconds
Test Suite 'All tests' passed at 2026-09-30 23:30:59.104.
	 Executed 1 test, with 0 failures (0 unexpected) in 3.768 (3.776) seconds
2026-09-30 23:30:59.397 xcodebuild[15782:12951512] [MT] IDETestOperationsObserverDebug: 6.816 elapsed -- Testing started completed.
2026-09-30 23:30:59.397 xcodebuild[15782:12951512] [MT] IDETestOperationsObserverDebug: 0.000 sec, +0.000 sec -- start
2026-09-30 23:30:59.397 xcodebuild[15782:12951512] [MT] IDETestOperationsObserverDebug: 6.816 sec, +6.816 sec -- end

Test session results, code coverage, and logs:
	/Users/tarunyadgirkar/TarunsCode/prefill/spikes/contacts/build/Logs/Test/Test-Probe-2026.09.30_23-30-52--0700.xcresult

** TEST EXECUTE SUCCEEDED **

Testing started
