Command line invocation:
    /Applications/Xcode.app/Contents/Developer/usr/bin/xcodebuild test-without-building -project ContactsProbe.xcodeproj -scheme Probe -destination "platform=iOS Simulator,id=A53AB330-51D0-4F6A-88C2-83EDF2CA571D" -derivedDataPath build

2026-09-30 23:23:14.897147-0700 ProbeUITests-Runner[2585:12889619] [Default] Running tests...
    t =      nans Interface orientation changed to Portrait
Test Suite 'All tests' started at 2026-09-30 23:23:17.026.
Test Suite 'ProbeUITests.xctest' started at 2026-09-30 23:23:17.026.
Test Suite 'DriverTests' started at 2026-09-30 23:23:17.027.
Test Case '-[ProbeUITests.DriverTests testScript]' started.
    t =     0.00s Start Test at 2026-09-30 23:23:17.030
    t =     0.02s Set Up
[driver] step probe request
    t =     0.03s Open com.tarunyadgirkar.prefill.spike.contacts.probe
    t =     0.03s     Launch com.tarunyadgirkar.prefill.spike.contacts.probe
2026-09-30 23:23:17.107 xcodebuild[2571:12889371] [MT] IDELaunchParametersSnapshot: debugger version lookup failed for path '<nil>': noURL
2026-09-30 23:23:17.107 xcodebuild[2571:12889371] [MT] IDELaunchParametersSnapshot: no debugger version
    t =     0.49s         Setting up automation session
objc[2585]: Class UIAccessibilityLoaderWebShared is implemented in both /private/var/run/com.apple.security.cryptexd/mnt/com.apple.iPhoneOS.SimulatorRuntime-v24.1.434.0.GOjTIm/Library/Developer/CoreSimulator/Profiles/Runtimes/iOS 27.0.simruntime/Contents/Resources/RuntimeRoot/System/Library/AccessibilityBundles/WebKit.axbundle/WebKit (0x10ad54398) and /private/var/run/com.apple.security.cryptexd/mnt/com.apple.iPhoneOS.SimulatorRuntime-v24.1.434.0.GOjTIm/Library/Developer/CoreSimulator/Profiles/Runtimes/iOS 27.0.simruntime/Contents/Resources/RuntimeRoot/System/Library/AccessibilityBundles/WebCore.axbundle/WebCore (0x10ae8c310). This may cause spurious casting failures and mysterious crashes. One of the duplicates must be removed or renamed.
    t =     2.14s         Wait for com.tarunyadgirkar.prefill.spike.contacts.probe to idle
[driver] step wait 2
[driver] step use com.apple.springboard
[driver] step tap Continue
    t =     5.59s Waiting 10.0s for Any (First Match) to exist
    t =     6.61s     Checking `Expect predicate `existsNoRetry == 1` for object Any (First Match)`
    t =     6.61s         Checking existence of `Any (First Match)`
    t =     6.66s Tap Any (First Match)
    t =     6.66s     Wait for com.apple.springboard to idle
    t =     6.67s     Find the Any (First Match)
    t =     6.70s     Check for interrupting elements affecting "Continue" Button
    t =     6.72s     Synthesize event
    t =     7.01s     Wait for com.apple.springboard to idle
[driver] step wait 4
[driver] step tap Select Contacts
    t =    11.25s Waiting 10.0s for Any (First Match) to exist
    t =    12.28s     Checking `Expect predicate `existsNoRetry == 1` for object Any (First Match)`
    t =    12.28s         Checking existence of `Any (First Match)`
    t =    12.36s Tap Any (First Match)
    t =    12.36s     Wait for com.apple.springboard to idle
    t =    12.37s     Find the Any (First Match)
    t =    12.53s     Check for interrupting elements affecting "Select Contacts" Button
    t =    12.60s     Synthesize event
    t =    13.01s     Wait for com.apple.springboard to idle
[driver] step wait 4
[driver] step dump 
    t =    17.02s Requesting snapshot of accessibility hierarchy for app with pid 84202
    t =    17.34s Requesting snapshot of accessibility hierarchy for app with pid 84202
[driver] tree
Attributes: Application, 0x10a089a40, pid: 84202, label: ' '
Element subtree:
 →Application, 0x10a089a40, pid: 84202, label: ' '
    Window, 0x10a08b0c0, {{0.0, 0.0}, {402.0, 874.0}}
      Other, 0x10a08ae40, {{0.0, 0.0}, {402.0, 874.0}}
    Window, 0x10a08ad00, {{0.0, 0.0}, {402.0, 874.0}}
      Other, 0x10a08af80, {{0.0, 0.0}, {402.0, 874.0}}
        Other, 0x10a08a940, {{0.0, 0.0}, {402.0, 874.0}}
          Other, 0x10a08abc0, {{0.0, 0.0}, {402.0, 874.0}}
          Other, 0x10a08aa80, {{0.0, 0.0}, {402.0, 874.0}}
          Other, 0x10a08a800, {{138.3, 14.0}, {125.3, 36.7}}
            Other, 0x10a089040, {{138.3, 14.0}, {125.3, 36.7}}
    Window, 0x10a08a1c0, {{0.0, 0.0}, {402.0, 874.0}}
      Other, 0x10a08a580, {{0.0, 0.0}, {402.0, 874.0}}
        Other, 0x10a08a440, {{0.0, 0.0}, {402.0, 874.0}}
          Other, 0x10a08a080, {{0.0, 0.0}, {402.0, 874.0}}
            Other, 0x10a08a300, {{138.3, 14.0}, {125.3, 36.7}}
              Other, 0x10a089e00, {{138.3, 14.0}, {125.3, 36.7}}
              Other, 0x10a089f40, {{138.3, 14.0}, {125.3, 36.7}}
                Other, 0x10a089b80, {{138.3, 14.0}, {125.3, 36.7}}
              Other, 0x10a089cc0, {{139.3, 15.0}, {123.3, 34.7}}
          Other, 0x10a089400, {{0.0, 0.0}, {402.0, 874.0}}
            Other, 0x10a089900, {{138.3, 14.0}, {125.3, 36.7}}
              Other, 0x10a08b200, {{138.3, 14.0}, {125.3, 36.7}}
            Other, 0x10a08b480, {{138.3, 14.0}, {125.3, 36.7}}
              Other, 0x10a08b340, {{139.0, 14.7}, {124.0, 35.3}}
          Other, 0x10a08b5c0, {{0.0, 0.0}, {402.0, 874.0}}
            Other, 0x10a08b700, {{138.3, 14.0}, {125.3, 36.7}}
              Other, 0x10a08b980, {{128.3, 10.0}, {145.3, 52.0}}
              Other, 0x10a08b840, {{138.3, 14.0}, {125.3, 36.7}}
                Other, 0x10a08bac0, {{138.3, 14.0}, {125.3, 36.7}}
                  Other, 0x10a08bc00, {{138.3, 14.0}, {125.3, 36.7}}
                Other, 0x10a08be80, {{138.3, 14.0}, {125.3, 36.7}}
          Other, 0x10a08bd40, {{218.0, 28.0}, {9.0, 9.0}}
    Window, 0x10a088c80, {{0.0, 0.0}, {402.0, 874.0}}
      Other, 0x10728f980, {{0.0, 0.0}, {402.0, 874.0}}
        Other, 0x10728d2c0, {{0.0, 0.0}, {402.0, 874.0}}
        Other, 0x10728fc00, {{0.0, 0.0}, {402.0, 874.0}}
        Other, 0x10728d400, {{0.0, 0.0}, {402.0, 874.0}}
    Window, 0x10728f840, {{0.0, 0.0}, {402.0, 874.0}}
      Other, 0x10728fac0, {{0.0, 0.0}, {402.0, 874.0}}
    Window, 0x10728f700, {{0.0, 0.0}, {402.0, 874.0}}, identifier: 'SBSwitcherWindow:Main'
      Other, 0x10728f340, {{0.0, 0.0}, {402.0, 874.0}}
        Other, 0x10728f0c0, {{0.0, 0.0}, {402.0, 874.0}}
          Other, 0x10728f5c0, {{0.0, 0.0}, {402.0, 874.0}}
            Other, 0x10aac4000, {{0.0, 0.0}, {402.0, 874.0}}
              ScrollView, 0x10aac4140, {{0.0, 0.0}, {402.0, 874.0}}
              Other, 0x10aac4280, {{0.0, 0.0}, {402.0, 874.0}}, identifier: 'AppSwitcherContentView'
                Other, 0x10aac43c0, {{0.0, 0.0}, {402.0, 874.0}}
                  Other, 0x10aac4500, {{0.0, 0.0}, {402.0, 874.0}}
                    Other, 0x10aac4640, {{0.0, 0.0}, {402.0, 874.0}}
                Other, 0x10aac4780, {{0.0, 0.0}, {402.0, 874.0}}, identifier: 'card:com.tarunyadgirkar.prefill.spike.contacts.probe:sceneID:com.tarunyadgirkar.prefill.spike.contacts.probe-CFE98414-B93E-4DEA-A003-C9F5242856EB', label: 'Probe'
                  Other, 0x10aac48c0, {{0.0, 0.0}, {402.0, 874.0}}
                    Other, 0x10aac4a00, {{0.0, 0.0}, {402.0, 874.0}}
                      Other, 0x10aac4b40, {{0.0, 0.0}, {402.0, 874.0}}
                        Other, 0x10aac4c80, {{0.0, 0.0}, {402.0, 874.0}}
                          Other, 0x10aac4dc0, {{0.0, 0.0}, {402.0, 874.0}}
                            ScrollView, 0x10aac4f00, {{0.0, -437.0}, {402.0, 1311.0}}
                              Other, 0x10aac5040, {{0.0, 0.0}, {402.0, 874.0}}
                                Other, 0x10aac5180, {{0.0, 0.0}, {402.0, 874.0}}
                                  Other, 0x10aac52c0, {{0.0, 0.0}, {402.0, 874.0}}
                                    Other, 0x10aac5400, {{0.0, 0.0}, {402.0, 874.0}}
                                      Other, 0x10aac5540, {{0.0, 0.0}, {402.0, 874.0}}
                                        Other, 0x10aac5680, {{0.0, 0.0}, {402.0, 874.0}}
                                          Other, 0x10aac57c0, {{0.0, 0.0}, {402.0, 874.0}}
                                            Other, 0x10aac5900, {{0.0, 0.0}, {402.0, 874.0}}
                                              Other, 0x10aac5a40, {{0.0, 0.0}, {402.0, 874.0}}
                                                StatusBar, 0x10aac5b80, {{0.0, 0.0}, {402.0, 54.0}}
                                                  Other, 0x10aac5cc0, {{0.0, 0.0}, {402.0, 54.0}}
                                                    Other, 0x10aac5e00, {{0.0, 0.0}, {402.0, 54.0}}
                                                      StaticText, 0x10aac5f40, {{51.7, 21.7}, {44.7, 21.7}}, label: '11:23 PM'
                                                      Other, 0x10aac6080, {{55.7, 14.3}, {36.7, 36.7}}
                                                      Other, 0x10aac61c0, {{309.0, 14.3}, {36.7, 36.7}}
                                                      Other, 0x10aac6300, {{284.7, 25.0}, {20.3, 13.7}}, label: 'Cellular', value: No signal
                                                      Other, 0x10aac6440, {{314.0, 26.0}, {17.7, 12.7}}, identifier: '3 of 3 Wi-Fi bars', value: SSID, 3 of 3 Wi-Fi...
                                                        Image, 0x10aac6580, {{311.3, 23.7}, {23.0, 17.7}}, identifier: 'wifi', label: 'Wi-Fi'
                                                      Other, 0x10aac66c0, {{340.7, 25.3}, {29.0, 13.7}}, label: '100% battery power', value: Not charging
                                          Other, 0x10aac6800, {{0.0, 0.0}, {402.0, 874.0}}
                                            Other, 0x10aac6940, {{0.0, 0.0}, {402.0, 874.0}}
                                              Other, 0x10aac6a80, {{0.0, 0.0}, {402.0, 874.0}}
                                            Other, 0x10aac6bc0, {{0.0, 0.0}, {402.0, 874.0}}
                                              Other, 0x10aac6d00, {{0.0, 0.0}, {402.0, 874.0}}
                                                Other, 0x10aac6e40, {{0.0, 0.0}, {402.0, 874.0}}
                                                  Other, 0x10aac6f80, {{0.0, 0.0}, {402.0, 874.0}}
                                                    Other, 0x10aac70c0, {{0.0, 0.0}, {402.0, 874.0}}
                                                    Other, 0x10aac7200, {{0.0, 0.0}, {402.0, 874.0}}
                                                      Other, 0x10aac7340, {{0.0, 0.0}, {402.0, 874.0}}
                                                        Other, 0x10aac7480, {{0.0, 0.0}, {402.0, 874.0}}
                                                          Other, 0x10aac75c0, {{0.0, 0.0}, {402.0, 874.0}}
                                                            Other, 0x10aac7700, {{0.0, 0.0}, {402.0, 874.0}}
                                                              Other, 0x10aac7840, {{0.0, 0.0}, {402.0, 874.0}}
                                                                Other, 0x10aac7980, {{0.0, 0.0}, {402.0, 874.0}}
                                                                  Other, 0x10aac7ac0, {{0.0, 0.0}, {402.0, 874.0}}
                                                                    Other, 0x10aac7c00, {{0.0, 0.0}, {402.0, 874.0}}
                                                                      Other, 0x10aac7d40, {{-402.0, -874.0}, {1206.0, 2622.0}}
                                                                      Other, 0x10aac7e80, {{0.0, 62.0}, {402.0, 812.0}}
                                                                        Other, 0x10aaf4000, {{0.0, 62.0}, {402.0, 812.0}}
                                                                          Other, 0x10aaf4140, {{0.0, 62.0}, {402.0, 812.0}}
                                                                            Other, 0x10aaf4280, {{0.0, 62.0}, {402.0, 812.0}}
                                                                              Other, 0x10aaf43c0, {{0.0, 62.0}, {402.0, 812.0}}
                                                                                Other, 0x10aaf4500, {{0.0, 62.0}, {402.0, 29.7}}
                                                                                  Button, 0x10aaf4640, {{20.0, 65.0}, {362.0, 29.7}}, label: 'Select Contacts'
                                                                                    StaticText, 0x10aaf4780, {{152.7, 72.0}, {96.3, 15.7}}, label: 'Select Contacts'
                                                                                Other, 0x10aaf48c0, {{0.0, 62.0}, {402.0, 812.0}}
                                                                                  Other, 0x10aaf4a00, {{0.0, 62.0}, {402.0, 812.0}}
                                                                                    Other, 0x10aaf4b40, {{0.0, 62.0}, {402.0, 812.0}}
                                                                                      NavigationBar, 0x10aaf4c80, {{0.0, 78.0}, {402.0, 142.0}}, identifier: 'Contacts'
                                                                                        Button, 0x10aaf4dc0, {{16.0, 112.0}, {44.0, 44.0}}, identifier: 'BackButton', label: 'Back'
                                                                                        StaticText, 0x10aaf4f00, {{164.7, 123.7}, {72.3, 20.7}}, label: 'Contacts'
                                                                                        SearchField, 0x10aaf5040, {{16.0, 166.0}, {370.0, 44.0}}, label: 'Search', placeholderValue: 'Search'
                                                                                          Button, 0x10aaf5180, {{352.7, 177.0}, {17.3, 22.0}}, identifier: 'Dictate', label: 'Dictate'
                                                                                          Image, 0x10aaf52c0, {{28.0, 178.0}, {20.7, 19.3}}, identifier: 'magnifyingglass', label: 'Search'
                                                                                          Button, 0x10aaf5400, {{352.7, 177.0}, {17.3, 22.0}}, identifier: 'Dictate', label: 'Dictate'
                                                                                      Other, 0x10aaf5540, {{0.0, 62.0}, {402.0, 812.0}}
                                                                                        Other, 0x10aaf5680, {{0.0, 62.0}, {402.0, 812.0}}
                                                                                          Other, 0x10aaf57c0, {{0.0, 62.0}, {402.0, 812.0}}, identifier: 'ContactsListView'
                                                                                            CollectionView, 0x10aaf5900, {{0.0, 62.0}, {402.0, 812.0}}
                                                                                              Other, 0x10aaf5a40, {{-2.0, -1404.0}, {420.0, 1727.0}}
                                                                                              Other, 0x10aaf5b80, {{0.0, 62.0}, {402.0, 812.0}}
                                                                                                Other, 0x10aaf5cc0, {{0.0, 62.0}, {402.0, 198.0}}
                                                                                                Other, 0x10aaf5e00, {{0.0, 676.0}, {402.0, 198.0}}
                                                                                              Other, 0x10aaf5f40, {{0.0, 62.0}, {402.0, 812.0}}
                                                                                                Other, 0x10aaf6080, {{0.0, 676.0}, {402.0, 198.0}}
                                                                                              Cell, 0x10aaf61c0, {{0.0, 220.0}, {402.0, 38.0}}, label: 'a'
                                                                                                Other, 0x10aaf6300, {{0.0, 220.0}, {402.0, 38.0}}
                                                                                                Other, 0x10aaf6440, {{0.0, 220.0}, {402.0, 38.0}}
                                                                                                  StaticText, 0x10aaf6580, {{18.0, 230.0}, {10.0, 18.0}}, label: 'A'
                                                                                              Other, 0x10aaf66c0, {{387.0, 220.0}, {15.0, 462.0}}, label: 'Section index'
                                                                                              Cell, 0x10aaf6800, {{2.0, 258.0}, {384.0, 65.0}}, label: 'John Appleseed'
                                                                                                Other, 0x10aaf6940, {{2.0, 258.0}, {384.0, 65.0}}
                                                                                                Other, 0x10aaf6a80, {{58.0, 258.0}, {45.0, 65.0}}
                                                                                                  Button, 0x10aaf6bc0, {{58.0, 268.0}, {45.0, 45.0}}, label: 'Contact photo for John Appleseed'
                                                                                                    Image, 0x10aaf6d00, {{58.0, 268.0}, {45.0, 45.0}}
                                                                                                Other, 0x10aaf6e40, {{103.0, 258.0}, {283.0, 65.0}}
                                                                                                  StaticText, 0x10aaf6f80, {{113.0, 281.0}, {122.0, 19.3}}, label: 'John Appleseed'
                                                                                                Other, 0x10aaf70c0, {{17.2, 277.3}, {25.7, 25.7}}, label: 'John Appleseed', Disabled
                                                                                                  Image, 0x10aaf7200, {{17.2, 277.3}, {25.7, 25.7}}, identifier: 'circle', label: 'Circle'
                                                                                              Other, 0x10aaf7340, {{18.0, 258.0}, {368.0, 1.0}}
                                                                                              Other, 0x10aaf7480, {{-2.0, 323.0}, {420.0, 103.0}}
                                                                                              Cell, 0x10aaf75c0, {{0.0, 323.0}, {402.0, 38.0}}, label: 'b'
                                                                                                Other, 0x10aaf7700, {{0.0, 323.0}, {402.0, 38.0}}
                                                                                                Other, 0x10aaf7840, {{0.0, 323.0}, {402.0, 38.0}}
                                                                                                  StaticText, 0x10aaf7980, {{18.0, 333.0}, {9.7, 18.0}}, label: 'B'
                                                                                              Cell, 0x10aaf7ac0, {{2.0, 361.0}, {384.0, 65.0}}, label: 'Kate Bell, Creative Consulting'
                                                                                                Other, 0x10aaf7c00, {{2.0, 361.0}, {384.0, 65.0}}
                                                                                                Other, 0x10aaf7d40, {{58.0, 361.0}, {45.0, 65.0}}
                                                                                                  Button, 0x10aaf7e80, {{58.0, 371.0}, {45.0, 45.0}}, label: 'Contact photo for Kate Bell'
                                                                                                    Image, 0x10ab14000, {{58.0, 371.0}, {45.0, 45.0}}
                                                                                                Other, 0x10ab14140, {{103.0, 361.0}, {283.0, 65.0}}
                                                                                                  StaticText, 0x10ab14280, {{113.0, 373.0}, {66.7, 19.3}}, label: 'Kate Bell'
                                                                                                  StaticText, 0x10ab143c0, {{113.0, 396.3}, {134.3, 18.0}}, label: 'Creative Consulting'
                                                                                                Other, 0x10ab14500, {{17.2, 380.3}, {25.7, 25.7}}, label: 'Kate Bell, Creative Consulting', Disabled
                                                                                                  Image, 0x10ab14640, {{17.2, 380.3}, {25.7, 25.7}}, identifier: 'circle', label: 'Circle'
                                                                                              Other, 0x10ab14780, {{18.0, 361.0}, {368.0, 1.0}}
                                                                                              Other, 0x10ab148c0, {{-2.0, 426.0}, {420.0, 168.0}}
                                                                                              Cell, 0x10ab14a00, {{0.0, 426.0}, {402.0, 38.0}}, label: 'h'
                                                                                                Other, 0x10ab14b40, {{0.0, 426.0}, {402.0, 38.0}}
                                                                                                Other, 0x10ab14c80, {{0.0, 426.0}, {402.0, 38.0}}
                                                                                                  StaticText, 0x10ab14dc0, {{18.0, 436.0}, {11.0, 18.0}}, label: 'H'
                                                                                              Cell, 0x10ab14f00, {{2.0, 464.0}, {384.0, 65.0}}, label: 'Anna Haro'
                                                                                                Other, 0x10ab15040, {{2.0, 464.0}, {384.0, 65.0}}
                                                                                                Other, 0x10ab15180, {{58.0, 464.0}, {45.0, 65.0}}
                                                                                                  Button, 0x10ab152c0, {{58.0, 474.0}, {45.0, 45.0}}, label: 'Contact photo for Anna Haro'
                                                                                                    Image, 0x10ab15400, {{58.0, 474.0}, {45.0, 45.0}}
                                                                                                Other, 0x10ab15540, {{103.0, 464.0}, {283.0, 65.0}}
                                                                                                  StaticText, 0x10ab15680, {{113.0, 487.0}, {79.3, 19.3}}, label: 'Anna Haro'
                                                                                                Other, 0x10ab157c0, {{17.2, 483.3}, {25.7, 25.7}}, label: 'Anna Haro', Disabled
                                                                                                  Image, 0x10ab15900, {{17.2, 483.3}, {25.7, 25.7}}, identifier: 'circle', label: 'Circle'
                                                                                              Other, 0x10ab15a40, {{18.0, 464.0}, {368.0, 1.0}}
                                                                                              Cell, 0x10ab15b80, {{2.0, 529.0}, {384.0, 65.0}}, label: 'Daniel Higgins Jr.'
                                                                                                Other, 0x10ab15cc0, {{2.0, 529.0}, {384.0, 65.0}}
                                                                                                Other, 0x10ab15e00, {{58.0, 529.0}, {45.0, 65.0}}
                                                                                                  Button, 0x10ab15f40, {{58.0, 539.0}, {45.0, 45.0}}, label: 'Contact photo for Daniel Higgins Jr.'
                                                                                                    Image, 0x10ab16080, {{58.0, 539.0}, {45.0, 45.0}}
                                                                                                Other, 0x10ab161c0, {{103.0, 529.0}, {283.0, 65.0}}
                                                                                                  StaticText, 0x10ab16300, {{113.0, 552.0}, {132.0, 19.3}}, label: 'Daniel Higgins Jr.'
                                                                                                Other, 0x10ab16440, {{17.2, 548.3}, {25.7, 25.7}}, label: 'Daniel Higgins Jr.', Disabled
                                                                                                  Image, 0x10ab16580, {{17.2, 548.3}, {25.7, 25.7}}, identifier: 'circle', label: 'Circle'
                                                                                              Other, 0x10ab166c0, {{113.0, 528.0}, {273.0, 1.0}}
                                                                                              Other, 0x10ab16800, {{-2.0, 594.0}, {420.0, 103.0}}
                                                                                              Cell, 0x10ab16940, {{0.0, 594.0}, {402.0, 38.0}}, label: 'r'
                                                                                                Other, 0x10ab16a80, {{0.0, 594.0}, {402.0, 38.0}}
                                                                                                Other, 0x10ab16bc0, {{0.0, 594.0}, {402.0, 38.0}}
                                                                                                  StaticText, 0x10ab16d00, {{18.0, 604.0}, {9.7, 18.0}}, label: 'R'
                                                                                              StaticText, 0x10ab16e40, {{2.0, 632.0}, {384.0, 65.0}}, label: 'Alex Rivera, Prefill Test Co', value: me
                                                                                                Other, 0x10ab16f80, {{2.0, 632.0}, {384.0, 65.0}}
                                                                                                Other, 0x10ab170c0, {{58.0, 632.0}, {45.0, 65.0}}
                                                                                                  Button, 0x10ab17200, {{58.0, 642.0}, {45.0, 45.0}}, label: 'Contact photo for Alex Rivera'
                                                                                                    Image, 0x10ab17340, {{58.0, 642.0}, {45.0, 45.0}}
                                                                                                Other, 0x10ab17480, {{103.0, 632.0}, {243.3, 65.0}}
                                                                                                  StaticText, 0x10ab175c0, {{113.0, 644.0}, {84.0, 19.3}}, label: 'Alex Rivera'
                                                                                                  StaticText, 0x10ab17700, {{113.0, 667.3}, {95.0, 18.0}}, label: 'Prefill Test Co'
                                                                                                Other, 0x10ab17840, {{17.2, 651.3}, {25.7, 25.7}}, label: 'Alex Rivera, Prefill Test Co', Disabled
                                                                                                  Image, 0x10ab17980, {{17.2, 651.3}, {25.7, 25.7}}, identifier: 'circle', label: 'Circle'
                                                                                                StaticText, 0x10ab17ac0, {{346.3, 654.0}, {23.7, 20.3}}, label: 'me'
                                                                                              Other, 0x10ab17c00, {{18.0, 632.0}, {368.0, 1.0}}
                                                                                              Other, 0x10ab17d40, {{-2.0, 697.0}, {420.0, 103.0}}
                                                                                              Cell, 0x10ab17e80, {{0.0, 697.0}, {402.0, 38.0}}, label: 't'
                                                                                                Other, 0x10abb8000, {{0.0, 697.0}, {402.0, 38.0}}
                                                                                                Other, 0x10abb8140, {{0.0, 697.0}, {402.0, 38.0}}
                                                                                                  StaticText, 0x10abb8280, {{18.0, 707.0}, {9.3, 18.0}}, label: 'T'
                                                                                              Cell, 0x10abb83c0, {{2.0, 735.0}, {384.0, 65.0}}, label: 'David Taylor'
                                                                                                Other, 0x10abb8500, {{2.0, 735.0}, {384.0, 65.0}}
                                                                                                Other, 0x10abb8640, {{58.0, 735.0}, {45.0, 65.0}}
                                                                                                  Button, 0x10abb8780, {{58.0, 745.0}, {45.0, 45.0}}, label: 'Contact photo for David Taylor'
                                                                                                    Image, 0x10abb88c0, {{58.0, 745.0}, {45.0, 45.0}}
                                                                                                Other, 0x10abb8a00, {{103.0, 735.0}, {283.0, 65.0}}
                                                                                                  StaticText, 0x10abb8b40, {{113.0, 758.0}, {93.0, 19.3}}, label: 'David Taylor'
                                                                                                Other, 0x10abb8c80, {{17.2, 754.3}, {25.7, 25.7}}, label: 'David Taylor', Disabled
                                                                                                  Image, 0x10abb8dc0, {{17.2, 754.3}, {25.7, 25.7}}, identifier: 'circle', label: 'Circle'
                                                                                              Other, 0x10abb8f00, {{18.0, 735.0}, {368.0, 1.0}}
                                                                                              Other, 0x10abb9040, {{-2.0, 800.0}, {420.0, 1727.0}}
                                                                                              Cell, 0x10abb9180, {{0.0, 800.0}, {402.0, 38.0}}, label: 'z'
                                                                                                Other, 0x10abb92c0, {{0.0, 800.0}, {402.0, 38.0}}
                                                                                                Other, 0x10abb9400, {{0.0, 800.0}, {402.0, 38.0}}
                                                                                                  StaticText, 0x10abb9540, {{18.0, 810.0}, {10.0, 18.0}}, label: 'Z'
                                                                                              Cell, 0x10abb9680, {{2.0, 838.0}, {384.0, 65.0}}, label: 'Hank M. Zakroff, Financial Services Inc.'
                                                                                                Other, 0x10abb97c0, {{2.0, 838.0}, {384.0, 65.0}}
                                                                                                Other, 0x10abb9900, {{58.0, 838.0}, {45.0, 65.0}}
                                                                                                  Button, 0x10abb9a40, {{58.0, 848.0}, {45.0, 45.0}}, label: 'Contact photo for Hank M. Zakroff'
                                                                                                    Image, 0x10abb9b80, {{58.0, 848.0}, {45.0, 45.0}}
                                                                                                Other, 0x10abb9cc0, {{103.0, 838.0}, {283.0, 65.0}}
                                                                                                  StaticText, 0x10abb9e00, {{113.0, 850.0}, {122.0, 19.3}}, label: 'Hank M. Zakroff'
                                                                                                  StaticText, 0x10abb9f40, {{113.0, 873.3}, {151.7, 18.0}}, label: 'Financial Services Inc.'
                                                                                                Other, 0x10abba080, {{17.2, 857.3}, {25.7, 25.7}}, label: 'Hank M. Zakroff, Financial Services Inc.', Disabled
                                                                                                  Image, 0x10abba1c0, {{17.2, 857.3}, {25.7, 25.7}}, identifier: 'circle', label: 'Circle'
                                                                                              Other, 0x10abba300, {{18.0, 838.0}, {368.0, 1.0}}
                                                                                              Other, 0x10abba440, {{62.0, 841.0}, {278.0, 30.0}}, label: 'Horizontal scroll bar, 1 page', value: 0%
                                                                                                Other, 0x10abba580, {{334.3, 868.0}, {7.0, 3.0}}
                                                                                              Other, 0x10abba6c0, {{62.0, 841.0}, {278.0, 30.0}}, label: 'Horizontal scroll bar, 1 page', value: 0%
                                                                                                Other, 0x10abba800, {{334.3, 868.0}, {7.0, 3.0}}
                                                                                      Toolbar, 0x10abba940, {{0.0, 62.0}, {402.0, 812.0}}, identifier: 'Toolbar', label: 'Toolbar'
                                                                                        Other, 0x10abbaa80, {{0.0, 62.0}, {402.0, 812.0}}
                                                                                Other, 0x10abbabc0, {{0.0, 716.0}, {402.0, 158.0}}
                                                                                  Button, 0x10abbad00, {{28.0, 734.0}, {346.0, 52.0}}, label: 'Continue', Disabled
                                                                                    StaticText, 0x10abbae40, {{163.0, 749.0}, {76.0, 21.7}}, label: 'Continue'
                                                                                  Button, 0x10abbaf80, {{28.0, 790.0}, {346.0, 52.0}}, label: 'Select Contacts Later'
                                                                                    StaticText, 0x10abbb0c0, {{110.3, 805.0}, {181.3, 21.7}}, label: 'Select Contacts Later'
                                                    Other, 0x10abbb200, {{0.0, 0.0}, {402.0, 874.0}}
                                  Other, 0x10abbb340, {{0.0, 0.0}, {402.0, 874.0}}
                                  Other, 0x10abbb480, {{0.0, 0.0}, {402.0, 874.0}}
                Other, 0x10abbb5c0, {{0.0, 0.0}, {402.0, 874.0}}
                  Other, 0x10abbb700, {{0.0, 0.0}, {402.0, 874.0}}
                    Other, 0x10abbb840, {{0.0, 0.0}, {402.0, 874.0}}
                      Other, 0x10abbb980, {{0.0, 0.0}, {402.0, 874.0}}
                        Other, 0x10abbbac0, {{0.0, 0.0}, {402.0, 874.0}}, identifier: 'Home Grabber'
                          Other, 0x10abbbc00, {{129.0, 861.0}, {144.0, 5.0}}
                            Other, 0x10abbbd40, {{129.0, 861.0}, {144.0, 5.0}}
                              Other, 0x10abbbe80, {{129.0, 861.0}, {144.0, 5.0}}
                                Other, 0x10abc8000, {{129.0, 861.0}, {144.0, 5.0}}
    Window, 0x10abc8140, {{0.0, 0.0}, {402.0, 874.0}}
      Other, 0x10abc8280, {{0.0, 0.0}, {402.0, 874.0}}
        Other, 0x10abc83c0, {{0.0, 0.0}, {402.0, 874.0}}
    Window, 0x10abc8500, {{0.0, 0.0}, {402.0, 874.0}}
      Other, 0x10abc8640, {{0.0, 0.0}, {402.0, 874.0}}
        Other, 0x10abc8780, {{0.0, 0.0}, {402.0, 874.0}}
    Window, 0x10abc88c0, {{0.0, 0.0}, {134.0, 291.3}}
      Other, 0x10abc8a00, {{0.0, 0.0}, {134.0, 291.3}}
        Other, 0x10abc8b40, {{0.0, 0.0}, {134.0, 291.3}}
    Window, 0x10abc8c80, {{0.0, 0.0}, {402.0, 874.0}}
      Other, 0x10abc8dc0, {{0.0, 0.0}, {402.0, 874.0}}
        Other, 0x10abc8f00, {{0.0, 0.0}, {402.0, 874.0}}
    Window (Main), 0x10abc9040, {{0.0, 0.0}, {402.0, 874.0}}
      Other, 0x10abc9180, {{138.3, 14.0}, {125.3, 36.7}}
    Window, 0x10abc92c0, {{0.0, 0.0}, {402.0, 874.0}}
      StatusBar, 0x10abc9400, {{0.0, 0.0}, {402.0, 54.0}}
    Window, 0x10abc9540, {{0.0, 0.0}, {402.0, 874.0}}
      Other, 0x10abc9680, {{0.0, 0.0}, {402.0, 874.0}}
    Window, 0x10abc97c0, {{0.0, 0.0}, {402.0, 874.0}}
      Other, 0x10abc9900, {{0.0, 0.0}, {402.0, 874.0}}
Path to element:
 →Application, 0x10a089a40, pid: 84202, label: ' '
Query chain:
 →Find: Application 'com.apple.springboard'
  Output: {
    Application, 0x10abc9a40, pid: 84202, label: ' '
  }

[driver] step wait 40
2026-09-30 23:24:12.892346-0700 ProbeUITests-Runner[3428:12895379] [Default] Running tests...
    t =      nans Interface orientation changed to Portrait

Restarting after unexpected exit, crash, or test timeout; summary will include totals from previous launches.

Test Suite 'Selected tests' started at 2026-09-30 23:24:14.735.
Test Suite 'ProbeUITests.xctest' started at 2026-09-30 23:24:14.735.
Test Suite 'DriverTests' started at 2026-09-30 23:24:14.736.
Test Suite 'DriverTests' passed at 2026-09-30 23:24:14.736.
	 Executed 0 tests, with 0 failures (0 unexpected) in 0.000 (0.000) seconds
Test Suite 'ProbeUITests.xctest' passed at 2026-09-30 23:24:14.736.
	 Executed 0 tests, with 0 failures (0 unexpected) in 0.000 (0.001) seconds
Test Suite 'Selected tests' passed at 2026-09-30 23:24:14.736.
	 Executed 0 tests, with 0 failures (0 unexpected) in 0.000 (0.001) seconds
** BUILD INTERRUPTED **
