Command line invocation:
    /Applications/Xcode.app/Contents/Developer/usr/bin/xcodebuild test-without-building -project ContactsProbe.xcodeproj -scheme Probe -destination "platform=iOS Simulator,id=A53AB330-51D0-4F6A-88C2-83EDF2CA571D" -derivedDataPath build

2026-09-30 23:35:19.947482-0700 ProbeUITests-Runner[25477:12995150] [Default] Running tests...
    t =      nans Interface orientation changed to Portrait
Test Suite 'All tests' started at 2026-09-30 23:35:22.805.
Test Suite 'ProbeUITests.xctest' started at 2026-09-30 23:35:22.806.
Test Suite 'DriverTests' started at 2026-09-30 23:35:22.806.
Test Case '-[ProbeUITests.DriverTests testScript]' started.
    t =     0.00s Start Test at 2026-09-30 23:35:22.809
    t =     0.03s Set Up
[driver] step app com.apple.mobilesafari
    t =     0.04s Open com.apple.mobilesafari
    t =     0.04s     Activate com.apple.mobilesafari
    t =     0.05s         Wait for com.apple.mobilesafari to idle
[driver] step tapWeb Email
    t =     0.08s Waiting 15.0s for TextField (First Match) to exist
objc[25477]: Class UIAccessibilityLoaderWebShared is implemented in both /private/var/run/com.apple.security.cryptexd/mnt/com.apple.iPhoneOS.SimulatorRuntime-v24.1.434.0.GOjTIm/Library/Developer/CoreSimulator/Profiles/Runtimes/iOS 27.0.simruntime/Contents/Resources/RuntimeRoot/System/Library/AccessibilityBundles/WebKit.axbundle/WebKit (0x105a30398) and /private/var/run/com.apple.security.cryptexd/mnt/com.apple.iPhoneOS.SimulatorRuntime-v24.1.434.0.GOjTIm/Library/Developer/CoreSimulator/Profiles/Runtimes/iOS 27.0.simruntime/Contents/Resources/RuntimeRoot/System/Library/AccessibilityBundles/WebCore.axbundle/WebCore (0x1063bc310). This may cause spurious casting failures and mysterious crashes. One of the duplicates must be removed or renamed.
    t =     1.11s     Checking `Expect predicate `existsNoRetry == 1` for object TextField (First Match)`
    t =     1.11s         Checking existence of `TextField (First Match)`
    t =     1.19s Tap TextField (First Match)
    t =     1.19s     Wait for com.apple.mobilesafari to idle
    t =     1.19s     Find the TextField (First Match)
    t =     1.21s     Check for interrupting elements affecting "Email" TextField
    t =     1.23s     Synthesize event
    t =     1.53s     Wait for com.apple.mobilesafari to idle
[driver] step wait 1
[driver] step type typed.new@example.com
    t =     3.38s Type 'typed.new@example....' into Application 'com.apple.mobilesafari'
    t =     3.38s     Wait for com.apple.mobilesafari to idle
    t =     3.38s     Find the Application 'com.apple.mobilesafari'
    t =     3.41s     Check for interrupting elements affecting "Safari" Application
    t =     3.44s     Synthesize event
    t =     4.00s     Wait for com.apple.mobilesafari to idle
[driver] step wait 1
[driver] step tap Next
    t =     5.01s Waiting 10.0s for Any (First Match) to exist
    t =     6.03s     Checking `Expect predicate `existsNoRetry == 1` for object Any (First Match)`
    t =     6.04s         Checking existence of `Any (First Match)`
    t =     6.08s Tap Any (First Match)
    t =     6.08s     Wait for com.apple.mobilesafari to idle
    t =     6.08s     Find the Any (First Match)
    t =     6.12s     Check for interrupting elements affecting "Next" Button
    t =     6.15s     Synthesize event
    t =     6.46s     Wait for com.apple.mobilesafari to idle
[driver] step wait 1
[driver] step type 4155550142
    t =     7.87s Type '4155550142' into Application 'com.apple.mobilesafari'
    t =     7.88s     Wait for com.apple.mobilesafari to idle
    t =     7.88s     Find the Application 'com.apple.mobilesafari'
    t =     7.90s     Check for interrupting elements affecting "Safari" Application
    t =     7.92s     Synthesize event
    t =     8.29s     Wait for com.apple.mobilesafari to idle
[driver] step wait 1
[driver] step tap Done
    t =     9.61s Waiting 10.0s for Any (First Match) to exist
    t =    10.64s     Checking `Expect predicate `existsNoRetry == 1` for object Any (First Match)`
    t =    10.64s         Checking existence of `Any (First Match)`
    t =    10.71s Tap Any (First Match)
    t =    10.71s     Wait for com.apple.mobilesafari to idle
    t =    10.71s     Find the Any (First Match)
    t =    10.77s     Check for interrupting elements affecting "Done" Button
    t =    10.80s     Synthesize event
    t =    11.09s     Wait for com.apple.mobilesafari to idle
[driver] step stamp filled
[driver] stamp filled 1790836534.139626
[driver] step wait 3
[driver] step tap Sign up
    t =    14.34s Waiting 10.0s for Any (First Match) to exist
    t =    15.37s     Checking `Expect predicate `existsNoRetry == 1` for object Any (First Match)`
    t =    15.37s         Checking existence of `Any (First Match)`
    t =    15.40s Tap Any (First Match)
    t =    15.40s     Wait for com.apple.mobilesafari to idle
    t =    15.41s     Find the Any (First Match)
    t =    15.43s     Check for interrupting elements affecting "Sign up" Button
    t =    15.46s     Synthesize event
    t =    15.74s     Wait for com.apple.mobilesafari to idle
[driver] step stamp submitted
[driver] stamp submitted 1790836538.672019
[driver] step wait 3
[driver] step stamp after3
[driver] stamp after3 1790836541.6754751
[driver] step dump 
    t =    18.87s Requesting snapshot of accessibility hierarchy for app with pid 25195
    t =    18.99s Requesting snapshot of accessibility hierarchy for app with pid 25195
[driver] tree
Attributes: Application, 0x106ab3340, pid: 25195, label: 'Safari'
Element subtree:
 →Application, 0x106ab3340, pid: 25195, label: 'Safari'
    Window (Main), 0x106ab3ac0, {{0.0, 0.0}, {402.0, 874.0}}
      Other, 0x106ab3c00, {{0.0, 0.0}, {402.0, 874.0}}
        Other, 0x106ab3d40, {{0.0, 0.0}, {402.0, 874.0}}
          Other, 0x106ab3e80, {{0.0, 0.0}, {402.0, 874.0}}, identifier: 'SafariWindow?View=Narrow&BarsKeptMinimized=false&UUID=E099565E-1415-4A1E-BC66-9B28868CD65D&UsingLoweredBar=true&IsSecure=false&IsTabBarAvailable=false'
            Other, 0x106ab2580, {{0.0, 0.0}, {402.0, 874.0}}
              Other, 0x106ab35c0, {{0.0, 0.0}, {402.0, 874.0}}
                Other, 0x106ab2940, {{0.0, 0.0}, {402.0, 49.0}}
                  Other, 0x106ab3980, {{0.0, 0.0}, {402.0, 49.0}}
                  Other, 0x106ab2d00, {{0.0, 0.0}, {402.0, 49.0}}
                Other, 0x106ab0000, {{0.0, 0.0}, {402.0, 62.0}}
                ScrollView, 0x106ab2800, {{0.0, 0.0}, {402.0, 874.0}}
                  Other, 0x106ab3840, {{0.0, 0.0}, {402.0, 874.0}}
                    Other, 0x106ab3700, {{0.0, 0.0}, {402.0, 102.0}}
                  Other, 0x106ab3200, {{0.0, 0.0}, {402.0, 874.0}}
                  Other, 0x106ab3480, {{0.0, 0.0}, {402.0, 874.0}}, identifier: 'TabDocument?IsLoadedUsingDesktopUserAgent=false&InReaderMode=false&UUID=E9950B04-4EE8-48F4-9E89-A2569E0D022B&IsPrivate=false&IsPageLoaded=true&WebViewProcessID=25238'
                    WebView, 0x106ab2f80, {{0.0, 0.0}, {402.0, 874.0}}, identifier: 'WebView'
                      WebView, 0x106ab1900, {{0.0, 0.0}, {402.0, 874.0}}
                        Other, 0x106ab1cc0, {{0.0, 0.0}, {402.0, 874.0}}
                          Other, 0x106ab1e00, {{0.0, 0.0}, {402.0, 89.0}}
                          Other, 0x106ab1f40, {{0.0, 736.0}, {402.0, 138.0}}
                        WebView, 0x106ab2080, {{0.0, 0.0}, {402.0, 874.0}}
                          Other, 0x106ab21c0, {{0.0, 0.0}, {402.0, 874.0}}
                            Other, 0x106ab2300, {{0.0, 0.0}, {402.0, 874.0}}
                              Other, 0x106ab2a80, {{0.0, 62.0}, {402.0, 874.0}}
                                Other, 0x106ab2440, {{0.0, 62.0}, {402.0, 714.0}}, label: 'Thanks', Focused
                                  Other, 0x106ab17c0, {{16.0, 100.0}, {370.0, 85.0}}, label: 'Thanks, you are signed up', value: 1, Focused
                                    StaticText, 0x106ab2e40, {{16.0, 100.0}, {360.0, 85.0}}, label: 'Thanks, you are signed up', value: Thanks, you are si..., Focused
                                  Other, 0x106ab30c0, {{16.0, 207.0}, {370.0, 23.0}}, Focused
                                    StaticText, 0x106ab26c0, {{16.0, 207.0}, {51.0, 23.0}}, label: 'Query:', value: Query:, Focused
                        Other, 0x106ab1b80, {{0.0, 0.0}, {402.0, 874.0}}
                          Other, 0x106ab1a40, {{0.0, 0.0}, {402.0, 89.0}}
                        Other, 0x106ab2bc0, {{369.0, 62.0}, {30.0, 750.0}}, label: 'Vertical scroll bar, 1 page', value: 0%
                          Other, 0x106ab1680, {{396.0, 65.0}, {3.0, 744.0}}
                        Other, 0x105481400, {{62.0, 841.0}, {278.0, 30.0}}, label: 'Horizontal scroll bar, 1 page', value: 0%
                          Other, 0x105481cc0, {{65.0, 868.0}, {272.0, 3.0}}
                        Other, 0x105482a80, {{369.0, 62.0}, {30.0, 750.0}}, label: 'Vertical scroll bar, 1 page', value: 0%
                          Other, 0x105482580, {{396.0, 65.0}, {3.0, 744.0}}
                        Other, 0x105482940, {{62.0, 841.0}, {278.0, 30.0}}, label: 'Horizontal scroll bar, 1 page', value: 0%
                          Other, 0x105481540, {{65.0, 868.0}, {272.0, 3.0}}
                  Other, 0x105481f40, {{62.0, 841.0}, {278.0, 30.0}}, label: 'Horizontal scroll bar, 1 page', value: 0%
                    Other, 0x105482bc0, {{334.3, 868.0}, {7.0, 3.0}}
                  Other, 0x1054826c0, {{62.0, 841.0}, {278.0, 30.0}}, label: 'Horizontal scroll bar, 1 page', value: 0%
                    Other, 0x105481a40, {{334.3, 868.0}, {7.0, 3.0}}
            Other, 0x105482440, {{0.0, 0.0}, {402.0, 874.0}}, identifier: 'CapsuleViewController'
              Other, 0x105481040, {{0.0, 776.0}, {402.0, 98.0}}
                Other, 0x105483c00, {{0.0, 776.0}, {402.0, 98.0}}
                  Other, 0x105483e80, {{0.0, 776.0}, {402.0, 98.0}}
                    Other, 0x105483980, {{0.0, 776.0}, {402.0, 98.0}}
                      Other, 0x105483ac0, {{0.0, 776.0}, {402.0, 98.0}}
                        Other, 0x105481b80, {{0.0, 776.0}, {402.0, 98.0}}
                          Other, 0x105480dc0, {{0.0, 776.0}, {402.0, 98.0}}
                      Other, 0x105483d40, {{0.0, 776.0}, {402.0, 98.0}}
                        Other, 0x1054821c0, {{0.0, 776.0}, {402.0, 98.0}}
                Other, 0x1054835c0, {{34.0, 792.0}, {48.0, 48.0}}
                  Other, 0x105482d00, {{34.0, 792.0}, {48.0, 48.0}}
                    Button, 0x105480640, {{34.0, 792.0}, {48.0, 48.0}}, identifier: 'BackButton', label: 'Back'
                Other, 0x105482e40, {{90.0, 792.0}, {222.0, 48.0}}
                  Other, 0x105482300, {{90.0, 792.0}, {222.0, 48.0}}
                    Other, 0x105483700, {{90.0, 792.0}, {222.0, 48.0}}
                      Other, 0x105483840, {{90.0, 792.0}, {222.0, 48.0}}, identifier: 'CapsuleNavigationBar?isSelected=true&isDistractionControlOverlayUp=false', Selected
                        Button, 0x105483480, {{90.0, 792.0}, {48.0, 48.0}}, identifier: 'MoreMenuButton', label: 'Page Menu'
                          StaticText, 0x105483340, {{90.0, 792.0}, {0.0, 0.0}}
                        TextField, 0x106af4000, {{168.0, 806.0}, {66.0, 20.3}}, identifier: 'TabBarItemTitle', label: 'Address', value: ‎127.0.0.1
                        Button, 0x106af4140, {{281.3, 805.7}, {17.7, 21.0}}, identifier: 'ReloadButton', label: 'refresh'
                Other, 0x106af4280, {{320.0, 792.0}, {48.0, 48.0}}
                  Other, 0x106af43c0, {{320.0, 792.0}, {48.0, 48.0}}
                    Button, 0x106af4500, {{320.0, 792.0}, {48.0, 48.0}}, identifier: 'TabOverviewButton', label: 'Tabs'
    Window, 0x106af4640, {{0.0, 0.0}, {402.0, 874.0}}
      Other, 0x106af4780, {{0.0, 0.0}, {402.0, 874.0}}
        Other, 0x106af48c0, {{0.0, 0.0}, {402.0, 874.0}}
Path to element:
 →Application, 0x106ab3340, pid: 25195, label: 'Safari'
Query chain:
 →Find: Application 'com.apple.mobilesafari'
  Output: {
    Application, 0x106af4a00, pid: 25195, label: 'Safari'
  }

[driver] step wait 8
[driver] step stamp after11
[driver] stamp after11 1790836549.8158522
[driver] step use com.apple.springboard
[driver] step dump 
    t =    27.01s Requesting snapshot of accessibility hierarchy for app with pid 84202
    t =    27.15s Requesting snapshot of accessibility hierarchy for app with pid 84202
[driver] tree
Attributes: Application, 0x105482440, pid: 84202, label: ' '
Element subtree:
 →Application, 0x105482440, pid: 84202, label: ' '
    Window, 0x105481040, {{0.0, 0.0}, {402.0, 874.0}}
      Other, 0x105482e40, {{0.0, 0.0}, {402.0, 874.0}}
    Window, 0x105482300, {{0.0, 0.0}, {402.0, 874.0}}
      Other, 0x105483700, {{0.0, 0.0}, {402.0, 874.0}}
        Other, 0x105483840, {{0.0, 0.0}, {402.0, 874.0}}
          Other, 0x105483480, {{0.0, 0.0}, {402.0, 874.0}}
          Other, 0x105483340, {{0.0, 0.0}, {402.0, 874.0}}
          Other, 0x1054835c0, {{138.3, 14.0}, {125.3, 36.7}}
            Other, 0x105482d00, {{138.3, 14.0}, {125.3, 36.7}}
    Window, 0x105480640, {{0.0, 0.0}, {402.0, 874.0}}
      Other, 0x105483c00, {{0.0, 0.0}, {402.0, 874.0}}
        Other, 0x105483e80, {{0.0, 0.0}, {402.0, 874.0}}
          Other, 0x105483980, {{0.0, 0.0}, {402.0, 874.0}}
            Other, 0x105483d40, {{138.3, 14.0}, {125.3, 36.7}}
              Other, 0x1054821c0, {{138.3, 14.0}, {125.3, 36.7}}
              Other, 0x105483ac0, {{138.3, 14.0}, {125.3, 36.7}}
                Other, 0x105481b80, {{138.3, 14.0}, {125.3, 36.7}}
              Other, 0x105480dc0, {{139.3, 15.0}, {123.3, 34.7}}
          Other, 0x1054826c0, {{0.0, 0.0}, {402.0, 874.0}}
            Other, 0x105481a40, {{138.3, 14.0}, {125.3, 36.7}}
              Other, 0x105481f40, {{138.3, 14.0}, {125.3, 36.7}}
            Other, 0x105482bc0, {{138.3, 14.0}, {125.3, 36.7}}
              Other, 0x105482940, {{139.0, 14.7}, {124.0, 35.3}}
          Other, 0x105481540, {{0.0, 0.0}, {402.0, 874.0}}
            Other, 0x105482a80, {{138.3, 14.0}, {125.3, 36.7}}
              Other, 0x105482580, {{128.3, 10.0}, {145.3, 52.0}}
              Other, 0x105481400, {{138.3, 14.0}, {125.3, 36.7}}
                Other, 0x105481cc0, {{138.3, 14.0}, {125.3, 36.7}}
                  Other, 0x105481e00, {{138.3, 14.0}, {125.3, 36.7}}
                Other, 0x105481180, {{138.3, 14.0}, {125.3, 36.7}}
          Other, 0x105482080, {{218.0, 28.0}, {9.0, 9.0}}
    Window, 0x105480780, {{0.0, 0.0}, {402.0, 874.0}}
      Other, 0x102693840, {{0.0, 0.0}, {402.0, 874.0}}
        Other, 0x1026935c0, {{0.0, 0.0}, {402.0, 874.0}}
        Other, 0x102693c00, {{0.0, 0.0}, {402.0, 874.0}}
        Other, 0x102693d40, {{0.0, 0.0}, {402.0, 874.0}}
    Window, 0x102693ac0, {{0.0, 0.0}, {402.0, 874.0}}
      Other, 0x102691540, {{0.0, 0.0}, {402.0, 874.0}}
    Window, 0x102691400, {{0.0, 0.0}, {402.0, 874.0}}, identifier: 'SBSwitcherWindow:Main'
      Other, 0x102693980, {{0.0, 0.0}, {402.0, 874.0}}
        Other, 0x106af4000, {{0.0, 0.0}, {402.0, 874.0}}
          Other, 0x106af4140, {{0.0, 0.0}, {402.0, 874.0}}
            Other, 0x106af4280, {{0.0, 0.0}, {402.0, 874.0}}
              ScrollView, 0x106af43c0, {{0.0, 0.0}, {402.0, 874.0}}
              Other, 0x106af4500, {{0.0, 0.0}, {402.0, 874.0}}, identifier: 'AppSwitcherContentView'
                Other, 0x106af4640, {{0.0, 0.0}, {402.0, 874.0}}
                  Other, 0x106af4780, {{0.0, 0.0}, {402.0, 874.0}}
                    Other, 0x106af48c0, {{0.0, 0.0}, {402.0, 874.0}}
                Other, 0x106af4a00, {{0.0, 0.0}, {402.0, 874.0}}, identifier: 'card:com.apple.mobilesafari:sceneID:com.apple.mobilesafari-71DD3C25-4702-4D1D-8EB9-7DEF87C13EE1', label: 'Safari'
                  Other, 0x106af4b40, {{0.0, 0.0}, {402.0, 874.0}}
                    Other, 0x106af4c80, {{0.0, 0.0}, {402.0, 874.0}}
                      Other, 0x106af4dc0, {{0.0, 0.0}, {402.0, 874.0}}
                        Other, 0x106af4f00, {{0.0, 0.0}, {402.0, 874.0}}
                          Other, 0x106af5040, {{0.0, 0.0}, {402.0, 874.0}}
                            ScrollView, 0x106af5180, {{0.0, -437.0}, {402.0, 1311.0}}
                              Other, 0x106af52c0, {{0.0, 0.0}, {402.0, 874.0}}
                                Other, 0x106af5400, {{0.0, 0.0}, {402.0, 874.0}}
                                  Other, 0x106af5540, {{0.0, 0.0}, {402.0, 874.0}}
                                    Other, 0x106af5680, {{0.0, 0.0}, {402.0, 874.0}}
                                      Other, 0x106af57c0, {{0.0, 0.0}, {402.0, 874.0}}
                                        Other, 0x106af5900, {{0.0, 0.0}, {402.0, 874.0}}
                                          Other, 0x106af5a40, {{0.0, 0.0}, {402.0, 874.0}}
                                            Other, 0x106af5b80, {{0.0, 0.0}, {402.0, 874.0}}
                                              Other, 0x106af5cc0, {{0.0, 0.0}, {402.0, 874.0}}
                                                StatusBar, 0x106af5e00, {{0.0, 0.0}, {402.0, 54.0}}
                                                  Other, 0x106af5f40, {{0.0, 0.0}, {402.0, 54.0}}
                                                    Other, 0x106af6080, {{0.0, 0.0}, {402.0, 54.0}}
                                                      StaticText, 0x106af61c0, {{51.7, 21.7}, {45.0, 21.7}}, label: '11:35 PM'
                                                      Other, 0x106af6300, {{55.7, 14.3}, {36.7, 36.7}}
                                                      Other, 0x106af6440, {{309.0, 14.3}, {36.7, 36.7}}
                                                      Other, 0x106af6580, {{284.7, 25.0}, {20.3, 13.7}}, label: 'Cellular', value: No signal
                                                      Other, 0x106af66c0, {{314.0, 26.0}, {17.7, 12.7}}, identifier: '3 of 3 Wi-Fi bars', value: SSID, 3 of 3 Wi-Fi...
                                                        Image, 0x106af6800, {{311.3, 23.7}, {23.0, 17.7}}, identifier: 'wifi', label: 'Wi-Fi'
                                                      Other, 0x106af6940, {{340.7, 25.3}, {29.0, 13.7}}, label: '100% battery power', value: Not charging
                                          Other, 0x106af6a80, {{0.0, 0.0}, {402.0, 874.0}}
                                            Other, 0x106af6bc0, {{0.0, 0.0}, {402.0, 874.0}}
                                              Other, 0x106af6d00, {{0.0, 0.0}, {402.0, 874.0}}
                                  Other, 0x106af6e40, {{0.0, 0.0}, {402.0, 874.0}}
                                  Other, 0x106af6f80, {{0.0, 0.0}, {402.0, 874.0}}
                Other, 0x106af70c0, {{0.0, 0.0}, {402.0, 874.0}}
                  Other, 0x106af7200, {{0.0, 0.0}, {402.0, 874.0}}
                    Other, 0x106af7340, {{0.0, 0.0}, {402.0, 874.0}}
                      Other, 0x106af7480, {{0.0, 0.0}, {402.0, 874.0}}
    Window, 0x106af75c0, {{0.0, 0.0}, {402.0, 874.0}}
      Other, 0x106af7700, {{0.0, 0.0}, {402.0, 874.0}}
        Other, 0x106af7840, {{0.0, 0.0}, {402.0, 874.0}}
    Window, 0x106af7980, {{0.0, 0.0}, {402.0, 874.0}}
      Other, 0x106af7ac0, {{0.0, 0.0}, {402.0, 874.0}}
        Other, 0x106af7c00, {{0.0, 0.0}, {402.0, 874.0}}
    Window, 0x106af7d40, {{0.0, 0.0}, {134.0, 291.3}}
      Other, 0x106af7e80, {{0.0, 0.0}, {134.0, 291.3}}
        Other, 0x106ab0000, {{0.0, 0.0}, {134.0, 291.3}}
    Window, 0x106ab0140, {{0.0, 0.0}, {402.0, 874.0}}
      Other, 0x106ab0280, {{0.0, 0.0}, {402.0, 874.0}}
        Other, 0x106ab03c0, {{0.0, 0.0}, {402.0, 874.0}}
    Window (Main), 0x106ab0500, {{0.0, 0.0}, {402.0, 874.0}}
      Other, 0x106ab0640, {{138.3, 14.0}, {125.3, 36.7}}
    Window, 0x106ab0780, {{0.0, 0.0}, {402.0, 874.0}}
      StatusBar, 0x106ab08c0, {{0.0, 0.0}, {402.0, 54.0}}
    Window, 0x106ab0a00, {{0.0, 0.0}, {402.0, 874.0}}
      Other, 0x106ab0b40, {{0.0, 0.0}, {402.0, 874.0}}
    Window, 0x106ab0c80, {{0.0, 0.0}, {402.0, 874.0}}
      Other, 0x106ab0dc0, {{0.0, 0.0}, {402.0, 874.0}}
Path to element:
 →Application, 0x105482440, pid: 84202, label: ' '
Query chain:
 →Find: Application 'com.apple.springboard'
  Output: {
    Application, 0x106ab0f00, pid: 84202, label: ' '
  }

    t =    27.18s Tear Down
Test Case '-[ProbeUITests.DriverTests testScript]' passed (27.205 seconds).
Test Suite 'DriverTests' passed at 2026-09-30 23:35:50.015.
	 Executed 1 test, with 0 failures (0 unexpected) in 27.205 (27.209) seconds
Test Suite 'ProbeUITests.xctest' passed at 2026-09-30 23:35:50.015.
	 Executed 1 test, with 0 failures (0 unexpected) in 27.205 (27.210) seconds
Test Suite 'All tests' passed at 2026-09-30 23:35:50.016.
	 Executed 1 test, with 0 failures (0 unexpected) in 27.205 (27.210) seconds
2026-09-30 23:35:50.325 xcodebuild[25328:12994490] [MT] IDETestOperationsObserverDebug: 33.795 elapsed -- Testing started completed.
2026-09-30 23:35:50.326 xcodebuild[25328:12994490] [MT] IDETestOperationsObserverDebug: 0.000 sec, +0.000 sec -- start
2026-09-30 23:35:50.326 xcodebuild[25328:12994490] [MT] IDETestOperationsObserverDebug: 33.795 sec, +33.795 sec -- end

Test session results, code coverage, and logs:
	/Users/tarunyadgirkar/TarunsCode/prefill/spikes/contacts/build/Logs/Test/Test-Probe-2026.09.30_23-35-16--0700.xcresult

** TEST EXECUTE SUCCEEDED **

Testing started
