Command line invocation:
    /Applications/Xcode.app/Contents/Developer/usr/bin/xcodebuild test-without-building -project ContactsProbe.xcodeproj -scheme Probe -destination "platform=iOS Simulator,id=A53AB330-51D0-4F6A-88C2-83EDF2CA571D" -derivedDataPath build

2026-09-30 23:34:39.936056-0700 ProbeUITests-Runner[23738:12989243] [Default] Running tests...
    t =      nans Interface orientation changed to Portrait
Test Suite 'All tests' started at 2026-09-30 23:34:42.445.
Test Suite 'ProbeUITests.xctest' started at 2026-09-30 23:34:42.446.
Test Suite 'DriverTests' started at 2026-09-30 23:34:42.446.
Test Case '-[ProbeUITests.DriverTests testScript]' started.
    t =     0.01s Start Test at 2026-09-30 23:34:42.451
    t =     0.02s Set Up
[driver] step app com.apple.mobilesafari
    t =     0.03s Open com.apple.mobilesafari
    t =     0.03s     Activate com.apple.mobilesafari
    t =     0.04s         Wait for com.apple.mobilesafari to idle
[driver] step tapWeb Email
    t =     0.08s Waiting 15.0s for TextField (First Match) to exist
objc[23738]: Class UIAccessibilityLoaderWebShared is implemented in both /private/var/run/com.apple.security.cryptexd/mnt/com.apple.iPhoneOS.SimulatorRuntime-v24.1.434.0.GOjTIm/Library/Developer/CoreSimulator/Profiles/Runtimes/iOS 27.0.simruntime/Contents/Resources/RuntimeRoot/System/Library/AccessibilityBundles/WebKit.axbundle/WebKit (0x108290398) and /private/var/run/com.apple.security.cryptexd/mnt/com.apple.iPhoneOS.SimulatorRuntime-v24.1.434.0.GOjTIm/Library/Developer/CoreSimulator/Profiles/Runtimes/iOS 27.0.simruntime/Contents/Resources/RuntimeRoot/System/Library/AccessibilityBundles/WebCore.axbundle/WebCore (0x1083c8310). This may cause spurious casting failures and mysterious crashes. One of the duplicates must be removed or renamed.
    t =     1.08s     Checking `Expect predicate `existsNoRetry == 1` for object TextField (First Match)`
    t =     1.08s         Checking existence of `TextField (First Match)`
    t =     1.13s Tap TextField (First Match)
    t =     1.13s     Wait for com.apple.mobilesafari to idle
    t =     1.13s     Find the TextField (First Match)
    t =     1.16s     Check for interrupting elements affecting "Email" TextField
    t =     1.19s     Synthesize event
    t =     1.48s     Wait for com.apple.mobilesafari to idle
[driver] step wait 1
[driver] step type typed.new@example.com
    t =     3.18s Type 'typed.new@example....' into Application 'com.apple.mobilesafari'
    t =     3.18s     Wait for com.apple.mobilesafari to idle
    t =     3.19s     Find the Application 'com.apple.mobilesafari'
    t =     3.22s     Check for interrupting elements affecting "Safari" Application
    t =     3.25s     Synthesize event
    t =     3.88s     Wait for com.apple.mobilesafari to idle
[driver] step wait 1
[driver] step tap Next
    t =     4.88s Waiting 10.0s for Any (First Match) to exist
    t =     5.92s     Checking `Expect predicate `existsNoRetry == 1` for object Any (First Match)`
    t =     5.92s         Checking existence of `Any (First Match)`
    t =     5.98s Tap Any (First Match)
    t =     5.98s     Wait for com.apple.mobilesafari to idle
    t =     5.98s     Find the Any (First Match)
    t =     6.03s     Check for interrupting elements affecting "Next" Button
    t =     6.06s     Synthesize event
    t =     6.35s     Wait for com.apple.mobilesafari to idle
[driver] step wait 1
[driver] step type 4155550142
    t =     7.77s Type '4155550142' into Application 'com.apple.mobilesafari'
    t =     7.78s     Wait for com.apple.mobilesafari to idle
    t =     7.79s     Find the Application 'com.apple.mobilesafari'
    t =     7.82s     Check for interrupting elements affecting "Safari" Application
    t =     7.84s     Synthesize event
    t =     8.23s     Wait for com.apple.mobilesafari to idle
[driver] step wait 1
[driver] step tap Done
    t =     9.23s Waiting 10.0s for Any (First Match) to exist
    t =    10.27s     Checking `Expect predicate `existsNoRetry == 1` for object Any (First Match)`
    t =    10.27s         Checking existence of `Any (First Match)`
    t =    10.31s Tap Any (First Match)
    t =    10.31s     Wait for com.apple.mobilesafari to idle
    t =    10.31s     Find the Any (First Match)
    t =    10.35s     Check for interrupting elements affecting "Done" Button
    t =    10.38s     Synthesize event
    t =    10.66s     Wait for com.apple.mobilesafari to idle
[driver] step stamp filled
[driver] stamp filled 1790836493.339447
[driver] step wait 3
[driver] step tap Sign up
    t =    13.90s Waiting 10.0s for Any (First Match) to exist
    t =    14.94s     Checking `Expect predicate `existsNoRetry == 1` for object Any (First Match)`
    t =    14.94s         Checking existence of `Any (First Match)`
    t =    14.96s Tap Any (First Match)
    t =    14.96s     Wait for com.apple.mobilesafari to idle
    t =    14.97s     Find the Any (First Match)
    t =    14.99s     Check for interrupting elements affecting "Sign up" Button
    t =    15.02s     Synthesize event
    t =    15.31s     Wait for com.apple.mobilesafari to idle
[driver] step stamp submitted
[driver] stamp submitted 1790836497.9055982
[driver] step wait 3
[driver] step stamp after3
[driver] stamp after3 1790836500.910748
[driver] step dump 
    t =    18.47s Requesting snapshot of accessibility hierarchy for app with pid 23567
    t =    18.59s Requesting snapshot of accessibility hierarchy for app with pid 23567
[driver] tree
Attributes: Application, 0x108aaf340, pid: 23567, label: 'Safari'
Element subtree:
 →Application, 0x108aaf340, pid: 23567, label: 'Safari'
    Window (Main), 0x108aafac0, {{0.0, 0.0}, {402.0, 874.0}}
      Other, 0x108aafc00, {{0.0, 0.0}, {402.0, 874.0}}
        Other, 0x108aafd40, {{0.0, 0.0}, {402.0, 874.0}}
          Other, 0x108aafe80, {{0.0, 0.0}, {402.0, 874.0}}, identifier: 'SafariWindow?View=Narrow&BarsKeptMinimized=false&UUID=E099565E-1415-4A1E-BC66-9B28868CD65D&UsingLoweredBar=true&IsSecure=false&IsTabBarAvailable=false'
            Other, 0x108aae580, {{0.0, 0.0}, {402.0, 874.0}}
              Other, 0x108aaf980, {{0.0, 0.0}, {402.0, 874.0}}
                Other, 0x108aae800, {{0.0, 0.0}, {402.0, 49.0}}
                  Other, 0x108aaed00, {{0.0, 0.0}, {402.0, 49.0}}
                  Other, 0x108aae940, {{0.0, 0.0}, {402.0, 49.0}}
                Other, 0x108aae6c0, {{0.0, 0.0}, {402.0, 62.0}}
                ScrollView, 0x108aaf5c0, {{0.0, 0.0}, {402.0, 874.0}}
                  Other, 0x108aaf840, {{0.0, 0.0}, {402.0, 874.0}}
                    Other, 0x108aaf700, {{0.0, 0.0}, {402.0, 102.0}}
                  Other, 0x108aaf200, {{0.0, 0.0}, {402.0, 874.0}}
                  Other, 0x108aaf0c0, {{0.0, 0.0}, {402.0, 874.0}}, identifier: 'TabDocument?IsLoadedUsingDesktopUserAgent=false&InReaderMode=false&UUID=FAD3E2FC-B3C0-44B5-9F9B-50F17DD7F4E2&IsPrivate=false&IsPageLoaded=true&WebViewProcessID=23610'
                    WebView, 0x108aade00, {{0.0, 0.0}, {402.0, 874.0}}, identifier: 'WebView'
                      WebView, 0x108aae1c0, {{0.0, 0.0}, {402.0, 874.0}}
                        Other, 0x108aadf40, {{0.0, 0.0}, {402.0, 874.0}}
                          Other, 0x108aadcc0, {{0.0, 0.0}, {402.0, 89.0}}
                          Other, 0x108aae440, {{0.0, 736.0}, {402.0, 138.0}}
                        WebView, 0x108aae300, {{0.0, 0.0}, {402.0, 874.0}}
                          Other, 0x108aae080, {{0.0, 0.0}, {402.0, 874.0}}
                            Other, 0x108aaef80, {{0.0, 0.0}, {402.0, 874.0}}
                              Other, 0x108aad7c0, {{0.0, 62.0}, {402.0, 874.0}}
                                Other, 0x108aaea80, {{0.0, 62.0}, {485.0, 714.0}}, label: 'Thanks', Focused
                                  Other, 0x108aaf480, {{16.0, 100.0}, {370.0, 85.0}}, label: 'Thanks, you are signed up', value: 1, Focused
                                    StaticText, 0x108aaee40, {{16.0, 100.0}, {360.0, 85.0}}, label: 'Thanks, you are signed up', value: Thanks, you are si..., Focused
                                  Other, 0x108aad540, {{16.0, 207.0}, {469.0, 45.0}}, Focused
                                    StaticText, 0x108aad900, {{16.0, 207.0}, {469.0, 45.0}}, label: 'Query: ?name=&email=typed.new%40example.com&tel=4155550142', value: Query: ?name=&emai..., Focused
                        Other, 0x108aadb80, {{0.0, 0.0}, {402.0, 874.0}}
                          Other, 0x108aada40, {{0.0, 0.0}, {402.0, 89.0}}
                        Other, 0x108aaebc0, {{369.0, 62.0}, {30.0, 750.0}}, label: 'Vertical scroll bar, 2 pages', value: 0%
                          Other, 0x108aad680, {{396.0, 65.0}, {3.0, 744.0}}
                        Other, 0x107c85a40, {{62.0, 841.0}, {278.0, 30.0}}, label: 'Horizontal scroll bar, 2 pages', value: 0%
                          Other, 0x107c86bc0, {{65.0, 868.0}, {225.3, 3.0}}
                        Other, 0x107c85b80, {{369.0, 62.0}, {30.0, 750.0}}, label: 'Vertical scroll bar, 2 pages', value: 0%
                          Other, 0x107c86940, {{396.0, 65.0}, {3.0, 744.0}}
                        Other, 0x107c86440, {{62.0, 841.0}, {278.0, 30.0}}, label: 'Horizontal scroll bar, 2 pages', value: 0%
                          Other, 0x107c86800, {{65.0, 868.0}, {225.3, 3.0}}
                  Other, 0x107c85180, {{62.0, 841.0}, {278.0, 30.0}}, label: 'Horizontal scroll bar, 1 page', value: 0%
                    Other, 0x107c85f40, {{334.3, 868.0}, {7.0, 3.0}}
                  Other, 0x107c861c0, {{62.0, 841.0}, {278.0, 30.0}}, label: 'Horizontal scroll bar, 1 page', value: 0%
                    Other, 0x107c86a80, {{334.3, 868.0}, {7.0, 3.0}}
            Other, 0x107c86580, {{0.0, 0.0}, {402.0, 874.0}}, identifier: 'CapsuleViewController'
              Other, 0x107c87e80, {{0.0, 776.0}, {402.0, 98.0}}
                Other, 0x107c87ac0, {{0.0, 776.0}, {402.0, 98.0}}
                  Other, 0x107c87d40, {{0.0, 776.0}, {402.0, 98.0}}
                    Other, 0x107c87700, {{0.0, 776.0}, {402.0, 98.0}}
                      Other, 0x107c87c00, {{0.0, 776.0}, {402.0, 98.0}}
                        Other, 0x107c87200, {{0.0, 776.0}, {402.0, 98.0}}
                          Other, 0x107c87840, {{0.0, 776.0}, {402.0, 98.0}}
                      Other, 0x107c84c80, {{0.0, 776.0}, {402.0, 98.0}}
                        Other, 0x107c86d00, {{0.0, 776.0}, {402.0, 98.0}}
                Other, 0x107c86080, {{34.0, 792.0}, {48.0, 48.0}}
                  Other, 0x107c852c0, {{34.0, 792.0}, {48.0, 48.0}}
                    Button, 0x107c85900, {{34.0, 792.0}, {48.0, 48.0}}, identifier: 'BackButton', label: 'Back'
                Other, 0x107c86300, {{90.0, 792.0}, {222.0, 48.0}}
                  Other, 0x107c85400, {{90.0, 792.0}, {222.0, 48.0}}
                    Other, 0x107c87980, {{90.0, 792.0}, {222.0, 48.0}}
                      Other, 0x107c87480, {{90.0, 792.0}, {222.0, 48.0}}, identifier: 'CapsuleNavigationBar?isSelected=true&isDistractionControlOverlayUp=false', Selected
                        Button, 0x107c87340, {{90.0, 792.0}, {48.0, 48.0}}, identifier: 'MoreMenuButton', label: 'Page Menu'
                          StaticText, 0x107c875c0, {{90.0, 792.0}, {0.0, 0.0}}
                        TextField, 0x107c85040, {{168.0, 806.0}, {66.0, 20.3}}, identifier: 'TabBarItemTitle', label: 'Address', value: ‎127.0.0.1
                        Button, 0x108af4000, {{281.3, 805.7}, {17.7, 21.0}}, identifier: 'ReloadButton', label: 'refresh'
                Other, 0x108af4140, {{320.0, 792.0}, {48.0, 48.0}}
                  Other, 0x108af4280, {{320.0, 792.0}, {48.0, 48.0}}
                    Button, 0x108af43c0, {{320.0, 792.0}, {48.0, 48.0}}, identifier: 'TabOverviewButton', label: 'Tabs'
    Window, 0x108af4500, {{0.0, 0.0}, {402.0, 874.0}}
      Other, 0x108af4640, {{0.0, 0.0}, {402.0, 874.0}}
        Other, 0x108af4780, {{0.0, 0.0}, {402.0, 874.0}}
Path to element:
 →Application, 0x108aaf340, pid: 23567, label: 'Safari'
Query chain:
 →Find: Application 'com.apple.mobilesafari'
  Output: {
    Application, 0x108af48c0, pid: 23567, label: 'Safari'
  }

[driver] step wait 8
[driver] step stamp after11
[driver] stamp after11 1790836509.059057
[driver] step use com.apple.springboard
[driver] step dump 
    t =    26.62s Requesting snapshot of accessibility hierarchy for app with pid 84202
    t =    26.79s Requesting snapshot of accessibility hierarchy for app with pid 84202
[driver] tree
Attributes: Application, 0x107c86580, pid: 84202, label: ' '
Element subtree:
 →Application, 0x107c86580, pid: 84202, label: ' '
    Window, 0x107c87e80, {{0.0, 0.0}, {402.0, 874.0}}
      Other, 0x107c86300, {{0.0, 0.0}, {402.0, 874.0}}
    Window, 0x107c85400, {{0.0, 0.0}, {402.0, 874.0}}
      Other, 0x107c87980, {{0.0, 0.0}, {402.0, 874.0}}
        Other, 0x107c87480, {{0.0, 0.0}, {402.0, 874.0}}
          Other, 0x107c85040, {{0.0, 0.0}, {402.0, 874.0}}
          Other, 0x107c87340, {{0.0, 0.0}, {402.0, 874.0}}
          Other, 0x107c875c0, {{138.3, 14.0}, {125.3, 36.7}}
            Other, 0x107c86080, {{138.3, 14.0}, {125.3, 36.7}}
    Window, 0x107c852c0, {{0.0, 0.0}, {402.0, 874.0}}
      Other, 0x107c85900, {{0.0, 0.0}, {402.0, 874.0}}
        Other, 0x107c87ac0, {{0.0, 0.0}, {402.0, 874.0}}
          Other, 0x107c87d40, {{0.0, 0.0}, {402.0, 874.0}}
            Other, 0x107c87700, {{138.3, 14.0}, {125.3, 36.7}}
              Other, 0x107c84c80, {{138.3, 14.0}, {125.3, 36.7}}
              Other, 0x107c86d00, {{138.3, 14.0}, {125.3, 36.7}}
                Other, 0x107c87c00, {{138.3, 14.0}, {125.3, 36.7}}
              Other, 0x107c87200, {{139.3, 15.0}, {123.3, 34.7}}
          Other, 0x107c87840, {{0.0, 0.0}, {402.0, 874.0}}
            Other, 0x107c861c0, {{138.3, 14.0}, {125.3, 36.7}}
              Other, 0x107c86a80, {{138.3, 14.0}, {125.3, 36.7}}
            Other, 0x107c85180, {{138.3, 14.0}, {125.3, 36.7}}
              Other, 0x107c85f40, {{139.0, 14.7}, {124.0, 35.3}}
          Other, 0x107c86440, {{0.0, 0.0}, {402.0, 874.0}}
            Other, 0x107c86800, {{138.3, 14.0}, {125.3, 36.7}}
              Other, 0x107c85b80, {{128.3, 10.0}, {145.3, 52.0}}
              Other, 0x107c86940, {{138.3, 14.0}, {125.3, 36.7}}
                Other, 0x107c85a40, {{138.3, 14.0}, {125.3, 36.7}}
                  Other, 0x107c86bc0, {{138.3, 14.0}, {125.3, 36.7}}
                Other, 0x107c84500, {{138.3, 14.0}, {125.3, 36.7}}
          Other, 0x107c85cc0, {{218.0, 28.0}, {9.0, 9.0}}
    Window, 0x107c85e00, {{0.0, 0.0}, {402.0, 874.0}}
      Other, 0x107c84640, {{0.0, 0.0}, {402.0, 874.0}}
        Other, 0x104e93980, {{0.0, 0.0}, {402.0, 874.0}}
        Other, 0x104e93480, {{0.0, 0.0}, {402.0, 874.0}}
        Other, 0x104e93700, {{0.0, 0.0}, {402.0, 874.0}}
    Window, 0x104e93840, {{0.0, 0.0}, {402.0, 874.0}}
      Other, 0x104e93ac0, {{0.0, 0.0}, {402.0, 874.0}}
    Window, 0x104e93c00, {{0.0, 0.0}, {402.0, 874.0}}, identifier: 'SBSwitcherWindow:Main'
      Other, 0x104e912c0, {{0.0, 0.0}, {402.0, 874.0}}
        Other, 0x104e91400, {{0.0, 0.0}, {402.0, 874.0}}
          Other, 0x108af4000, {{0.0, 0.0}, {402.0, 874.0}}
            Other, 0x108af4140, {{0.0, 0.0}, {402.0, 874.0}}
              ScrollView, 0x108af4280, {{0.0, 0.0}, {402.0, 874.0}}
              Other, 0x108af43c0, {{0.0, 0.0}, {402.0, 874.0}}, identifier: 'AppSwitcherContentView'
                Other, 0x108af4500, {{0.0, 0.0}, {402.0, 874.0}}
                  Other, 0x108af4640, {{0.0, 0.0}, {402.0, 874.0}}
                    Other, 0x108af4780, {{0.0, 0.0}, {402.0, 874.0}}
                Other, 0x108af48c0, {{0.0, 0.0}, {402.0, 874.0}}, identifier: 'card:com.apple.mobilesafari:sceneID:com.apple.mobilesafari-71DD3C25-4702-4D1D-8EB9-7DEF87C13EE1', label: 'Safari'
                  Other, 0x108af4a00, {{0.0, 0.0}, {402.0, 874.0}}
                    Other, 0x108af4b40, {{0.0, 0.0}, {402.0, 874.0}}
                      Other, 0x108af4c80, {{0.0, 0.0}, {402.0, 874.0}}
                        Other, 0x108af4dc0, {{0.0, 0.0}, {402.0, 874.0}}
                          Other, 0x108af4f00, {{0.0, 0.0}, {402.0, 874.0}}
                            ScrollView, 0x108af5040, {{0.0, -437.0}, {402.0, 1311.0}}
                              Other, 0x108af5180, {{0.0, 0.0}, {402.0, 874.0}}
                                Other, 0x108af52c0, {{0.0, 0.0}, {402.0, 874.0}}
                                  Other, 0x108af5400, {{0.0, 0.0}, {402.0, 874.0}}
                                    Other, 0x108af5540, {{0.0, 0.0}, {402.0, 874.0}}
                                      Other, 0x108af5680, {{0.0, 0.0}, {402.0, 874.0}}
                                        Other, 0x108af57c0, {{0.0, 0.0}, {402.0, 874.0}}
                                          Other, 0x108af5900, {{0.0, 0.0}, {402.0, 874.0}}
                                            Other, 0x108af5a40, {{0.0, 0.0}, {402.0, 874.0}}
                                              Other, 0x108af5b80, {{0.0, 0.0}, {402.0, 874.0}}
                                                StatusBar, 0x108af5cc0, {{0.0, 0.0}, {402.0, 54.0}}
                                                  Other, 0x108af5e00, {{0.0, 0.0}, {402.0, 54.0}}
                                                    Other, 0x108af5f40, {{0.0, 0.0}, {402.0, 54.0}}
                                                      StaticText, 0x108af6080, {{51.7, 21.7}, {45.0, 21.7}}, label: '11:35 PM'
                                                      Other, 0x108af61c0, {{55.7, 14.3}, {36.7, 36.7}}
                                                      Other, 0x108af6300, {{309.0, 14.3}, {36.7, 36.7}}
                                                      Other, 0x108af6440, {{284.7, 25.0}, {20.3, 13.7}}, label: 'Cellular', value: No signal
                                                      Other, 0x108af6580, {{314.0, 26.0}, {17.7, 12.7}}, identifier: '3 of 3 Wi-Fi bars', value: SSID, 3 of 3 Wi-Fi...
                                                        Image, 0x108af66c0, {{311.3, 23.7}, {23.0, 17.7}}, identifier: 'wifi', label: 'Wi-Fi'
                                                      Other, 0x108af6800, {{340.7, 25.3}, {29.0, 13.7}}, label: '100% battery power', value: Not charging
                                          Other, 0x108af6940, {{0.0, 0.0}, {402.0, 874.0}}
                                            Other, 0x108af6a80, {{0.0, 0.0}, {402.0, 874.0}}
                                              Other, 0x108af6bc0, {{0.0, 0.0}, {402.0, 874.0}}
                                  Other, 0x108af6d00, {{0.0, 0.0}, {402.0, 874.0}}
                                  Other, 0x108af6e40, {{0.0, 0.0}, {402.0, 874.0}}
                Other, 0x108af6f80, {{0.0, 0.0}, {402.0, 874.0}}
                  Other, 0x108af70c0, {{0.0, 0.0}, {402.0, 874.0}}
                    Other, 0x108af7200, {{0.0, 0.0}, {402.0, 874.0}}
                      Other, 0x108af7340, {{0.0, 0.0}, {402.0, 874.0}}
    Window, 0x108af7480, {{0.0, 0.0}, {402.0, 874.0}}
      Other, 0x108af75c0, {{0.0, 0.0}, {402.0, 874.0}}
        Other, 0x108af7700, {{0.0, 0.0}, {402.0, 874.0}}
    Window, 0x108af7840, {{0.0, 0.0}, {402.0, 874.0}}
      Other, 0x108af7980, {{0.0, 0.0}, {402.0, 874.0}}
        Other, 0x108af7ac0, {{0.0, 0.0}, {402.0, 874.0}}
    Window, 0x108af7c00, {{0.0, 0.0}, {134.0, 291.3}}
      Other, 0x108af7d40, {{0.0, 0.0}, {134.0, 291.3}}
        Other, 0x108af7e80, {{0.0, 0.0}, {134.0, 291.3}}
    Window, 0x108aac000, {{0.0, 0.0}, {402.0, 874.0}}
      Other, 0x108aac140, {{0.0, 0.0}, {402.0, 874.0}}
        Other, 0x108aac280, {{0.0, 0.0}, {402.0, 874.0}}
    Window (Main), 0x108aac3c0, {{0.0, 0.0}, {402.0, 874.0}}
      Other, 0x108aac500, {{138.3, 14.0}, {125.3, 36.7}}
    Window, 0x108aac640, {{0.0, 0.0}, {402.0, 874.0}}
      StatusBar, 0x108aac780, {{0.0, 0.0}, {402.0, 54.0}}
    Window, 0x108aac8c0, {{0.0, 0.0}, {402.0, 874.0}}
      Other, 0x108aaca00, {{0.0, 0.0}, {402.0, 874.0}}
    Window, 0x108aacb40, {{0.0, 0.0}, {402.0, 874.0}}
      Other, 0x108aacc80, {{0.0, 0.0}, {402.0, 874.0}}
Path to element:
 →Application, 0x107c86580, pid: 84202, label: ' '
Query chain:
 →Find: Application 'com.apple.springboard'
  Output: {
    Application, 0x108aacdc0, pid: 84202, label: ' '
  }

    t =    26.84s Tear Down
Test Case '-[ProbeUITests.DriverTests testScript]' passed (26.879 seconds).
Test Suite 'DriverTests' passed at 2026-09-30 23:35:09.330.
	 Executed 1 test, with 0 failures (0 unexpected) in 26.879 (26.884) seconds
Test Suite 'ProbeUITests.xctest' passed at 2026-09-30 23:35:09.331.
	 Executed 1 test, with 0 failures (0 unexpected) in 26.879 (26.885) seconds
Test Suite 'All tests' passed at 2026-09-30 23:35:09.331.
	 Executed 1 test, with 0 failures (0 unexpected) in 26.879 (26.885) seconds
2026-09-30 23:35:09.689 xcodebuild[23689:12988934] [MT] IDETestOperationsObserverDebug: 30.895 elapsed -- Testing started completed.
2026-09-30 23:35:09.689 xcodebuild[23689:12988934] [MT] IDETestOperationsObserverDebug: 0.000 sec, +0.000 sec -- start
2026-09-30 23:35:09.689 xcodebuild[23689:12988934] [MT] IDETestOperationsObserverDebug: 30.895 sec, +30.895 sec -- end

Test session results, code coverage, and logs:
	/Users/tarunyadgirkar/TarunsCode/prefill/spikes/contacts/build/Logs/Test/Test-Probe-2026.09.30_23-34-38--0700.xcresult

** TEST EXECUTE SUCCEEDED **

Testing started
