Command line invocation:
    /Applications/Xcode.app/Contents/Developer/usr/bin/xcodebuild test-without-building -project ContactsProbe.xcodeproj -scheme Probe -destination "platform=iOS Simulator,id=A53AB330-51D0-4F6A-88C2-83EDF2CA571D" -derivedDataPath build

2026-09-30 23:20:51.990669-0700 ProbeUITests-Runner[99724:12873675] [Default] Running tests...
    t =      nans Interface orientation changed to Portrait
Test Suite 'All tests' started at 2026-09-30 23:20:54.024.
Test Suite 'ProbeUITests.xctest' started at 2026-09-30 23:20:54.024.
Test Suite 'DriverTests' started at 2026-09-30 23:20:54.024.
Test Case '-[ProbeUITests.DriverTests testScript]' started.
    t =     0.00s Start Test at 2026-09-30 23:20:54.028
    t =     0.02s Set Up
[driver] step probe request
    t =     0.03s Open com.tarunyadgirkar.prefill.spike.contacts.probe
    t =     0.03s     Launch com.tarunyadgirkar.prefill.spike.contacts.probe
2026-09-30 23:20:54.098 xcodebuild[99683:12873366] [MT] IDELaunchParametersSnapshot: debugger version lookup failed for path '<nil>': noURL
2026-09-30 23:20:54.098 xcodebuild[99683:12873366] [MT] IDELaunchParametersSnapshot: no debugger version
objc[99724]: Class UIAccessibilityLoaderWebShared is implemented in both /private/var/run/com.apple.security.cryptexd/mnt/com.apple.iPhoneOS.SimulatorRuntime-v24.1.434.0.GOjTIm/Library/Developer/CoreSimulator/Profiles/Runtimes/iOS 27.0.simruntime/Contents/Resources/RuntimeRoot/System/Library/AccessibilityBundles/WebKit.axbundle/WebKit (0x10ace8398) and /private/var/run/com.apple.security.cryptexd/mnt/com.apple.iPhoneOS.SimulatorRuntime-v24.1.434.0.GOjTIm/Library/Developer/CoreSimulator/Profiles/Runtimes/iOS 27.0.simruntime/Contents/Resources/RuntimeRoot/System/Library/AccessibilityBundles/WebCore.axbundle/WebCore (0x10ae20310). This may cause spurious casting failures and mysterious crashes. One of the duplicates must be removed or renamed.
    t =     2.51s         Setting up automation session
    t =     4.05s         Wait for com.tarunyadgirkar.prefill.spike.contacts.probe to idle
[driver] step wait 2
[driver] step app com.apple.springboard
    t =     7.40s Open com.apple.springboard
    t =     7.41s     Activate com.apple.springboard
    t =     7.41s         Wait for com.apple.springboard to idle
[driver] step tap Continue
    t =     7.44s Waiting 10.0s for Any (First Match) to exist
    t =     8.46s     Checking `Expect predicate `existsNoRetry == 1` for object Any (First Match)`
    t =     8.46s         Checking existence of `Any (First Match)`
    t =     8.50s Tap Any (First Match)
    t =     8.50s     Wait for com.apple.springboard to idle
    t =     8.50s     Find the Any (First Match)
    t =     8.53s     Check for interrupting elements affecting "Continue" Button
    t =     8.56s     Synthesize event
    t =     8.85s     Wait for com.apple.springboard to idle
[driver] step wait 3
[driver] step app com.tarunyadgirkar.prefill.spike.contacts.probe
    t =    12.09s Open com.tarunyadgirkar.prefill.spike.contacts.probe
    t =    12.09s     Activate com.tarunyadgirkar.prefill.spike.contacts.probe
    t =    12.12s         Wait for com.tarunyadgirkar.prefill.spike.contacts.probe to idle
[driver] step dump 
    t =    12.16s Requesting snapshot of accessibility hierarchy for app with pid 99802
    t =    12.42s Requesting snapshot of accessibility hierarchy for app with pid 99802
[driver] tree
Attributes: Application, 0x10a09d900, pid: 99802, label: 'Probe'
Element subtree:
 →Application, 0x10a09d900, pid: 99802, label: 'Probe'
    Window (Main), 0x10a09d400, {{56.5, 64.7}, {339.9, 739.1}}
      Other, 0x10a09da40, {{56.5, 64.7}, {339.9, 739.1}}
        Other, 0x10a09dcc0, {{56.5, 64.7}, {339.9, 739.1}}
          Other, 0x10a09df40, {{56.5, 64.7}, {339.9, 739.1}}
            Other, 0x10a09e080, {{40.4, 47.6}, {357.6, 777.5}}
              Other, 0x10a09de00, {{40.4, 47.6}, {357.6, 777.5}}
                NavigationBar, 0x10a09e1c0, {{40.4, 102.8}, {357.6, 94.3}}, identifier: 'Contacts probe'
                  StaticText, 0x10a09e440, {{54.7, 154.1}, {217.7, 36.2}}, label: 'Contacts probe'
                Other, 0x10a09e300, {{40.4, 47.6}, {357.6, 777.5}}
                  Other, 0x10a09e580, {{40.4, 47.6}, {357.6, 777.5}}
                    Other, 0x10a09cc80, {{40.4, 47.6}, {357.6, 777.5}}
                      Other, 0x10a09db80, {{40.4, 47.6}, {357.6, 777.5}}
                        CollectionView, 0x10a09cf00, {{40.4, 47.6}, {357.6, 777.5}}
                          Other, 0x10a09d180, {{-16.0, -1580.0}, {434.0, 4309.7}}
                          Other, 0x10a09e800, {{40.4, 47.6}, {357.6, 777.5}}
                            Other, 0x10a09ea80, {{40.4, 47.6}, {357.6, 90.7}}
                          Other, 0x10a09ebc0, {{40.4, 47.6}, {357.6, 777.5}}
                          Cell, 0x10a09e940, {{54.7, 197.1}, {329.2, 104.7}}
                            Other, 0x10a09ed00, {{54.7, 197.1}, {329.2, 104.7}}
                              Other, 0x10a09ef80, {{54.7, 197.1}, {329.2, 104.7}}
                            Other, 0x10a09f0c0, {{54.7, 197.1}, {329.2, 104.7}}
                              Other, 0x10a09ee40, {{54.7, 197.1}, {329.2, 104.7}}
                                Other, 0x10a09f200, {{54.7, 197.1}, {329.2, 104.7}}
                                  StaticText, 0x10a09f480, {{54.7, 197.1}, {329.2, 104.7}}, identifier: 'last', label: 'request: error domain=CNErrorDomain code=100 desc=Access Denied info=["NSLocalizedDescription": Access Denied, "NSLocalizedFailureReason": This application has not been granted permission to access Contacts.]'
                          Cell, 0x10a09f5c0, {{54.7, 301.8}, {329.2, 46.3}}
                            Other, 0x10a09f340, {{54.7, 301.8}, {329.2, 46.3}}
                              Other, 0x10a09f700, {{54.7, 301.8}, {329.2, 46.3}}
                            Other, 0x10a09f980, {{54.7, 301.8}, {329.2, 46.3}}
                              Other, 0x10a09fac0, {{43.4, 297.8}, {341.1, 47.9}}
                                Other, 0x10a09f840, {{43.4, 297.8}, {341.1, 47.9}}
                                  Button, 0x10a09fc00, {{43.4, 297.8}, {341.1, 47.9}}, identifier: 'action.status', label: 'status'
                          Other, 0x10a09fd40, {{58.1, 296.8}, {311.6, 0.9}}
                          Cell, 0x10a09fe80, {{43.4, 345.7}, {341.1, 47.9}}
                            Other, 0x10a09c500, {{43.4, 345.7}, {341.1, 47.9}}
                              Other, 0x10a09c8c0, {{43.4, 345.7}, {341.1, 47.9}}
                            Other, 0x10725b700, {{43.4, 345.7}, {341.1, 47.9}}
                              Other, 0x10725b840, {{43.4, 345.7}, {341.1, 47.9}}
                                Other, 0x10725b980, {{43.4, 345.7}, {341.1, 47.9}}
                                  Button, 0x10725bc00, {{43.4, 345.7}, {341.1, 47.9}}, identifier: 'action.request', label: 'request'
                          Other, 0x10725bac0, {{58.1, 344.8}, {311.6, 0.9}}
                          Cell, 0x1072592c0, {{43.4, 393.6}, {341.1, 47.9}}
                            Other, 0x107259400, {{43.4, 393.6}, {341.1, 47.9}}
                              Other, 0x10aad0000, {{43.4, 393.6}, {341.1, 47.9}}
                            Other, 0x10aad0140, {{43.4, 393.6}, {341.1, 47.9}}
                              Other, 0x10aad0280, {{43.4, 393.6}, {341.1, 47.9}}
                                Other, 0x10aad03c0, {{43.4, 393.6}, {341.1, 47.9}}
                                  Button, 0x10aad0500, {{43.4, 393.6}, {341.1, 47.9}}, identifier: 'action.dump', label: 'dump'
                          Other, 0x10aad0640, {{58.1, 392.7}, {311.6, 0.9}}
                          Cell, 0x10aad0780, {{43.4, 441.6}, {341.1, 47.9}}
                            Other, 0x10aad08c0, {{35.3, 442.0}, {349.7, 49.1}}
                              Other, 0x10aad0a00, {{35.3, 442.0}, {349.7, 49.1}}
                            Other, 0x10aad0b40, {{35.3, 442.0}, {349.7, 49.1}}
                              Other, 0x10aad0c80, {{35.3, 442.0}, {349.7, 49.1}}
                                Other, 0x10aad0dc0, {{35.3, 442.0}, {349.7, 49.1}}
                                  Button, 0x10aad0f00, {{35.3, 442.0}, {349.7, 49.1}}, identifier: 'action.listAll', label: 'listAll'
                          Other, 0x10aad1040, {{50.4, 441.0}, {319.4, 0.9}}
                          Cell, 0x10aad1180, {{35.3, 491.1}, {349.7, 49.1}}
                            Other, 0x10aad12c0, {{35.3, 491.1}, {349.7, 49.1}}
                              Other, 0x10aad1400, {{35.3, 491.1}, {349.7, 49.1}}
                            Other, 0x10aad1540, {{35.3, 491.1}, {349.7, 49.1}}
                              Other, 0x10aad1680, {{35.3, 491.1}, {349.7, 49.1}}
                                Other, 0x10aad17c0, {{35.3, 491.1}, {349.7, 49.1}}
                                  Button, 0x10aad1900, {{35.3, 491.1}, {349.7, 49.1}}, identifier: 'action.reorder', label: 'reorder'
                          Other, 0x10aad1a40, {{50.4, 490.2}, {319.4, 0.9}}
                          Cell, 0x10aad1b80, {{35.3, 540.2}, {349.7, 49.1}}
                            Other, 0x10aad1cc0, {{35.3, 540.2}, {349.7, 49.1}}
                              Other, 0x10aad1e00, {{35.3, 540.2}, {349.7, 49.1}}
                            Other, 0x10aad1f40, {{35.3, 540.2}, {349.7, 49.1}}
                              Other, 0x10aad2080, {{35.3, 540.2}, {349.7, 49.1}}
                                Other, 0x10aad21c0, {{35.3, 540.2}, {349.7, 49.1}}
                                  Button, 0x10aad2300, {{35.3, 540.2}, {349.7, 49.1}}, identifier: 'action.add', label: 'add'
                          Other, 0x10aad2440, {{44.8, 541.1}, {325.0, 1.0}}
                          Cell, 0x10aad2580, {{29.5, 592.1}, {355.8, 50.0}}
                            Other, 0x10aad26c0, {{29.5, 592.1}, {355.8, 50.0}}
                              Other, 0x10aad2800, {{29.5, 592.1}, {355.8, 50.0}}
                            Other, 0x10aad2940, {{29.5, 592.1}, {355.8, 50.0}}
                              Other, 0x10aad2a80, {{29.5, 592.1}, {355.8, 50.0}}
                                Other, 0x10aad2bc0, {{29.5, 592.1}, {355.8, 50.0}}
                                  Button, 0x10aad2d00, {{29.5, 592.1}, {355.8, 50.0}}, identifier: 'action.reset', label: 'reset'
                          Other, 0x10aad2e40, {{44.8, 591.1}, {325.0, 1.0}}
                          Cell, 0x10aad2f80, {{29.5, 642.1}, {355.8, 50.0}}
                            Other, 0x10aad30c0, {{29.5, 642.1}, {355.8, 50.0}}
                              Other, 0x10aad3200, {{29.5, 642.1}, {355.8, 50.0}}
                            Other, 0x10aad3340, {{29.5, 642.1}, {355.8, 50.0}}
                              Other, 0x10aad3480, {{29.5, 642.1}, {355.8, 50.0}}
                                Other, 0x10aad35c0, {{29.5, 642.1}, {355.8, 50.0}}
                                  Button, 0x10aad3700, {{29.5, 642.1}, {355.8, 50.0}}, identifier: 'action.picker', label: 'picker'
                          Other, 0x10aad3840, {{44.8, 641.1}, {325.0, 1.0}}
                          Cell, 0x10aad3980, {{29.5, 692.1}, {355.8, 50.0}}
                            Other, 0x10aad3ac0, {{29.5, 692.1}, {355.8, 50.0}}
                              Other, 0x10aad3c00, {{29.5, 692.1}, {355.8, 50.0}}
                            Other, 0x10aad3d40, {{29.5, 692.1}, {355.8, 50.0}}
                              Other, 0x10aad3e80, {{25.3, 695.1}, {360.1, 50.6}}
                                Other, 0x10aad8000, {{25.3, 695.1}, {360.1, 50.6}}
                                  Button, 0x10aad8140, {{25.3, 695.1}, {360.1, 50.6}}, identifier: 'action.fetchId', label: 'fetchId'
                          Other, 0x10aad8280, {{40.9, 694.1}, {329.0, 1.0}}
                          Cell, 0x10aad83c0, {{25.3, 745.7}, {360.1, 50.6}}
                            Other, 0x10aad8500, {{25.3, 745.7}, {360.1, 50.6}}
                              Other, 0x10aad8640, {{25.3, 745.7}, {360.1, 50.6}}
                            Other, 0x10aad8780, {{25.3, 745.7}, {360.1, 50.6}}
                              Other, 0x10aad88c0, {{25.3, 745.7}, {360.1, 50.6}}
                                Other, 0x10aad8a00, {{25.3, 745.7}, {360.1, 50.6}}
                                  Button, 0x10aad8b40, {{25.3, 745.7}, {360.1, 50.6}}, identifier: 'action.saveId', label: 'saveId'
                          Other, 0x10aad8c80, {{40.9, 744.7}, {329.0, 1.0}}
                          Cell, 0x10aad8dc0, {{25.3, 796.3}, {360.1, 50.6}}
                            Other, 0x10aad8f00, {{25.3, 796.3}, {360.1, 50.6}}
                              Other, 0x10aad9040, {{25.3, 796.3}, {360.1, 50.6}}
                            Other, 0x10aad9180, {{22.5, 799.2}, {363.2, 51.0}}
                              Other, 0x10aad92c0, {{22.5, 799.2}, {363.2, 51.0}}
                                Other, 0x10aad9400, {{22.5, 799.2}, {363.2, 51.0}}
                                  Button, 0x10aad9540, {{22.5, 799.2}, {363.2, 51.0}}, identifier: 'action.promoteFresh', label: 'promoteFresh'
                          Other, 0x10aad9680, {{38.2, 798.3}, {331.8, 1.0}}
                          Cell, 0x10aad97c0, {{22.5, 850.3}, {363.2, 51.0}}
                            Other, 0x10aad9900, {{22.5, 850.3}, {363.2, 51.0}}
                              Other, 0x10aad9a40, {{22.5, 850.3}, {363.2, 51.0}}
                            Other, 0x10aad9b80, {{22.5, 850.3}, {363.2, 51.0}}
                              Other, 0x10aad9cc0, {{22.5, 850.3}, {363.2, 51.0}}
                                Other, 0x10aad9e00, {{22.5, 850.3}, {363.2, 51.0}}
                                  Button, 0x10aad9f40, {{22.5, 850.3}, {363.2, 51.0}}, identifier: 'action.promoteTwoSaves', label: 'promoteTwoSaves'
                          Other, 0x10aada080, {{38.2, 849.3}, {331.8, 1.0}}
                          Other, 0x10aada1c0, {{369.0, 122.3}, {29.4, 683.2}}, label: 'Vertical scroll bar, 2 pages', value: 0%
                            Other, 0x10aada300, {{395.5, 125.2}, {2.9, 623.0}}
                          Other, 0x10aada440, {{369.0, 122.3}, {29.4, 683.2}}, label: 'Vertical scroll bar, 2 pages', value: 0%
                            Other, 0x10aada580, {{395.5, 125.2}, {2.9, 623.0}}
                Toolbar, 0x10aada6c0, {{6.8, 8.4}, {394.6, 857.9}}, identifier: 'Toolbar', label: 'Toolbar'
                  Other, 0x10aada800, {{4.6, 5.8}, {396.9, 862.9}}
Path to element:
 →Application, 0x10a09d900, pid: 99802, label: 'Probe'
Query chain:
 →Find: Target Application 'com.tarunyadgirkar.prefill.spike.contacts.probe'
  Output: {
    Application, 0x10aada940, pid: 99802, label: 'Probe'
  }

[driver] step wait 20
    t =    32.45s Tear Down
Test Case '-[ProbeUITests.DriverTests testScript]' passed (32.677 seconds).
Test Suite 'DriverTests' passed at 2026-09-30 23:21:26.705.
	 Executed 1 test, with 0 failures (0 unexpected) in 32.677 (32.681) seconds
Test Suite 'ProbeUITests.xctest' passed at 2026-09-30 23:21:26.706.
	 Executed 1 test, with 0 failures (0 unexpected) in 32.677 (32.682) seconds
Test Suite 'All tests' passed at 2026-09-30 23:21:26.706.
	 Executed 1 test, with 0 failures (0 unexpected) in 32.677 (32.682) seconds
2026-09-30 23:21:27.023 xcodebuild[99683:12873366] [MT] IDETestOperationsObserverDebug: 35.945 elapsed -- Testing started completed.
2026-09-30 23:21:27.023 xcodebuild[99683:12873366] [MT] IDETestOperationsObserverDebug: 0.000 sec, +0.000 sec -- start
2026-09-30 23:21:27.023 xcodebuild[99683:12873366] [MT] IDETestOperationsObserverDebug: 35.945 sec, +35.945 sec -- end

Test session results, code coverage, and logs:
	/Users/tarunyadgirkar/TarunsCode/prefill/spikes/contacts/build/Logs/Test/Test-Probe-2026.09.30_23-20-51--0700.xcresult

** TEST EXECUTE SUCCEEDED **

Testing started
