Command line invocation:
    /Applications/Xcode.app/Contents/Developer/usr/bin/xcodebuild test-without-building -project /Users/tarunyadgirkar/TarunsCode/prefill/spikes/contacts/ContactsProbe.xcodeproj -scheme Probe -destination "platform=iOS Simulator,id=A53AB330-51D0-4F6A-88C2-83EDF2CA571D" -derivedDataPath /Users/tarunyadgirkar/TarunsCode/prefill/spikes/contacts/build

2026-09-30 23:14:50.798550-0700 ProbeUITests-Runner[90551:12817019] [Default] Running tests...
    t =      nans Interface orientation changed to Portrait
Test Suite 'All tests' started at 2026-09-30 23:14:54.266.
Test Suite 'ProbeUITests.xctest' started at 2026-09-30 23:14:54.266.
Test Suite 'DriverTests' started at 2026-09-30 23:14:54.267.
Test Case '-[ProbeUITests.DriverTests testScript]' started.
    t =     0.00s Start Test at 2026-09-30 23:14:54.270
    t =     0.02s Set Up
[driver] step app com.apple.mobilesafari
    t =     0.02s Open com.apple.mobilesafari
    t =     0.03s     Activate com.apple.mobilesafari
    t =     0.04s         Wait for com.apple.mobilesafari to idle
[driver] step tapWeb Email
    t =     0.07s Waiting 15.0s for TextField (First Match) to exist
objc[90551]: Class UIAccessibilityLoaderWebShared is implemented in both /private/var/run/com.apple.security.cryptexd/mnt/com.apple.iPhoneOS.SimulatorRuntime-v24.1.434.0.GOjTIm/Library/Developer/CoreSimulator/Profiles/Runtimes/iOS 27.0.simruntime/Contents/Resources/RuntimeRoot/System/Library/AccessibilityBundles/WebKit.axbundle/WebKit (0x102be8398) and /private/var/run/com.apple.security.cryptexd/mnt/com.apple.iPhoneOS.SimulatorRuntime-v24.1.434.0.GOjTIm/Library/Developer/CoreSimulator/Profiles/Runtimes/iOS 27.0.simruntime/Contents/Resources/RuntimeRoot/System/Library/AccessibilityBundles/WebCore.axbundle/WebCore (0x106878310). This may cause spurious casting failures and mysterious crashes. One of the duplicates must be removed or renamed.
    t =     1.08s     Checking `Expect predicate `existsNoRetry == 1` for object TextField (First Match)`
    t =     1.08s         Checking existence of `TextField (First Match)`
    t =     1.19s Tap TextField (First Match)
    t =     1.19s     Wait for com.apple.mobilesafari to idle
    t =     1.19s     Find the TextField (First Match)
    t =     1.21s     Check for interrupting elements affecting "Email" TextField
    t =     1.23s     Synthesize event
    t =     1.54s     Wait for com.apple.mobilesafari to idle
[driver] step keyboard 
    t =     1.54s Waiting 5.0s for Keyboard (First Match) to exist
    t =     2.58s     Checking `Expect predicate `existsNoRetry == 1` for object Keyboard (First Match)`
    t =     2.58s         Checking existence of `Keyboard (First Match)`
    t =     4.09s Get all elements bound by accessibility element for: Descendants matching type Any
    t =     4.57s Find the Window (Identity Binding)
    t =     4.60s Find the Application 'com.apple.mobilesafari'
    t =     4.62s Find the Window (Identity Binding)
    t =     4.64s Find the Application 'com.apple.mobilesafari'
    t =     4.66s Find the Window (Identity Binding)
    t =     4.68s Find the Application 'com.apple.mobilesafari'
    t =     4.70s Find the Other (Identity Binding)
    t =     4.73s Find the Application 'com.apple.mobilesafari'
    t =     4.75s Find the Other (Identity Binding)
    t =     4.77s Find the Application 'com.apple.mobilesafari'
    t =     4.79s Find the Other (Identity Binding)
    t =     4.81s Find the Application 'com.apple.mobilesafari'
    t =     4.83s Find the Other (Identity Binding)
    t =     4.85s Find the Application 'com.apple.mobilesafari'
    t =     4.87s Find the "Suggested" Other
    t =     4.89s Find the Application 'com.apple.mobilesafari'
    t =     4.91s Find the Other (Identity Binding)
    t =     4.93s Find the Application 'com.apple.mobilesafari'
    t =     4.95s Find the Other (Identity Binding)
    t =     4.97s Find the Application 'com.apple.mobilesafari'
    t =     4.99s Find the Other (Identity Binding)
    t =     5.02s Find the Application 'com.apple.mobilesafari'
    t =     5.04s Find the Other (Identity Binding)
    t =     5.06s Find the Application 'com.apple.mobilesafari'
    t =     5.08s Find the Other (Identity Binding)
    t =     5.10s Find the Application 'com.apple.mobilesafari'
    t =     5.12s Find the Other (Identity Binding)
    t =     5.14s Find the Application 'com.apple.mobilesafari'
    t =     5.16s Find the "SafariWindow?View=Narrow&BarsKeptMinimized=false&UUID=E099565E-1415-4A1E-BC66-9B28868CD65D&UsingLoweredBar=true&IsSecure=false&IsTabBarAvailable=false" Other
    t =     5.18s Find the Application 'com.apple.mobilesafari'
    t =     5.19s Find the Other (Identity Binding)
    t =     5.21s Find the Application 'com.apple.mobilesafari'
    t =     5.23s Find the "inputView" Other
    t =     5.25s Find the Application 'com.apple.mobilesafari'
    t =     5.27s Find the ScrollView (Identity Binding)
    t =     5.29s Find the Application 'com.apple.mobilesafari'
    t =     5.31s Find the Other (Identity Binding)
    t =     5.33s Find the Application 'com.apple.mobilesafari'
    t =     5.35s Find the "SystemInputAssistantView" Other
    t =     5.37s Find the Application 'com.apple.mobilesafari'
    t =     5.38s Find the Other (Identity Binding)
    t =     5.41s Find the Application 'com.apple.mobilesafari'
    t =     5.42s Find the Other (Identity Binding)
    t =     5.45s Find the Application 'com.apple.mobilesafari'
    t =     5.46s Find the Other (Identity Binding)
    t =     5.48s Find the Application 'com.apple.mobilesafari'
    t =     5.50s Find the Other (Identity Binding)
    t =     5.52s Find the Application 'com.apple.mobilesafari'
    t =     5.53s Find the "CapsuleViewController" Other
    t =     5.55s Find the Application 'com.apple.mobilesafari'
    t =     5.57s Find the Other (Identity Binding)
    t =     5.59s Find the Application 'com.apple.mobilesafari'
    t =     5.60s Find the Other (Identity Binding)
    t =     5.62s Find the Application 'com.apple.mobilesafari'
    t =     5.64s Find the "Vertical scroll bar, 2 pages" Other
    t =     5.66s Find the Application 'com.apple.mobilesafari'
    t =     5.68s Find the "Horizontal scroll bar, 2 pages" Other
    t =     5.70s Find the Application 'com.apple.mobilesafari'
    t =     5.71s Find the Other (Identity Binding)
    t =     5.73s Find the Application 'com.apple.mobilesafari'
    t =     5.75s Find the Other (Identity Binding)
    t =     5.77s Find the Application 'com.apple.mobilesafari'
    t =     5.78s Find the Keyboard (Identity Binding)
    t =     5.80s Find the Application 'com.apple.mobilesafari'
    t =     5.82s Find the "Emoji" Button
    t =     5.84s Find the Application 'com.apple.mobilesafari'
    t =     5.86s Find the "dictation" Button
    t =     5.88s Find the Application 'com.apple.mobilesafari'
    t =     5.90s Find the Other (Identity Binding)
    t =     5.92s Find the Application 'com.apple.mobilesafari'
    t =     5.94s Find the Other (Identity Binding)
    t =     5.97s Find the Application 'com.apple.mobilesafari'
    t =     5.99s Find the Other (Identity Binding)
    t =     6.01s Find the Application 'com.apple.mobilesafari'
    t =     6.03s Find the "alex.rivera@example.com" Other
    t =     6.05s Find the Application 'com.apple.mobilesafari'
    t =     6.07s Find the "alex.school@example.edu" Other
    t =     6.09s Find the Application 'com.apple.mobilesafari'
    t =     6.11s Find the Other (Identity Binding)
    t =     6.13s Find the Application 'com.apple.mobilesafari'
    t =     6.15s Find the Other (Identity Binding)
    t =     6.17s Find the Application 'com.apple.mobilesafari'
    t =     6.19s Find the "CenterPageView" Other
    t =     6.21s Find the Application 'com.apple.mobilesafari'
    t =     6.23s Find the Other (Identity Binding)
    t =     6.25s Find the Application 'com.apple.mobilesafari'
    t =     6.28s Find the Other (Identity Binding)
    t =     6.31s Find the Application 'com.apple.mobilesafari'
    t =     6.33s Find the StaticText (Identity Binding)
    t =     6.35s Find the Application 'com.apple.mobilesafari'
    t =     6.37s Find the StaticText (Identity Binding)
    t =     6.39s Find the Application 'com.apple.mobilesafari'
    t =     6.41s Find the Other (Identity Binding)
    t =     6.44s Find the Application 'com.apple.mobilesafari'
    t =     6.45s Find the Other (Identity Binding)
    t =     6.48s Find the Application 'com.apple.mobilesafari'
    t =     6.49s Find the ScrollView (Identity Binding)
    t =     6.51s Find the Application 'com.apple.mobilesafari'
    t =     6.53s Find the Other (Identity Binding)
    t =     6.55s Find the Application 'com.apple.mobilesafari'
    t =     6.56s Find the Other (Identity Binding)
    t =     6.58s Find the Application 'com.apple.mobilesafari'
    t =     6.60s Find the "Toolbar" Toolbar
    t =     6.62s Find the Application 'com.apple.mobilesafari'
    t =     6.64s Find the Other (Identity Binding)
    t =     6.66s Find the Application 'com.apple.mobilesafari'
    t =     6.67s Find the Other (Identity Binding)
    t =     6.69s Find the Application 'com.apple.mobilesafari'
    t =     6.71s Find the "UIKeyboardLayoutStar Preview" Other
    t =     6.73s Find the Application 'com.apple.mobilesafari'
    t =     6.75s Find the Other (Identity Binding)
    t =     6.77s Find the Application 'com.apple.mobilesafari'
    t =     6.79s Find the Other (Identity Binding)
    t =     6.81s Find the Application 'com.apple.mobilesafari'
    t =     6.82s Find the Other (Identity Binding)
    t =     6.84s Find the Application 'com.apple.mobilesafari'
    t =     6.86s Find the Other (Identity Binding)
    t =     6.88s Find the Application 'com.apple.mobilesafari'
    t =     6.90s Find the "TabDocument?IsLoadedUsingDesktopUserAgent=false&InReaderMode=false&UUID=5307939E-FBFD-4D81-9BED-45E3F56A89D9&IsPrivate=false&IsPageLoaded=true&WebViewProcessID=90452" Other
    t =     6.92s Find the Application 'com.apple.mobilesafari'
    t =     6.93s Find the "Horizontal scroll bar, 1 page" Other
    t =     6.95s Find the Application 'com.apple.mobilesafari'
    t =     6.97s Find the Other (Identity Binding)
    t =     6.98s Find the Application 'com.apple.mobilesafari'
    t =     7.00s Find the Other (Identity Binding)
    t =     7.02s Find the Application 'com.apple.mobilesafari'
    t =     7.03s Find the Other (Identity Binding)
    t =     7.05s Find the Application 'com.apple.mobilesafari'
    t =     7.07s Find the ScrollView (Identity Binding)
    t =     7.08s Find the Application 'com.apple.mobilesafari'
    t =     7.10s Find the Other (Identity Binding)
    t =     7.12s Find the Application 'com.apple.mobilesafari'
    t =     7.14s Find the "Padding-Left" Key
    t =     7.15s Find the Application 'com.apple.mobilesafari'
    t =     7.17s Find the "Padding-Right" Key
    t =     7.19s Find the Application 'com.apple.mobilesafari'
    t =     7.21s Find the "Padding-Left" Key
    t =     7.23s Find the Application 'com.apple.mobilesafari'
    t =     7.24s Find the "Padding-Right" Key
    t =     7.26s Find the Application 'com.apple.mobilesafari'
    t =     7.28s Find the "Padding-Left" Key
    t =     7.29s Find the Application 'com.apple.mobilesafari'
    t =     7.31s Find the "Padding-Right" Key
    t =     7.33s Find the Application 'com.apple.mobilesafari'
    t =     7.34s Find the "q" Key
    t =     7.36s Find the Application 'com.apple.mobilesafari'
    t =     7.38s Find the "w" Key
    t =     7.40s Find the Application 'com.apple.mobilesafari'
    t =     7.42s Find the "e" Key
    t =     7.44s Find the Application 'com.apple.mobilesafari'
    t =     7.45s Find the "r" Key
    t =     7.47s Find the Application 'com.apple.mobilesafari'
    t =     7.49s Find the "t" Key
    t =     7.51s Find the Application 'com.apple.mobilesafari'
    t =     7.52s Find the "y" Key
    t =     7.54s Find the Application 'com.apple.mobilesafari'
    t =     7.56s Find the "u" Key
    t =     7.57s Find the Application 'com.apple.mobilesafari'
    t =     7.59s Find the "i" Key
    t =     7.61s Find the Application 'com.apple.mobilesafari'
    t =     7.62s Find the "o" Key
    t =     7.64s Find the Application 'com.apple.mobilesafari'
    t =     7.66s Find the "p" Key
    t =     7.67s Find the Application 'com.apple.mobilesafari'
    t =     7.69s Find the "a" Key
    t =     7.71s Find the Application 'com.apple.mobilesafari'
    t =     7.73s Find the "s" Key
    t =     7.75s Find the Application 'com.apple.mobilesafari'
    t =     7.76s Find the "d" Key
    t =     7.78s Find the Application 'com.apple.mobilesafari'
    t =     7.80s Find the "f" Key
    t =     7.82s Find the Application 'com.apple.mobilesafari'
    t =     7.83s Find the "g" Key
    t =     7.85s Find the Application 'com.apple.mobilesafari'
    t =     7.87s Find the "h" Key
    t =     7.89s Find the Application 'com.apple.mobilesafari'
    t =     7.90s Find the "j" Key
    t =     7.92s Find the Application 'com.apple.mobilesafari'
    t =     7.94s Find the "k" Key
    t =     7.96s Find the Application 'com.apple.mobilesafari'
    t =     7.97s Find the "l" Key
    t =     8.00s Find the Application 'com.apple.mobilesafari'
    t =     8.01s Find the "shift" Button
    t =     8.03s Find the Application 'com.apple.mobilesafari'
    t =     8.05s Find the "z" Key
    t =     8.07s Find the Application 'com.apple.mobilesafari'
    t =     8.09s Find the "x" Key
    t =     8.11s Find the Application 'com.apple.mobilesafari'
    t =     8.12s Find the "c" Key
    t =     8.14s Find the Application 'com.apple.mobilesafari'
    t =     8.16s Find the "v" Key
    t =     8.18s Find the Application 'com.apple.mobilesafari'
    t =     8.19s Find the "b" Key
    t =     8.21s Find the Application 'com.apple.mobilesafari'
    t =     8.23s Find the "n" Key
    t =     8.25s Find the Application 'com.apple.mobilesafari'
    t =     8.27s Find the "m" Key
    t =     8.29s Find the Application 'com.apple.mobilesafari'
    t =     8.30s Find the "delete" Key
    t =     8.32s Find the Application 'com.apple.mobilesafari'
    t =     8.34s Find the "more" Key
    t =     8.36s Find the Application 'com.apple.mobilesafari'
    t =     8.38s Find the "space" Key
    t =     8.40s Find the Application 'com.apple.mobilesafari'
    t =     8.42s Find the "@" Key
    t =     8.44s Find the Application 'com.apple.mobilesafari'
    t =     8.45s Find the "." Key
    t =     8.47s Find the Application 'com.apple.mobilesafari'
    t =     8.49s Find the "Return" Button
    t =     8.51s Find the Application 'com.apple.mobilesafari'
    t =     8.52s Find the Other (Identity Binding)
    t =     8.54s Find the Application 'com.apple.mobilesafari'
    t =     8.56s Find the "WebView" WebView
    t =     8.58s Find the Application 'com.apple.mobilesafari'
    t =     8.59s Find the Other (Identity Binding)
    t =     8.61s Find the Application 'com.apple.mobilesafari'
    t =     8.62s Find the Other (Identity Binding)
    t =     8.64s Find the Application 'com.apple.mobilesafari'
    t =     8.66s Find the Other (Identity Binding)
    t =     8.68s Find the Application 'com.apple.mobilesafari'
    t =     8.69s Find the Other (Identity Binding)
    t =     8.71s Find the Application 'com.apple.mobilesafari'
    t =     8.73s Find the "Typing Predictions" Other
    t =     8.74s Find the Application 'com.apple.mobilesafari'
    t =     8.76s Find the WebView (Identity Binding)
    t =     8.78s Find the Application 'com.apple.mobilesafari'
    t =     8.79s Find the Other (Identity Binding)
    t =     8.81s Find the Application 'com.apple.mobilesafari'
    t =     8.83s Find the Other (Identity Binding)
    t =     8.85s Find the Application 'com.apple.mobilesafari'
    t =     8.87s Find the "CapsuleNavigationBar?isSelected=true&isDistractionControlOverlayUp=false" Other
    t =     8.88s Find the Application 'com.apple.mobilesafari'
    t =     8.90s Find the Other (Identity Binding)
    t =     8.92s Find the Application 'com.apple.mobilesafari'
    t =     8.94s Find the Other (Identity Binding)
    t =     8.96s Find the Application 'com.apple.mobilesafari'
    t =     8.98s Find the Other (Identity Binding)
    t =     9.00s Find the Application 'com.apple.mobilesafari'
    t =     9.01s Find the WebView (Identity Binding)
    t =     9.03s Find the Application 'com.apple.mobilesafari'
    t =     9.05s Find the Other (Identity Binding)
    t =     9.07s Find the Application 'com.apple.mobilesafari'
    t =     9.09s Find the "Vertical scroll bar, 1 page" Other
    t =     9.11s Find the Application 'com.apple.mobilesafari'
    t =     9.12s Find the "Horizontal scroll bar, 1 page" Other
    t =     9.14s Find the Application 'com.apple.mobilesafari'
    t =     9.16s Find the Other (Identity Binding)
    t =     9.18s Find the Application 'com.apple.mobilesafari'
    t =     9.20s Find the Other (Identity Binding)
    t =     9.23s Find the Application 'com.apple.mobilesafari'
    t =     9.26s Find the Other (Identity Binding)
    t =     9.29s Find the Application 'com.apple.mobilesafari'
    t =     9.31s Find the Other (Identity Binding)
    t =     9.34s Find the Application 'com.apple.mobilesafari'
    t =     9.37s Find the Other (Identity Binding)
    t =     9.40s Find the Application 'com.apple.mobilesafari'
    t =     9.43s Find the Other (Identity Binding)
    t =     9.46s Find the Application 'com.apple.mobilesafari'
    t =     9.48s Find the Other (Identity Binding)
    t =     9.51s Find the Application 'com.apple.mobilesafari'
    t =     9.53s Find the Other (Identity Binding)
    t =     9.55s Find the Application 'com.apple.mobilesafari'
    t =     9.56s Find the Other (Identity Binding)
    t =     9.58s Find the Application 'com.apple.mobilesafari'
    t =     9.60s Find the Other (Identity Binding)
    t =     9.62s Find the Application 'com.apple.mobilesafari'
    t =     9.64s Find the Other (Identity Binding)
    t =     9.66s Find the Application 'com.apple.mobilesafari'
    t =     9.68s Find the Other (Identity Binding)
    t =     9.70s Find the Application 'com.apple.mobilesafari'
    t =     9.72s Find the "home
alex.rivera@example.com" Button
    t =     9.74s Find the Application 'com.apple.mobilesafari'
    t =     9.76s Find the "email
alex.school@example.edu" Button
    t =     9.78s Find the Application 'com.apple.mobilesafari'
    t =     9.79s Find the Other (Identity Binding)
    t =     9.82s Find the Application 'com.apple.mobilesafari'
    t =     9.83s Find the Other (Identity Binding)
    t =     9.86s Find the Application 'com.apple.mobilesafari'
    t =     9.88s Find the Other (Identity Binding)
    t =     9.90s Find the Application 'com.apple.mobilesafari'
    t =     9.92s Find the Other (Identity Binding)
    t =     9.94s Find the Application 'com.apple.mobilesafari'
    t =     9.96s Find the Other (Identity Binding)
    t =     9.98s Find the Application 'com.apple.mobilesafari'
    t =    10.00s Find the Other (Identity Binding)
    t =    10.02s Find the Application 'com.apple.mobilesafari'
    t =    10.04s Find the Other (Identity Binding)
    t =    10.06s Find the Application 'com.apple.mobilesafari'
    t =    10.08s Find the Other (Identity Binding)
    t =    10.10s Find the Application 'com.apple.mobilesafari'
    t =    10.11s Find the Other (Identity Binding)
    t =    10.13s Find the Application 'com.apple.mobilesafari'
    t =    10.15s Find the Other (Identity Binding)
    t =    10.26s Find the Application 'com.apple.mobilesafari'
    t =    10.29s Find the "Email probe" Other
    t =    10.31s Find the Application 'com.apple.mobilesafari'
    t =    10.33s Find the Other (Identity Binding)
    t =    10.35s Find the Application 'com.apple.mobilesafari'
    t =    10.36s Find the Other (Identity Binding)
    t =    10.38s Find the Application 'com.apple.mobilesafari'
    t =    10.40s Find the Other (Identity Binding)
    t =    10.41s Find the Application 'com.apple.mobilesafari'
    t =    10.43s Find the Other (Identity Binding)
    t =    10.44s Find the Application 'com.apple.mobilesafari'
    t =    10.46s Find the "form" Other
    t =    10.48s Find the Application 'com.apple.mobilesafari'
    t =    10.50s Find the "Previous" Button
    t =    10.51s Find the Application 'com.apple.mobilesafari'
    t =    10.53s Find the "Next" Button
    t =    10.55s Find the Application 'com.apple.mobilesafari'
    t =    10.56s Find the "AutoFill Contact" Button
    t =    10.59s Find the Application 'com.apple.mobilesafari'
    t =    10.60s Find the "Done" Button
    t =    10.63s Find the Application 'com.apple.mobilesafari'
    t =    10.64s Find the Other (Identity Binding)
    t =    10.67s Find the Application 'com.apple.mobilesafari'
    t =    10.69s Find the Other (Identity Binding)
    t =    10.71s Find the Application 'com.apple.mobilesafari'
    t =    10.73s Find the "AutoFill Contact" StaticText
    t =    10.75s Find the Application 'com.apple.mobilesafari'
    t =    10.77s Find the "Email" StaticText
    t =    10.81s Find the Application 'com.apple.mobilesafari'
    t =    10.82s Find the "Email" TextField
    t =    10.85s Find the Application 'com.apple.mobilesafari'
    t =    10.86s Find the "Phone" StaticText
    t =    10.89s Find the Application 'com.apple.mobilesafari'
    t =    10.90s Find the "Phone" TextField
    t =    10.93s Find the Application 'com.apple.mobilesafari'
    t =    10.95s Find the Other at {{0.0, 446.0}, {402.0, 428.0}}
    t =    10.98s Find the Other
    t =    11.00s Find the Other
    t =    11.02s Find the Other at {{0.0, 446.0}, {402.0, 428.0}}
    t =    11.04s Find the Other
    t =    11.06s Find the Other
    t =    11.09s Find the Other at {{0.0, 446.0}, {402.0, 100.0}}
    t =    11.11s Find the Other
    t =    11.13s Find the Other
    t =    11.15s Find the "inputView" Other
    t =    11.17s Find the "inputView" Other
    t =    11.19s Find the "inputView" Other
    t =    11.21s Find the Other at {{0.0, 446.0}, {402.0, 100.0}}
    t =    11.22s Find the Other
    t =    11.24s Find the Other
    t =    11.26s Find the "SystemInputAssistantView" Other
    t =    11.28s Find the "SystemInputAssistantView" Other
    t =    11.30s Find the "SystemInputAssistantView" Other
    t =    11.32s Find the Other at {{0.0, 546.0}, {402.0, 329.0}}
    t =    11.35s Find the Other
    t =    11.37s Find the Other
    t =    11.39s Find the Other at {{0.0, 590.0}, {402.0, 226.0}}
    t =    11.41s Find the Other
    t =    11.43s Find the Other
    t =    11.44s Find the Other at {{0.0, 590.0}, {402.0, 284.0}}
    t =    11.46s Find the Other
    t =    11.48s Find the Other
    t =    11.50s Find the Other at {{0.0, 478.0}, {402.0, 68.0}}
    t =    11.51s Find the Other
    t =    11.53s Find the Other
    t =    11.55s Find the Other at {{0.0, 546.0}, {402.0, 44.0}}
    t =    11.57s Find the Other
    t =    11.59s Find the Other
    t =    11.60s Find the Other at {{0.0, 546.0}, {402.0, 329.0}}
    t =    11.62s Find the Other
    t =    11.64s Find the Other
    t =    11.65s Find the Keyboard at {{0.0, 590.0}, {402.0, 226.0}}
    t =    11.67s Find the Keyboard
    t =    11.69s Find the Keyboard
    t =    11.70s Find the "Emoji" Button
    t =    11.72s Find the "Emoji" Button
    t =    11.74s Find the "Emoji" Button
    t =    11.76s Find the "dictation" Button
    t =    11.78s Find the "dictation" Button
    t =    11.80s Find the "dictation" Button
    t =    11.83s Find the Other at {{0.0, 446.0}, {402.0, 428.0}}
    t =    11.86s Find the Other
    t =    11.87s Find the Other
    t =    11.89s Find the Other at {{0.0, 478.0}, {402.0, 68.0}}
    t =    11.91s Find the Other
    t =    11.93s Find the Other
    t =    11.95s Find the "CenterPageView" Other
    t =    11.97s Find the "CenterPageView" Other
    t =    11.98s Find the "CenterPageView" Other
    t =    12.00s Find the Other at {{0.0, 546.0}, {402.0, 329.0}}
    t =    12.02s Find the Other
    t =    12.04s Find the Other
    t =    12.06s Find the Other at {{0.0, 590.0}, {402.0, 226.0}}
    t =    12.08s Find the Other
    t =    12.10s Find the Other
    t =    12.12s Find the StaticText at {{8.5, 805.7}, {0.0, 0.0}}
    t =    12.13s Find the StaticText
    t =    12.15s Find the StaticText
    t =    12.17s Find the StaticText at {{325.4, 805.4}, {0.0, 0.0}}
    t =    12.19s Find the StaticText
    t =    12.21s Find the StaticText
    t =    12.22s Find the Other at {{0.0, 446.0}, {402.0, 428.0}}
    t =    12.24s Find the Other
    t =    12.26s Find the Other
    t =    12.28s Find the Other at {{158.3, 446.0}, {85.3, 32.0}}
    t =    12.30s Find the Other
    t =    12.31s Find the Other
    t =    12.33s Find the "Toolbar" Toolbar
    t =    12.35s Find the "Toolbar" Toolbar
    t =    12.36s Find the "Toolbar" Toolbar
    t =    12.38s Find the Other at {{0.0, 546.0}, {402.0, 44.0}}
    t =    12.40s Find the Other
    t =    12.42s Find the Other
    t =    12.45s Find the "UIKeyboardLayoutStar Preview" Other
    t =    12.48s Find the "UIKeyboardLayoutStar Preview" Other
    t =    12.50s Find the "UIKeyboardLayoutStar Preview" Other
    t =    12.52s Find the "Horizontal scroll bar, 1 page" Other
    t =    12.54s Find the "Horizontal scroll bar, 1 page" Other
    t =    12.56s Find the "Horizontal scroll bar, 1 page" Other
    t =    12.58s Find the Other at {{0.0, 446.0}, {402.0, 428.0}}
    t =    12.60s Find the Other
    t =    12.62s Find the Other
    t =    12.63s Find the Other at {{158.3, 446.0}, {85.3, 32.0}}
    t =    12.65s Find the Other
    t =    12.67s Find the Other
    t =    12.69s Find the Other at {{0.0, 488.0}, {402.0, 48.0}}
    t =    12.70s Find the Other
    t =    12.72s Find the Other
    t =    12.74s Find the ScrollView at {{0.0, 546.0}, {402.0, 44.0}}
    t =    12.76s Find the ScrollView
    t =    12.78s Find the ScrollView
    t =    12.80s Find the Other at {{0.0, 546.0}, {402.0, 44.0}}
    t =    12.82s Find the Other
    t =    12.84s Find the Other
    t =    12.86s Find the "Padding-Left" Key
    t =    12.88s Find the "Padding-Left" Key
    t =    12.90s Find the "Padding-Left" Key
    t =    12.94s Find the "Padding-Right" Key
    t =    12.97s Find the "Padding-Right" Key
    t =    13.01s Find the "Padding-Right" Key
    t =    13.04s Find the "Padding-Left" Key
    t =    13.07s Find the "Padding-Left" Key
    t =    13.10s Find the "Padding-Left" Key
    t =    13.13s Find the "Padding-Right" Key
    t =    13.15s Find the "Padding-Right" Key
    t =    13.17s Find the "Padding-Right" Key
    t =    13.19s Find the "Padding-Left" Key
    t =    13.21s Find the "Padding-Left" Key
    t =    13.22s Find the "Padding-Left" Key
    t =    13.25s Find the "Padding-Right" Key
    t =    13.27s Find the "Padding-Right" Key
    t =    13.30s Find the "Padding-Right" Key
    t =    13.33s Find the "q" Key
    t =    13.36s Find the "q" Key
    t =    13.38s Find the "q" Key
    t =    13.40s Find the "w" Key
    t =    13.42s Find the "w" Key
    t =    13.45s Find the "w" Key
    t =    13.47s Find the "e" Key
    t =    13.49s Find the "e" Key
    t =    13.51s Find the "e" Key
    t =    13.52s Find the "r" Key
    t =    13.55s Find the "r" Key
    t =    13.57s Find the "r" Key
    t =    13.59s Find the "t" Key
    t =    13.61s Find the "t" Key
    t =    13.63s Find the "t" Key
    t =    13.65s Find the "y" Key
    t =    13.67s Find the "y" Key
    t =    13.68s Find the "y" Key
    t =    13.71s Find the "u" Key
    t =    13.72s Find the "u" Key
    t =    13.74s Find the "u" Key
    t =    13.76s Find the "i" Key
    t =    13.78s Find the "i" Key
    t =    13.79s Find the "i" Key
    t =    13.81s Find the "o" Key
    t =    13.83s Find the "o" Key
    t =    13.85s Find the "o" Key
    t =    13.86s Find the "p" Key
    t =    13.88s Find the "p" Key
    t =    13.90s Find the "p" Key
    t =    13.92s Find the "a" Key
    t =    13.94s Find the "a" Key
    t =    13.96s Find the "a" Key
    t =    13.98s Find the "s" Key
    t =    14.01s Find the "s" Key
    t =    14.03s Find the "s" Key
    t =    14.05s Find the "d" Key
    t =    14.07s Find the "d" Key
    t =    14.09s Find the "d" Key
    t =    14.11s Find the "f" Key
    t =    14.12s Find the "f" Key
    t =    14.14s Find the "f" Key
    t =    14.16s Find the "g" Key
    t =    14.18s Find the "g" Key
    t =    14.21s Find the "g" Key
    t =    14.23s Find the "h" Key
    t =    14.25s Find the "h" Key
    t =    14.27s Find the "h" Key
    t =    14.29s Find the "j" Key
    t =    14.31s Find the "j" Key
    t =    14.33s Find the "j" Key
    t =    14.35s Find the "k" Key
    t =    14.38s Find the "k" Key
    t =    14.40s Find the "k" Key
    t =    14.42s Find the "l" Key
    t =    14.44s Find the "l" Key
    t =    14.47s Find the "l" Key
    t =    14.50s Find the "shift" Button
    t =    14.53s Find the "shift" Button
    t =    14.56s Find the "shift" Button
    t =    14.58s Find the "z" Key
    t =    14.60s Find the "z" Key
    t =    14.62s Find the "z" Key
    t =    14.64s Find the "x" Key
    t =    14.66s Find the "x" Key
    t =    14.68s Find the "x" Key
    t =    14.70s Find the "c" Key
    t =    14.72s Find the "c" Key
    t =    14.74s Find the "c" Key
    t =    14.76s Find the "v" Key
    t =    14.78s Find the "v" Key
    t =    14.80s Find the "v" Key
    t =    14.82s Find the "b" Key
    t =    14.84s Find the "b" Key
    t =    14.87s Find the "b" Key
    t =    14.88s Find the "n" Key
    t =    14.90s Find the "n" Key
    t =    14.92s Find the "n" Key
    t =    14.94s Find the "m" Key
    t =    14.96s Find the "m" Key
    t =    14.98s Find the "m" Key
    t =    15.00s Find the "delete" Key
    t =    15.02s Find the "delete" Key
    t =    15.04s Find the "delete" Key
    t =    15.07s Find the "more" Key
    t =    15.09s Find the "more" Key
    t =    15.11s Find the "more" Key
    t =    15.13s Find the "space" Key
    t =    15.15s Find the "space" Key
    t =    15.17s Find the "space" Key
    t =    15.19s Find the "@" Key
    t =    15.21s Find the "@" Key
    t =    15.23s Find the "@" Key
    t =    15.24s Find the "." Key
    t =    15.26s Find the "." Key
    t =    15.28s Find the "." Key
    t =    15.30s Find the "Return" Button
    t =    15.32s Find the "Return" Button
    t =    15.34s Find the "Return" Button
    t =    15.36s Find the Other at {{334.3, 868.0}, {7.0, 3.0}}
    t =    15.38s Find the Other
    t =    15.40s Find the Other
    t =    15.42s Find the Other at {{0.0, 446.0}, {402.0, 428.0}}
    t =    15.43s Find the Other
    t =    15.45s Find the Other
    t =    15.47s Find the Other at {{158.3, 446.0}, {85.3, 32.0}}
    t =    15.49s Find the Other
    t =    15.51s Find the Other
    t =    15.53s Find the Other at {{16.0, 488.0}, {370.0, 48.0}}
    t =    15.55s Find the Other
    t =    15.57s Find the Other
    t =    15.59s Find the "Typing Predictions" Other
    t =    15.61s Find the "Typing Predictions" Other
    t =    15.63s Find the "Typing Predictions" Other
    t =    15.65s Find the Other at {{0.0, 446.0}, {402.0, 428.0}}
    t =    15.67s Find the Other
    t =    15.69s Find the Other
    t =    15.72s Find the Other at {{0.0, 446.0}, {402.0, 428.0}}
    t =    15.74s Find the Other
    t =    15.76s Find the Other
    t =    15.78s Find the "CapsuleNavigationBar?isSelected=true&isDistractionControlOverlayUp=false" Other
    t =    15.80s Find the "CapsuleNavigationBar?isSelected=true&isDistractionControlOverlayUp=false" Other
    t =    15.82s Find the "CapsuleNavigationBar?isSelected=true&isDistractionControlOverlayUp=false" Other
    t =    15.84s Find the Other at {{16.0, 488.0}, {370.0, 48.0}}
    t =    15.87s Find the Other
    t =    15.90s Find the Other
    t =    15.93s Find the Other at {{0.0, 546.0}, {402.0, 44.0}}
    t =    15.96s Find the Other
    t =    15.99s Find the Other
    t =    16.01s Find the "Horizontal scroll bar, 1 page" Other
    t =    16.03s Find the "Horizontal scroll bar, 1 page" Other
    t =    16.05s Find the "Horizontal scroll bar, 1 page" Other
    t =    16.08s Find the Other at {{0.0, 446.0}, {402.0, 428.0}}
    t =    16.10s Find the Other
    t =    16.12s Find the Other
    t =    16.14s Find the Other at {{0.0, 446.0}, {402.0, 98.0}}
    t =    16.17s Find the Other
    t =    16.19s Find the Other
    t =    16.21s Find the Other at {{16.0, 488.0}, {0.0, 0.0}}
    t =    16.23s Find the Other
    t =    16.25s Find the Other
    t =    16.27s Find the Other at {{0.0, 546.0}, {402.0, 44.0}}
    t =    16.29s Find the Other
    t =    16.32s Find the Other
    t =    16.34s Find the Other at {{0.0, 406.0}, {402.0, 80.0}}
    t =    16.37s Find the Other
    t =    16.40s Find the Other
    t =    16.42s Find the Other at {{65.0, 440.0}, {272.0, 3.0}}
    t =    16.44s Find the Other
    t =    16.46s Find the Other
    t =    16.49s Find the Other at {{0.0, 446.0}, {402.0, 98.0}}
    t =    16.51s Find the Other
    t =    16.53s Find the Other
    t =    16.55s Find the Other at {{16.0, 488.0}, {370.0, 48.0}}
    t =    16.58s Find the Other
    t =    16.60s Find the Other
    t =    16.62s Find the "home
alex.rivera@example.com" Button
    t =    16.64s Find the "home
alex.rivera@example.com" Button
    t =    16.67s Find the "home
alex.rivera@example.com" Button
    t =    16.70s Find the "email
alex.school@example.edu" Button
    t =    16.72s Find the "email
alex.school@example.edu" Button
    t =    16.74s Find the "email
alex.school@example.edu" Button
    t =    16.77s Find the Other at {{16.0, 488.0}, {50.0, 48.0}}
    t =    16.79s Find the Other
    t =    16.82s Find the Other
    t =    16.84s Find the Other at {{70.0, 488.0}, {50.0, 48.0}}
    t =    16.86s Find the Other
    t =    16.88s Find the Other
    t =    16.90s Find the Other at {{130.0, 488.0}, {120.0, 48.0}}
    t =    16.93s Find the Other
    t =    16.95s Find the Other
    t =    16.97s Find the Other at {{336.0, 488.0}, {50.0, 48.0}}
    t =    16.99s Find the Other
    t =    17.01s Find the Other
    t =    17.03s Find the Other at {{21.0, 493.0}, {40.0, 38.0}}
    t =    17.05s Find the Other
    t =    17.07s Find the Other
    t =    17.10s Find the Other at {{75.0, 493.0}, {40.0, 38.0}}
    t =    17.12s Find the Other
    t =    17.14s Find the Other
    t =    17.16s Find the Other at {{135.0, 497.0}, {110.0, 30.0}}
    t =    17.18s Find the Other
    t =    17.20s Find the Other
    t =    17.22s Find the Other at {{341.0, 493.0}, {40.0, 38.0}}
    t =    17.24s Find the Other
    t =    17.26s Find the Other
    t =    17.28s Find the Other at {{21.0, 493.0}, {40.0, 38.0}}
    t =    17.30s Find the Other
    t =    17.32s Find the Other
    t =    17.34s Find the Other at {{75.0, 493.0}, {40.0, 38.0}}
    t =    17.35s Find the Other
    t =    17.37s Find the Other
    t =    17.39s Find the Other at {{135.0, 497.0}, {110.0, 30.0}}
    t =    17.41s Find the Other
    t =    17.43s Find the Other
    t =    17.45s Find the Other at {{341.0, 493.0}, {40.0, 38.0}}
    t =    17.47s Find the Other
    t =    17.49s Find the Other
    t =    17.51s Find the "Previous" Button
    t =    17.53s Find the "Previous" Button
    t =    17.55s Find the "Previous" Button
    t =    17.58s Find the "Next" Button
    t =    17.60s Find the "Next" Button
    t =    17.62s Find the "Next" Button
    t =    17.64s Find the "AutoFill Contact" Button
    t =    17.66s Find the "AutoFill Contact" Button
    t =    17.68s Find the "AutoFill Contact" Button
    t =    17.70s Find the "Done" Button
    t =    17.72s Find the "Done" Button
    t =    17.74s Find the "Done" Button
    t =    17.76s Find the "AutoFill Contact" StaticText
    t =    17.78s Find the "AutoFill Contact" StaticText
    t =    17.80s Find the "AutoFill Contact" StaticText
[driver] lower-half elements: 1|| ;; 1|| ;; 1|| ;; 1||inputView ;; 1|| ;; 1||SystemInputAssistantView ;; 1|| ;; 1|| ;; 1|| ;; 1|| ;; 1|| ;; 1|| ;; 19|| ;; 9|Emoji| ;; 9|Dictate|dictation ;; 1|| ;; 1|| ;; 1||CenterPageView ;; 1|| ;; 1|| ;; 48|| ;; 48|| ;; 1|| ;; 1|| ;; 24|Toolbar|Toolbar ;; 1|| ;; 1||UIKeyboardLayoutStar Preview ;; 1|Horizontal scroll bar, 1 page| ;; 1|| ;; 1|| ;; 1|| ;; 46|| ;; 1|| ;; 20|Padding-Left| ;; 20|Padding-Right| ;; 20|Padding-Left| ;; 20|Padding-Right| ;; 20|Padding-Left| ;; 20|Padding-Right| ;; 20|q| ;; 20|w| ;; 20|e| ;; 20|r| ;; 20|t| ;; 20|y| ;; 20|u| ;; 20|i| ;; 20|o| ;; 20|p| ;; 20|a| ;; 20|s| ;; 20|d| ;; 20|f| ;; 20|g| ;; 20|h| ;; 20|j| ;; 20|k| ;; 20|l| ;; 9|shift|shift ;; 20|z| ;; 20|x| ;; 20|c| ;; 20|v| ;; 20|b| ;; 20|n| ;; 20|m| ;; 20|delete|delete ;; 20|numbers|more ;; 20|space|space ;; 20|@| ;; 20|.| ;; 9|return|Return ;; 1|| ;; 1|| ;; 1|| ;; 1|| ;; 1|Typing Predictions| ;; 1|| ;; 1|| ;; 1||CapsuleNavigationBar?isSelected=true&isDistractionControlOverlayUp=false ;; 1|| ;; 1|| ;; 1|Horizontal scroll bar, 1 page| ;; 1|| ;; 1|| ;; 1|| ;; 1|| ;; 1|| ;; 1|| ;; 1|| ;; 1|| ;; 9|home
alex.rivera@example.com| ;; 9|email
alex.school@example.edu| ;; 1|| ;; 1|| ;; 1|| ;; 1|| ;; 1|| ;; 1|| ;; 1|| ;; 1|| ;; 1|| ;; 1|| ;; 1|| ;; 1|| ;; 9|Previous| ;; 9|Next| ;; 9|AutoFill Contact| ;; 9|Done| ;; 48|AutoFill Contact|
    t =    17.83s Tear Down
Test Case '-[ProbeUITests.DriverTests testScript]' passed (17.848 seconds).
Test Suite 'DriverTests' passed at 2026-09-30 23:15:12.118.
	 Executed 1 test, with 0 failures (0 unexpected) in 17.848 (17.851) seconds
Test Suite 'ProbeUITests.xctest' passed at 2026-09-30 23:15:12.118.
	 Executed 1 test, with 0 failures (0 unexpected) in 17.848 (17.851) seconds
Test Suite 'All tests' passed at 2026-09-30 23:15:12.118.
	 Executed 1 test, with 0 failures (0 unexpected) in 17.848 (17.852) seconds
2026-09-30 23:15:12.425 xcodebuild[90543:12816810] [MT] IDETestOperationsObserverDebug: 22.824 elapsed -- Testing started completed.
2026-09-30 23:15:12.425 xcodebuild[90543:12816810] [MT] IDETestOperationsObserverDebug: 0.000 sec, +0.000 sec -- start
2026-09-30 23:15:12.425 xcodebuild[90543:12816810] [MT] IDETestOperationsObserverDebug: 22.824 sec, +22.824 sec -- end

Test session results, code coverage, and logs:
	/Users/tarunyadgirkar/TarunsCode/prefill/spikes/contacts/build/Logs/Test/Test-Probe-2026.09.30_23-14-49--0700.xcresult

** TEST EXECUTE SUCCEEDED **

Testing started
