Command line invocation:
    /Applications/Xcode.app/Contents/Developer/usr/bin/xcodebuild test-without-building -project /Users/tarunyadgirkar/TarunsCode/prefill/spikes/contacts/ContactsProbe.xcodeproj -scheme Probe -destination "platform=iOS Simulator,id=A53AB330-51D0-4F6A-88C2-83EDF2CA571D" -derivedDataPath /Users/tarunyadgirkar/TarunsCode/prefill/spikes/contacts/build

2026-09-30 23:16:45.265004-0700 ProbeUITests-Runner[94814:12841727] [Default] Running tests...
    t =      nans Interface orientation changed to Portrait
Test Suite 'All tests' started at 2026-09-30 23:16:48.894.
Test Suite 'ProbeUITests.xctest' started at 2026-09-30 23:16:48.895.
Test Suite 'DriverTests' started at 2026-09-30 23:16:48.895.
Test Case '-[ProbeUITests.DriverTests testScript]' started.
    t =     0.02s Start Test at 2026-09-30 23:16:48.912
    t =     0.07s Set Up
[driver] step app com.apple.mobilesafari
    t =     0.08s Open com.apple.mobilesafari
    t =     0.08s     Activate com.apple.mobilesafari
    t =     0.15s         Wait for com.apple.mobilesafari to idle
[driver] step tapWeb Email
    t =     0.21s Waiting 15.0s for TextField (First Match) to exist
objc[94814]: Class UIAccessibilityLoaderWebShared is implemented in both /private/var/run/com.apple.security.cryptexd/mnt/com.apple.iPhoneOS.SimulatorRuntime-v24.1.434.0.GOjTIm/Library/Developer/CoreSimulator/Profiles/Runtimes/iOS 27.0.simruntime/Contents/Resources/RuntimeRoot/System/Library/AccessibilityBundles/WebKit.axbundle/WebKit (0x105cc8398) and /private/var/run/com.apple.security.cryptexd/mnt/com.apple.iPhoneOS.SimulatorRuntime-v24.1.434.0.GOjTIm/Library/Developer/CoreSimulator/Profiles/Runtimes/iOS 27.0.simruntime/Contents/Resources/RuntimeRoot/System/Library/AccessibilityBundles/WebCore.axbundle/WebCore (0x105e00310). This may cause spurious casting failures and mysterious crashes. One of the duplicates must be removed or renamed.
    t =     1.22s     Checking `Expect predicate `existsNoRetry == 1` for object TextField (First Match)`
    t =     1.22s         Checking existence of `TextField (First Match)`
    t =     1.40s Tap TextField (First Match)
    t =     1.40s     Wait for com.apple.mobilesafari to idle
    t =     1.40s     Find the TextField (First Match)
    t =     1.44s     Check for interrupting elements affecting "Email" TextField
    t =     1.50s     Synthesize event
    t =     1.81s     Wait for com.apple.mobilesafari to idle
[driver] step keyboard 
    t =     1.91s Waiting 5.0s for Keyboard (First Match) to exist
    t =     2.93s     Checking `Expect predicate `existsNoRetry == 1` for object Keyboard (First Match)`
    t =     2.93s         Checking existence of `Keyboard (First Match)`
    t =     4.57s Get all elements bound by accessibility element for: Descendants matching type Any
    t =     5.17s Find the Window (Identity Binding)
    t =     5.24s Find the Application 'com.apple.mobilesafari'
    t =     5.31s Find the Window (Identity Binding)
    t =     5.33s Find the Application 'com.apple.mobilesafari'
    t =     5.35s Find the Window (Identity Binding)
    t =     5.37s Find the Application 'com.apple.mobilesafari'
    t =     5.39s Find the Other (Identity Binding)
    t =     5.41s Find the Application 'com.apple.mobilesafari'
    t =     5.43s Find the Other (Identity Binding)
    t =     5.48s Find the Application 'com.apple.mobilesafari'
    t =     5.50s Find the Other (Identity Binding)
    t =     5.52s Find the Application 'com.apple.mobilesafari'
    t =     5.54s Find the Other (Identity Binding)
    t =     5.56s Find the Application 'com.apple.mobilesafari'
    t =     5.58s Find the "Suggested" Other
    t =     5.61s Find the Application 'com.apple.mobilesafari'
    t =     5.63s Find the Other (Identity Binding)
    t =     5.65s Find the Application 'com.apple.mobilesafari'
    t =     5.67s Find the Other (Identity Binding)
    t =     5.69s Find the Application 'com.apple.mobilesafari'
    t =     5.72s Find the Other (Identity Binding)
    t =     5.74s Find the Application 'com.apple.mobilesafari'
    t =     5.77s Find the Other (Identity Binding)
    t =     5.79s Find the Application 'com.apple.mobilesafari'
    t =     5.81s Find the Other (Identity Binding)
    t =     5.83s Find the Application 'com.apple.mobilesafari'
    t =     5.85s Find the Other (Identity Binding)
    t =     5.90s Find the Application 'com.apple.mobilesafari'
    t =     5.92s Find the "SafariWindow?View=Narrow&BarsKeptMinimized=false&UUID=E099565E-1415-4A1E-BC66-9B28868CD65D&UsingLoweredBar=true&IsSecure=false&IsTabBarAvailable=false" Other
    t =     5.94s Find the Application 'com.apple.mobilesafari'
    t =     5.96s Find the Other (Identity Binding)
    t =     5.98s Find the Application 'com.apple.mobilesafari'
    t =     6.02s Find the "inputView" Other
    t =     6.05s Find the Application 'com.apple.mobilesafari'
    t =     6.06s Find the ScrollView (Identity Binding)
    t =     6.08s Find the Application 'com.apple.mobilesafari'
    t =     6.10s Find the Other (Identity Binding)
    t =     6.12s Find the Application 'com.apple.mobilesafari'
    t =     6.14s Find the "SystemInputAssistantView" Other
    t =     6.16s Find the Application 'com.apple.mobilesafari'
    t =     6.17s Find the Other (Identity Binding)
    t =     6.19s Find the Application 'com.apple.mobilesafari'
    t =     6.21s Find the Other (Identity Binding)
    t =     6.23s Find the Application 'com.apple.mobilesafari'
    t =     6.25s Find the Other (Identity Binding)
    t =     6.27s Find the Application 'com.apple.mobilesafari'
    t =     6.29s Find the Other (Identity Binding)
    t =     6.31s Find the Application 'com.apple.mobilesafari'
    t =     6.32s Find the "CapsuleViewController" Other
    t =     6.35s Find the Application 'com.apple.mobilesafari'
    t =     6.36s Find the Other (Identity Binding)
    t =     6.38s Find the Application 'com.apple.mobilesafari'
    t =     6.40s Find the Other (Identity Binding)
    t =     6.42s Find the Application 'com.apple.mobilesafari'
    t =     6.43s Find the "Vertical scroll bar, 2 pages" Other
    t =     6.45s Find the Application 'com.apple.mobilesafari'
    t =     6.47s Find the "Horizontal scroll bar, 2 pages" Other
    t =     6.49s Find the Application 'com.apple.mobilesafari'
    t =     6.50s Find the Other (Identity Binding)
    t =     6.52s Find the Application 'com.apple.mobilesafari'
    t =     6.53s Find the Other (Identity Binding)
    t =     6.56s Find the Application 'com.apple.mobilesafari'
    t =     6.58s Find the Keyboard (Identity Binding)
    t =     6.61s Find the Application 'com.apple.mobilesafari'
    t =     6.63s Find the "Emoji" Button
    t =     6.66s Find the Application 'com.apple.mobilesafari'
    t =     6.89s Find the "dictation" Button
    t =     6.92s Find the Application 'com.apple.mobilesafari'
    t =     6.94s Find the Other (Identity Binding)
    t =     6.96s Find the Application 'com.apple.mobilesafari'
    t =     6.98s Find the Other (Identity Binding)
    t =     7.00s Find the Application 'com.apple.mobilesafari'
    t =     7.02s Find the Other (Identity Binding)
    t =     7.04s Find the Application 'com.apple.mobilesafari'
    t =     7.06s Find the "alex.rivera@example.com" Other
    t =     7.07s Find the Application 'com.apple.mobilesafari'
    t =     7.09s Find the "alex.school@example.edu" Other
    t =     7.11s Find the Application 'com.apple.mobilesafari'
    t =     7.13s Find the Other (Identity Binding)
    t =     7.15s Find the Application 'com.apple.mobilesafari'
    t =     7.16s Find the Other (Identity Binding)
    t =     7.18s Find the Application 'com.apple.mobilesafari'
    t =     7.20s Find the "CenterPageView" Other
    t =     7.21s Find the Application 'com.apple.mobilesafari'
    t =     7.23s Find the Other (Identity Binding)
    t =     7.25s Find the Application 'com.apple.mobilesafari'
    t =     7.26s Find the Other (Identity Binding)
    t =     7.28s Find the Application 'com.apple.mobilesafari'
    t =     7.29s Find the StaticText (Identity Binding)
    t =     7.31s Find the Application 'com.apple.mobilesafari'
    t =     7.33s Find the StaticText (Identity Binding)
    t =     7.34s Find the Application 'com.apple.mobilesafari'
    t =     7.36s Find the Other (Identity Binding)
    t =     7.38s Find the Application 'com.apple.mobilesafari'
    t =     7.39s Find the Other (Identity Binding)
    t =     7.41s Find the Application 'com.apple.mobilesafari'
    t =     7.42s Find the ScrollView (Identity Binding)
    t =     7.44s Find the Application 'com.apple.mobilesafari'
    t =     7.46s Find the Other (Identity Binding)
    t =     7.48s Find the Application 'com.apple.mobilesafari'
    t =     7.49s Find the Other (Identity Binding)
    t =     7.52s Find the Application 'com.apple.mobilesafari'
    t =     7.53s Find the "Toolbar" Toolbar
    t =     7.55s Find the Application 'com.apple.mobilesafari'
    t =     7.57s Find the Other (Identity Binding)
    t =     7.59s Find the Application 'com.apple.mobilesafari'
    t =     7.60s Find the Other (Identity Binding)
    t =     7.62s Find the Application 'com.apple.mobilesafari'
    t =     7.63s Find the "UIKeyboardLayoutStar Preview" Other
    t =     7.65s Find the Application 'com.apple.mobilesafari'
    t =     7.66s Find the Other (Identity Binding)
    t =     7.68s Find the Application 'com.apple.mobilesafari'
    t =     7.70s Find the Other (Identity Binding)
    t =     7.72s Find the Application 'com.apple.mobilesafari'
    t =     7.73s Find the Other (Identity Binding)
    t =     7.75s Find the Application 'com.apple.mobilesafari'
    t =     7.89s Find the Other (Identity Binding)
    t =     7.91s Find the Application 'com.apple.mobilesafari'
    t =     7.92s Find the "TabDocument?IsLoadedUsingDesktopUserAgent=false&InReaderMode=false&UUID=47E6973A-DF52-44BD-B543-E6217CD9AB6D&IsPrivate=false&IsPageLoaded=true&WebViewProcessID=94620" Other
    t =     7.94s Find the Application 'com.apple.mobilesafari'
    t =     7.96s Find the "Horizontal scroll bar, 1 page" Other
    t =     7.98s Find the Application 'com.apple.mobilesafari'
    t =     7.99s Find the Other (Identity Binding)
    t =     8.02s Find the Application 'com.apple.mobilesafari'
    t =     8.03s Find the Other (Identity Binding)
    t =     8.06s Find the Application 'com.apple.mobilesafari'
    t =     8.07s Find the Other (Identity Binding)
    t =     8.09s Find the Application 'com.apple.mobilesafari'
    t =     8.11s Find the ScrollView (Identity Binding)
    t =     8.13s Find the Application 'com.apple.mobilesafari'
    t =     8.15s Find the Other (Identity Binding)
    t =     8.17s Find the Application 'com.apple.mobilesafari'
    t =     8.18s Find the "Padding-Left" Key
    t =     8.20s Find the Application 'com.apple.mobilesafari'
    t =     8.22s Find the "Padding-Right" Key
    t =     8.24s Find the Application 'com.apple.mobilesafari'
    t =     8.26s Find the "Padding-Left" Key
    t =     8.27s Find the Application 'com.apple.mobilesafari'
    t =     8.29s Find the "Padding-Right" Key
    t =     8.31s Find the Application 'com.apple.mobilesafari'
    t =     8.33s Find the "Padding-Left" Key
    t =     8.35s Find the Application 'com.apple.mobilesafari'
    t =     8.37s Find the "Padding-Right" Key
    t =     8.38s Find the Application 'com.apple.mobilesafari'
    t =     8.40s Find the "q" Key
    t =     8.42s Find the Application 'com.apple.mobilesafari'
    t =     8.43s Find the "w" Key
    t =     8.45s Find the Application 'com.apple.mobilesafari'
    t =     8.61s Find the "e" Key
    t =     8.65s Find the Application 'com.apple.mobilesafari'
    t =     8.67s Find the "r" Key
    t =     8.69s Find the Application 'com.apple.mobilesafari'
    t =     8.70s Find the "t" Key
    t =     8.72s Find the Application 'com.apple.mobilesafari'
    t =     8.73s Find the "y" Key
    t =     8.75s Find the Application 'com.apple.mobilesafari'
    t =     8.77s Find the "u" Key
    t =     8.79s Find the Application 'com.apple.mobilesafari'
    t =     8.80s Find the "i" Key
    t =     8.82s Find the Application 'com.apple.mobilesafari'
    t =     8.83s Find the "o" Key
    t =     8.85s Find the Application 'com.apple.mobilesafari'
    t =     8.86s Find the "p" Key
    t =     8.88s Find the Application 'com.apple.mobilesafari'
    t =     8.89s Find the "a" Key
    t =     8.91s Find the Application 'com.apple.mobilesafari'
    t =     8.92s Find the "s" Key
    t =     8.94s Find the Application 'com.apple.mobilesafari'
    t =     8.95s Find the "d" Key
    t =     9.02s Find the Application 'com.apple.mobilesafari'
    t =     9.04s Find the "f" Key
    t =     9.06s Find the Application 'com.apple.mobilesafari'
    t =     9.07s Find the "g" Key
    t =     9.09s Find the Application 'com.apple.mobilesafari'
    t =     9.10s Find the "h" Key
    t =     9.12s Find the Application 'com.apple.mobilesafari'
    t =     9.14s Find the "j" Key
    t =     9.15s Find the Application 'com.apple.mobilesafari'
    t =     9.17s Find the "k" Key
    t =     9.19s Find the Application 'com.apple.mobilesafari'
    t =     9.20s Find the "l" Key
    t =     9.22s Find the Application 'com.apple.mobilesafari'
    t =     9.23s Find the "shift" Button
    t =     9.25s Find the Application 'com.apple.mobilesafari'
    t =     9.27s Find the "z" Key
    t =     9.28s Find the Application 'com.apple.mobilesafari'
    t =     9.30s Find the "x" Key
    t =     9.31s Find the Application 'com.apple.mobilesafari'
    t =     9.33s Find the "c" Key
    t =     9.35s Find the Application 'com.apple.mobilesafari'
    t =     9.36s Find the "v" Key
    t =     9.38s Find the Application 'com.apple.mobilesafari'
    t =     9.39s Find the "b" Key
    t =     9.41s Find the Application 'com.apple.mobilesafari'
    t =     9.42s Find the "n" Key
    t =     9.44s Find the Application 'com.apple.mobilesafari'
    t =     9.45s Find the "m" Key
    t =     9.47s Find the Application 'com.apple.mobilesafari'
    t =     9.48s Find the "delete" Key
    t =     9.50s Find the Application 'com.apple.mobilesafari'
    t =     9.51s Find the "more" Key
    t =     9.53s Find the Application 'com.apple.mobilesafari'
    t =     9.55s Find the "space" Key
    t =     9.56s Find the Application 'com.apple.mobilesafari'
    t =     9.58s Find the "@" Key
    t =     9.59s Find the Application 'com.apple.mobilesafari'
    t =     9.61s Find the "." Key
    t =     9.63s Find the Application 'com.apple.mobilesafari'
    t =     9.64s Find the "Return" Button
    t =     9.66s Find the Application 'com.apple.mobilesafari'
    t =     9.67s Find the Other (Identity Binding)
    t =     9.69s Find the Application 'com.apple.mobilesafari'
    t =     9.70s Find the "WebView" WebView
    t =     9.72s Find the Application 'com.apple.mobilesafari'
    t =     9.73s Find the Other (Identity Binding)
    t =     9.75s Find the Application 'com.apple.mobilesafari'
    t =     9.76s Find the Other (Identity Binding)
    t =     9.78s Find the Application 'com.apple.mobilesafari'
    t =     9.80s Find the Other (Identity Binding)
    t =     9.82s Find the Application 'com.apple.mobilesafari'
    t =     9.83s Find the Other (Identity Binding)
    t =     9.85s Find the Application 'com.apple.mobilesafari'
    t =     9.86s Find the "Typing Predictions" Other
    t =     9.88s Find the Application 'com.apple.mobilesafari'
    t =     9.90s Find the WebView (Identity Binding)
    t =     9.92s Find the Application 'com.apple.mobilesafari'
    t =     9.93s Find the Other (Identity Binding)
    t =     9.95s Find the Application 'com.apple.mobilesafari'
    t =     9.97s Find the Other (Identity Binding)
    t =     9.99s Find the Application 'com.apple.mobilesafari'
    t =    10.01s Find the "CapsuleNavigationBar?isSelected=true&isDistractionControlOverlayUp=false" Other
    t =    10.04s Find the Application 'com.apple.mobilesafari'
    t =    10.05s Find the Other (Identity Binding)
    t =    10.07s Find the Application 'com.apple.mobilesafari'
    t =    10.09s Find the Other (Identity Binding)
    t =    10.11s Find the Application 'com.apple.mobilesafari'
    t =    10.12s Find the Other (Identity Binding)
    t =    10.14s Find the Application 'com.apple.mobilesafari'
    t =    10.16s Find the WebView (Identity Binding)
    t =    10.18s Find the Application 'com.apple.mobilesafari'
    t =    10.19s Find the Other (Identity Binding)
    t =    10.21s Find the Application 'com.apple.mobilesafari'
    t =    10.22s Find the "Vertical scroll bar, 1 page" Other
    t =    10.24s Find the Application 'com.apple.mobilesafari'
    t =    10.25s Find the "Horizontal scroll bar, 1 page" Other
    t =    10.27s Find the Application 'com.apple.mobilesafari'
    t =    10.28s Find the Other (Identity Binding)
    t =    10.30s Find the Application 'com.apple.mobilesafari'
    t =    10.32s Find the Other (Identity Binding)
    t =    10.34s Find the Application 'com.apple.mobilesafari'
    t =    10.35s Find the Other (Identity Binding)
    t =    10.37s Find the Application 'com.apple.mobilesafari'
    t =    10.38s Find the Other (Identity Binding)
    t =    10.41s Find the Application 'com.apple.mobilesafari'
    t =    10.42s Find the Other (Identity Binding)
    t =    10.45s Find the Application 'com.apple.mobilesafari'
    t =    10.46s Find the Other (Identity Binding)
    t =    10.48s Find the Application 'com.apple.mobilesafari'
    t =    10.49s Find the Other (Identity Binding)
    t =    10.51s Find the Application 'com.apple.mobilesafari'
    t =    10.53s Find the Other (Identity Binding)
    t =    10.55s Find the Application 'com.apple.mobilesafari'
    t =    10.56s Find the Other (Identity Binding)
    t =    10.58s Find the Application 'com.apple.mobilesafari'
    t =    10.61s Find the Other (Identity Binding)
    t =    10.63s Find the Application 'com.apple.mobilesafari'
    t =    10.65s Find the Other (Identity Binding)
    t =    10.67s Find the Application 'com.apple.mobilesafari'
    t =    10.68s Find the Other (Identity Binding)
    t =    10.70s Find the Application 'com.apple.mobilesafari'
    t =    10.72s Find the "home
alex.rivera@example.com" Button
    t =    10.73s Find the Application 'com.apple.mobilesafari'
    t =    10.75s Find the "email
alex.school@example.edu" Button
    t =    10.77s Find the Application 'com.apple.mobilesafari'
    t =    10.78s Find the Other (Identity Binding)
    t =    10.80s Find the Application 'com.apple.mobilesafari'
    t =    10.81s Find the Other (Identity Binding)
    t =    10.83s Find the Application 'com.apple.mobilesafari'
    t =    10.85s Find the Other (Identity Binding)
    t =    10.88s Find the Application 'com.apple.mobilesafari'
    t =    10.90s Find the Other (Identity Binding)
    t =    10.94s Find the Application 'com.apple.mobilesafari'
    t =    10.97s Find the Other (Identity Binding)
    t =    10.99s Find the Application 'com.apple.mobilesafari'
    t =    11.01s Find the Other (Identity Binding)
    t =    11.03s Find the Application 'com.apple.mobilesafari'
    t =    11.04s Find the Other (Identity Binding)
    t =    11.06s Find the Application 'com.apple.mobilesafari'
    t =    11.08s Find the Other (Identity Binding)
    t =    11.11s Find the Application 'com.apple.mobilesafari'
    t =    11.13s Find the Other (Identity Binding)
    t =    11.15s Find the Application 'com.apple.mobilesafari'
    t =    11.17s Find the Other (Identity Binding)
    t =    11.19s Find the Application 'com.apple.mobilesafari'
    t =    11.20s Find the "Email probe" Other
    t =    11.22s Find the Application 'com.apple.mobilesafari'
    t =    11.28s Find the Other (Identity Binding)
    t =    11.30s Find the Application 'com.apple.mobilesafari'
    t =    11.31s Find the Other (Identity Binding)
    t =    11.33s Find the Application 'com.apple.mobilesafari'
    t =    11.35s Find the Other (Identity Binding)
    t =    11.37s Find the Application 'com.apple.mobilesafari'
    t =    11.38s Find the Other (Identity Binding)
    t =    11.40s Find the Application 'com.apple.mobilesafari'
    t =    11.47s Find the "form" Other
    t =    11.50s Find the Application 'com.apple.mobilesafari'
    t =    11.51s Find the "Previous" Button
    t =    11.53s Find the Application 'com.apple.mobilesafari'
    t =    11.54s Find the "Next" Button
    t =    11.56s Find the Application 'com.apple.mobilesafari'
    t =    11.58s Find the "AutoFill Contact" Button
    t =    11.60s Find the Application 'com.apple.mobilesafari'
    t =    11.61s Find the "Done" Button
    t =    11.63s Find the Application 'com.apple.mobilesafari'
    t =    11.65s Find the Other (Identity Binding)
    t =    11.67s Find the Application 'com.apple.mobilesafari'
    t =    11.68s Find the Other (Identity Binding)
    t =    11.70s Find the Application 'com.apple.mobilesafari'
    t =    11.72s Find the "AutoFill Contact" StaticText
    t =    11.73s Find the Application 'com.apple.mobilesafari'
    t =    11.75s Find the "Email" StaticText
    t =    11.77s Find the Application 'com.apple.mobilesafari'
    t =    11.79s Find the "Email" TextField
    t =    11.82s Find the Application 'com.apple.mobilesafari'
    t =    11.84s Find the "Phone" StaticText
    t =    11.86s Find the Application 'com.apple.mobilesafari'
    t =    11.87s Find the "Phone" TextField
    t =    11.89s Find the Application 'com.apple.mobilesafari'
    t =    11.91s Find the Other at {{0.0, 446.0}, {402.0, 428.0}}
    t =    11.93s Find the Other
    t =    11.95s Find the Other
    t =    11.97s Find the Other at {{0.0, 446.0}, {402.0, 428.0}}
    t =    11.99s Find the Other
    t =    12.01s Find the Other
    t =    12.02s Find the Other at {{0.0, 446.0}, {402.0, 100.0}}
    t =    12.04s Find the Other
    t =    12.06s Find the Other
    t =    12.08s Find the "inputView" Other
    t =    12.10s Find the "inputView" Other
    t =    12.12s Find the "inputView" Other
    t =    12.13s Find the Other at {{0.0, 446.0}, {402.0, 100.0}}
    t =    12.15s Find the Other
    t =    12.17s Find the Other
    t =    12.19s Find the "SystemInputAssistantView" Other
    t =    12.21s Find the "SystemInputAssistantView" Other
    t =    12.23s Find the "SystemInputAssistantView" Other
    t =    12.24s Find the Other at {{0.0, 546.0}, {402.0, 329.0}}
    t =    12.26s Find the Other
    t =    12.29s Find the Other
    t =    12.31s Find the Other at {{0.0, 590.0}, {402.0, 226.0}}
    t =    12.33s Find the Other
    t =    12.34s Find the Other
    t =    12.36s Find the Other at {{0.0, 590.0}, {402.0, 284.0}}
    t =    12.38s Find the Other
    t =    12.40s Find the Other
    t =    12.42s Find the Other at {{0.0, 478.0}, {402.0, 68.0}}
    t =    12.44s Find the Other
    t =    12.45s Find the Other
    t =    12.47s Find the Other at {{0.0, 546.0}, {402.0, 44.0}}
    t =    12.49s Find the Other
    t =    12.51s Find the Other
    t =    12.52s Find the Other at {{0.0, 546.0}, {402.0, 329.0}}
    t =    12.54s Find the Other
    t =    12.56s Find the Other
    t =    12.58s Find the Keyboard at {{0.0, 590.0}, {402.0, 226.0}}
    t =    12.60s Find the Keyboard
    t =    12.61s Find the Keyboard
    t =    12.63s Find the "Emoji" Button
    t =    12.65s Find the "Emoji" Button
    t =    12.67s Find the "Emoji" Button
    t =    12.69s Find the "dictation" Button
    t =    12.70s Find the "dictation" Button
    t =    12.72s Find the "dictation" Button
    t =    12.74s Find the Other at {{0.0, 446.0}, {402.0, 428.0}}
    t =    12.76s Find the Other
    t =    12.77s Find the Other
    t =    12.79s Find the Other at {{0.0, 478.0}, {402.0, 68.0}}
    t =    12.81s Find the Other
    t =    12.82s Find the Other
    t =    12.84s Find the "CenterPageView" Other
    t =    12.87s Find the "CenterPageView" Other
    t =    12.89s Find the "CenterPageView" Other
    t =    12.92s Find the Other at {{0.0, 546.0}, {402.0, 329.0}}
    t =    12.94s Find the Other
    t =    12.97s Find the Other
    t =    12.99s Find the Other at {{0.0, 590.0}, {402.0, 226.0}}
    t =    13.04s Find the Other
    t =    13.11s Find the Other
    t =    13.13s Find the StaticText at {{8.5, 805.7}, {0.0, 0.0}}
    t =    13.16s Find the StaticText
    t =    13.18s Find the StaticText
    t =    13.20s Find the StaticText at {{325.4, 805.4}, {0.0, 0.0}}
    t =    13.23s Find the StaticText
    t =    13.25s Find the StaticText
    t =    13.27s Find the Other at {{0.0, 446.0}, {402.0, 428.0}}
    t =    13.29s Find the Other
    t =    13.31s Find the Other
    t =    13.33s Find the Other at {{158.3, 446.0}, {85.3, 32.0}}
    t =    13.35s Find the Other
    t =    13.37s Find the Other
    t =    13.38s Find the "Toolbar" Toolbar
    t =    13.40s Find the "Toolbar" Toolbar
    t =    13.43s Find the "Toolbar" Toolbar
    t =    13.45s Find the Other at {{0.0, 546.0}, {402.0, 44.0}}
    t =    13.47s Find the Other
    t =    13.49s Find the Other
    t =    13.50s Find the "UIKeyboardLayoutStar Preview" Other
    t =    13.52s Find the "UIKeyboardLayoutStar Preview" Other
    t =    13.54s Find the "UIKeyboardLayoutStar Preview" Other
    t =    13.56s Find the "Horizontal scroll bar, 1 page" Other
    t =    13.58s Find the "Horizontal scroll bar, 1 page" Other
    t =    13.60s Find the "Horizontal scroll bar, 1 page" Other
    t =    13.62s Find the Other at {{0.0, 446.0}, {402.0, 428.0}}
    t =    13.64s Find the Other
    t =    13.66s Find the Other
    t =    13.67s Find the Other at {{158.3, 446.0}, {85.3, 32.0}}
    t =    13.69s Find the Other
    t =    13.71s Find the Other
    t =    13.72s Find the Other at {{0.0, 488.0}, {402.0, 48.0}}
    t =    13.74s Find the Other
    t =    13.76s Find the Other
    t =    13.78s Find the ScrollView at {{0.0, 546.0}, {402.0, 44.0}}
    t =    13.81s Find the ScrollView
    t =    13.83s Find the ScrollView
    t =    13.86s Find the Other at {{0.0, 546.0}, {402.0, 44.0}}
    t =    13.88s Find the Other
    t =    13.90s Find the Other
    t =    13.91s Find the "Padding-Left" Key
    t =    13.93s Find the "Padding-Left" Key
    t =    13.95s Find the "Padding-Left" Key
    t =    13.97s Find the "Padding-Right" Key
    t =    13.99s Find the "Padding-Right" Key
    t =    14.00s Find the "Padding-Right" Key
    t =    14.02s Find the "Padding-Left" Key
    t =    14.04s Find the "Padding-Left" Key
    t =    14.06s Find the "Padding-Left" Key
    t =    14.07s Find the "Padding-Right" Key
    t =    14.09s Find the "Padding-Right" Key
    t =    14.12s Find the "Padding-Right" Key
    t =    14.14s Find the "Padding-Left" Key
    t =    14.16s Find the "Padding-Left" Key
    t =    14.18s Find the "Padding-Left" Key
    t =    14.23s Find the "Padding-Right" Key
    t =    14.26s Find the "Padding-Right" Key
    t =    14.29s Find the "Padding-Right" Key
    t =    14.31s Find the "q" Key
    t =    14.33s Find the "q" Key
    t =    14.35s Find the "q" Key
    t =    14.37s Find the "w" Key
    t =    14.39s Find the "w" Key
    t =    14.41s Find the "w" Key
    t =    14.43s Find the "e" Key
    t =    14.45s Find the "e" Key
    t =    14.47s Find the "e" Key
    t =    14.49s Find the "r" Key
    t =    14.52s Find the "r" Key
    t =    14.55s Find the "r" Key
    t =    14.57s Find the "t" Key
    t =    14.59s Find the "t" Key
    t =    14.61s Find the "t" Key
    t =    14.64s Find the "y" Key
    t =    14.66s Find the "y" Key
    t =    14.68s Find the "y" Key
    t =    14.70s Find the "u" Key
    t =    14.72s Find the "u" Key
    t =    14.75s Find the "u" Key
    t =    14.78s Find the "i" Key
    t =    14.82s Find the "i" Key
    t =    14.85s Find the "i" Key
    t =    14.87s Find the "o" Key
    t =    14.89s Find the "o" Key
    t =    14.91s Find the "o" Key
    t =    14.93s Find the "p" Key
    t =    14.95s Find the "p" Key
    t =    14.97s Find the "p" Key
    t =    14.99s Find the "a" Key
    t =    15.01s Find the "a" Key
    t =    15.02s Find the "a" Key
    t =    15.04s Find the "s" Key
    t =    15.06s Find the "s" Key
    t =    15.08s Find the "s" Key
    t =    15.10s Find the "d" Key
    t =    15.11s Find the "d" Key
    t =    15.13s Find the "d" Key
    t =    15.15s Find the "f" Key
    t =    15.17s Find the "f" Key
    t =    15.19s Find the "f" Key
    t =    15.20s Find the "g" Key
    t =    15.22s Find the "g" Key
    t =    15.24s Find the "g" Key
    t =    15.26s Find the "h" Key
    t =    15.28s Find the "h" Key
    t =    15.30s Find the "h" Key
    t =    15.32s Find the "j" Key
    t =    15.34s Find the "j" Key
    t =    15.38s Find the "j" Key
    t =    15.41s Find the "k" Key
    t =    15.44s Find the "k" Key
    t =    15.46s Find the "k" Key
    t =    15.49s Find the "l" Key
    t =    15.53s Find the "l" Key
    t =    15.56s Find the "l" Key
    t =    15.59s Find the "shift" Button
    t =    15.62s Find the "shift" Button
    t =    15.64s Find the "shift" Button
    t =    15.66s Find the "z" Key
    t =    15.68s Find the "z" Key
    t =    15.71s Find the "z" Key
    t =    15.72s Find the "x" Key
    t =    15.74s Find the "x" Key
    t =    15.77s Find the "x" Key
    t =    15.80s Find the "c" Key
    t =    15.82s Find the "c" Key
    t =    15.84s Find the "c" Key
    t =    15.86s Find the "v" Key
    t =    15.89s Find the "v" Key
    t =    15.91s Find the "v" Key
    t =    15.93s Find the "b" Key
    t =    15.96s Find the "b" Key
    t =    15.98s Find the "b" Key
    t =    16.00s Find the "n" Key
    t =    16.03s Find the "n" Key
    t =    16.06s Find the "n" Key
    t =    16.08s Find the "m" Key
    t =    16.10s Find the "m" Key
    t =    16.13s Find the "m" Key
    t =    16.16s Find the "delete" Key
    t =    16.18s Find the "delete" Key
    t =    16.20s Find the "delete" Key
    t =    16.22s Find the "more" Key
    t =    16.24s Find the "more" Key
    t =    16.27s Find the "more" Key
    t =    16.29s Find the "space" Key
    t =    16.32s Find the "space" Key
    t =    16.36s Find the "space" Key
    t =    16.39s Find the "@" Key
    t =    16.43s Find the "@" Key
    t =    16.46s Find the "@" Key
    t =    16.48s Find the "." Key
    t =    16.50s Find the "." Key
    t =    16.52s Find the "." Key
    t =    16.54s Find the "Return" Button
    t =    16.56s Find the "Return" Button
    t =    16.58s Find the "Return" Button
    t =    16.60s Find the Other at {{334.3, 868.0}, {7.0, 3.0}}
    t =    16.62s Find the Other
    t =    16.64s Find the Other
    t =    16.66s Find the Other at {{0.0, 446.0}, {402.0, 428.0}}
    t =    16.68s Find the Other
    t =    16.70s Find the Other
    t =    16.72s Find the Other at {{158.3, 446.0}, {85.3, 32.0}}
    t =    16.73s Find the Other
    t =    16.75s Find the Other
    t =    16.77s Find the Other at {{16.0, 488.0}, {370.0, 48.0}}
    t =    16.79s Find the Other
    t =    16.81s Find the Other
    t =    16.83s Find the "Typing Predictions" Other
    t =    16.85s Find the "Typing Predictions" Other
    t =    16.87s Find the "Typing Predictions" Other
    t =    16.89s Find the Other at {{0.0, 446.0}, {402.0, 428.0}}
    t =    16.91s Find the Other
    t =    16.93s Find the Other
    t =    16.95s Find the Other at {{0.0, 446.0}, {402.0, 428.0}}
    t =    16.96s Find the Other
    t =    16.98s Find the Other
    t =    17.00s Find the "CapsuleNavigationBar?isSelected=true&isDistractionControlOverlayUp=false" Other
    t =    17.02s Find the "CapsuleNavigationBar?isSelected=true&isDistractionControlOverlayUp=false" Other
    t =    17.03s Find the "CapsuleNavigationBar?isSelected=true&isDistractionControlOverlayUp=false" Other
    t =    17.05s Find the Other at {{16.0, 488.0}, {370.0, 48.0}}
    t =    17.07s Find the Other
    t =    17.09s Find the Other
    t =    17.11s Find the Other at {{0.0, 546.0}, {402.0, 44.0}}
    t =    17.13s Find the Other
    t =    17.15s Find the Other
    t =    17.17s Find the "Horizontal scroll bar, 1 page" Other
    t =    17.19s Find the "Horizontal scroll bar, 1 page" Other
    t =    17.21s Find the "Horizontal scroll bar, 1 page" Other
    t =    17.23s Find the Other at {{0.0, 446.0}, {402.0, 428.0}}
    t =    17.25s Find the Other
    t =    17.27s Find the Other
    t =    17.29s Find the Other at {{0.0, 446.0}, {402.0, 98.0}}
    t =    17.31s Find the Other
    t =    17.33s Find the Other
    t =    17.35s Find the Other at {{16.0, 488.0}, {0.0, 0.0}}
    t =    17.37s Find the Other
    t =    17.40s Find the Other
    t =    17.42s Find the Other at {{0.0, 546.0}, {402.0, 44.0}}
    t =    17.45s Find the Other
    t =    17.47s Find the Other
    t =    17.50s Find the Other at {{0.0, 406.0}, {402.0, 80.0}}
    t =    17.52s Find the Other
    t =    17.54s Find the Other
    t =    17.57s Find the Other at {{65.0, 440.0}, {272.0, 3.0}}
    t =    17.59s Find the Other
    t =    17.62s Find the Other
    t =    17.64s Find the Other at {{0.0, 446.0}, {402.0, 98.0}}
    t =    17.66s Find the Other
    t =    17.69s Find the Other
    t =    17.71s Find the Other at {{16.0, 488.0}, {370.0, 48.0}}
    t =    17.73s Find the Other
    t =    17.76s Find the Other
    t =    17.78s Find the "home
alex.rivera@example.com" Button
    t =    17.80s Find the "home
alex.rivera@example.com" Button
    t =    17.83s Find the "home
alex.rivera@example.com" Button
    t =    17.85s Find the "email
alex.school@example.edu" Button
    t =    17.88s Find the "email
alex.school@example.edu" Button
    t =    17.91s Find the "email
alex.school@example.edu" Button
    t =    17.93s Find the Other at {{16.0, 488.0}, {50.0, 48.0}}
    t =    17.96s Find the Other
    t =    17.98s Find the Other
    t =    18.01s Find the Other at {{70.0, 488.0}, {50.0, 48.0}}
    t =    18.03s Find the Other
    t =    18.05s Find the Other
    t =    18.08s Find the Other at {{130.0, 488.0}, {120.0, 48.0}}
    t =    18.11s Find the Other
    t =    18.14s Find the Other
    t =    18.18s Find the Other at {{336.0, 488.0}, {50.0, 48.0}}
    t =    18.22s Find the Other
    t =    18.26s Find the Other
    t =    18.42s Find the Other at {{21.0, 493.0}, {40.0, 38.0}}
    t =    18.47s Find the Other
    t =    18.57s Find the Other
    t =    18.61s Find the Other at {{75.0, 493.0}, {40.0, 38.0}}
    t =    18.65s Find the Other
    t =    18.68s Find the Other
    t =    18.70s Find the Other at {{135.0, 497.0}, {110.0, 30.0}}
    t =    18.72s Find the Other
    t =    18.75s Find the Other
    t =    18.77s Find the Other at {{341.0, 493.0}, {40.0, 38.0}}
    t =    18.80s Find the Other
    t =    18.82s Find the Other
    t =    18.85s Find the Other at {{21.0, 493.0}, {40.0, 38.0}}
    t =    18.87s Find the Other
    t =    18.89s Find the Other
    t =    18.91s Find the Other at {{75.0, 493.0}, {40.0, 38.0}}
    t =    18.94s Find the Other
    t =    18.97s Find the Other
    t =    19.00s Find the Other at {{135.0, 497.0}, {110.0, 30.0}}
    t =    19.03s Find the Other
    t =    19.05s Find the Other
    t =    19.08s Find the Other at {{341.0, 493.0}, {40.0, 38.0}}
    t =    19.10s Find the Other
    t =    19.13s Find the Other
    t =    19.16s Find the "Previous" Button
    t =    19.18s Find the "Previous" Button
    t =    19.22s Find the "Previous" Button
    t =    19.25s Find the "Next" Button
    t =    19.29s Find the "Next" Button
    t =    19.32s Find the "Next" Button
    t =    19.35s Find the "AutoFill Contact" Button
    t =    19.38s Find the "AutoFill Contact" Button
    t =    19.41s Find the "AutoFill Contact" Button
    t =    19.43s Find the "Done" Button
    t =    19.46s Find the "Done" Button
    t =    19.49s Find the "Done" Button
    t =    19.53s Find the "AutoFill Contact" StaticText
    t =    19.56s Find the "AutoFill Contact" StaticText
    t =    19.60s Find the "AutoFill Contact" StaticText
[driver] lower-half elements: 1|| ;; 1|| ;; 1|| ;; 1||inputView ;; 1|| ;; 1||SystemInputAssistantView ;; 1|| ;; 1|| ;; 1|| ;; 1|| ;; 1|| ;; 1|| ;; 19|| ;; 9|Emoji| ;; 9|Dictate|dictation ;; 1|| ;; 1|| ;; 1||CenterPageView ;; 1|| ;; 1|| ;; 48|| ;; 48|| ;; 1|| ;; 1|| ;; 24|Toolbar|Toolbar ;; 1|| ;; 1||UIKeyboardLayoutStar Preview ;; 1|Horizontal scroll bar, 1 page| ;; 1|| ;; 1|| ;; 1|| ;; 46|| ;; 1|| ;; 20|Padding-Left| ;; 20|Padding-Right| ;; 20|Padding-Left| ;; 20|Padding-Right| ;; 20|Padding-Left| ;; 20|Padding-Right| ;; 20|q| ;; 20|w| ;; 20|e| ;; 20|r| ;; 20|t| ;; 20|y| ;; 20|u| ;; 20|i| ;; 20|o| ;; 20|p| ;; 20|a| ;; 20|s| ;; 20|d| ;; 20|f| ;; 20|g| ;; 20|h| ;; 20|j| ;; 20|k| ;; 20|l| ;; 9|shift|shift ;; 20|z| ;; 20|x| ;; 20|c| ;; 20|v| ;; 20|b| ;; 20|n| ;; 20|m| ;; 20|delete|delete ;; 20|numbers|more ;; 20|space|space ;; 20|@| ;; 20|.| ;; 9|return|Return ;; 1|| ;; 1|| ;; 1|| ;; 1|| ;; 1|Typing Predictions| ;; 1|| ;; 1|| ;; 1||CapsuleNavigationBar?isSelected=true&isDistractionControlOverlayUp=false ;; 1|| ;; 1|| ;; 1|Horizontal scroll bar, 1 page| ;; 1|| ;; 1|| ;; 1|| ;; 1|| ;; 1|| ;; 1|| ;; 1|| ;; 1|| ;; 9|home
alex.rivera@example.com| ;; 9|email
alex.school@example.edu| ;; 1|| ;; 1|| ;; 1|| ;; 1|| ;; 1|| ;; 1|| ;; 1|| ;; 1|| ;; 1|| ;; 1|| ;; 1|| ;; 1|| ;; 9|Previous| ;; 9|Next| ;; 9|AutoFill Contact| ;; 9|Done| ;; 48|AutoFill Contact|
    t =    19.65s Tear Down
Test Case '-[ProbeUITests.DriverTests testScript]' passed (19.678 seconds).
Test Suite 'DriverTests' passed at 2026-09-30 23:17:08.588.
	 Executed 1 test, with 0 failures (0 unexpected) in 19.678 (19.693) seconds
Test Suite 'ProbeUITests.xctest' passed at 2026-09-30 23:17:08.590.
	 Executed 1 test, with 0 failures (0 unexpected) in 19.678 (19.695) seconds
Test Suite 'All tests' passed at 2026-09-30 23:17:08.590.
	 Executed 1 test, with 0 failures (0 unexpected) in 19.678 (19.696) seconds
2026-09-30 23:17:08.919 xcodebuild[94692:12840893] [MT] IDETestOperationsObserverDebug: 25.313 elapsed -- Testing started completed.
2026-09-30 23:17:08.919 xcodebuild[94692:12840893] [MT] IDETestOperationsObserverDebug: 0.000 sec, +0.000 sec -- start
2026-09-30 23:17:08.919 xcodebuild[94692:12840893] [MT] IDETestOperationsObserverDebug: 25.313 sec, +25.313 sec -- end

Test session results, code coverage, and logs:
	/Users/tarunyadgirkar/TarunsCode/prefill/spikes/contacts/build/Logs/Test/Test-Probe-2026.09.30_23-16-43--0700.xcresult

** TEST EXECUTE SUCCEEDED **

Testing started
