Command line invocation:
    /Applications/Xcode.app/Contents/Developer/usr/bin/xcodebuild test-without-building -project /Users/tarunyadgirkar/TarunsCode/prefill/spikes/contacts/ContactsProbe.xcodeproj -scheme Probe -destination "platform=iOS Simulator,id=A53AB330-51D0-4F6A-88C2-83EDF2CA571D" -derivedDataPath /Users/tarunyadgirkar/TarunsCode/prefill/spikes/contacts/build

2026-09-30 23:36:16.490112-0700 ProbeUITests-Runner[27510:13003018] [Default] Running tests...
    t =      nans Interface orientation changed to Portrait
Test Suite 'All tests' started at 2026-09-30 23:36:20.108.
Test Suite 'ProbeUITests.xctest' started at 2026-09-30 23:36:20.109.
Test Suite 'DriverTests' started at 2026-09-30 23:36:20.109.
Test Case '-[ProbeUITests.DriverTests testScript]' started.
    t =     0.01s Start Test at 2026-09-30 23:36:20.115
    t =     0.02s Set Up
[driver] step app com.apple.mobilesafari
    t =     0.03s Open com.apple.mobilesafari
    t =     0.03s     Activate com.apple.mobilesafari
    t =     0.03s         Wait for com.apple.mobilesafari to idle
[driver] step tapWeb Email
    t =     0.04s Waiting 15.0s for TextField (First Match) to exist
objc[27510]: Class UIAccessibilityLoaderWebShared is implemented in both /private/var/run/com.apple.security.cryptexd/mnt/com.apple.iPhoneOS.SimulatorRuntime-v24.1.434.0.GOjTIm/Library/Developer/CoreSimulator/Profiles/Runtimes/iOS 27.0.simruntime/Contents/Resources/RuntimeRoot/System/Library/AccessibilityBundles/WebKit.axbundle/WebKit (0x109164398) and /private/var/run/com.apple.security.cryptexd/mnt/com.apple.iPhoneOS.SimulatorRuntime-v24.1.434.0.GOjTIm/Library/Developer/CoreSimulator/Profiles/Runtimes/iOS 27.0.simruntime/Contents/Resources/RuntimeRoot/System/Library/AccessibilityBundles/WebCore.axbundle/WebCore (0x10929c310). This may cause spurious casting failures and mysterious crashes. One of the duplicates must be removed or renamed.
    t =     1.05s     Checking `Expect predicate `existsNoRetry == 1` for object TextField (First Match)`
    t =     1.05s         Checking existence of `TextField (First Match)`
    t =     1.08s Tap TextField (First Match)
    t =     1.08s     Wait for com.apple.mobilesafari to idle
    t =     1.08s     Find the TextField (First Match)
    t =     1.10s     Check for interrupting elements affecting "Email" TextField
    t =     1.12s     Synthesize event
    t =     1.41s     Wait for com.apple.mobilesafari to idle
[driver] step type ty
    t =     1.55s Type 'ty' into Application 'com.apple.mobilesafari'
    t =     1.55s     Wait for com.apple.mobilesafari to idle
    t =     2.05s     Find the Application 'com.apple.mobilesafari'
    t =     2.07s     Check for interrupting elements affecting "Safari" Application
    t =     2.09s     Synthesize event
    t =     2.33s     Wait for com.apple.mobilesafari to idle
[driver] step wait 2
[driver] step stamp typed
[driver] stamp typed 1790836584.450074
[driver] step keyboard 
    t =     4.34s Waiting 5.0s for Keyboard (First Match) to exist
    t =     5.37s     Checking `Expect predicate `existsNoRetry == 1` for object Keyboard (First Match)`
    t =     5.37s         Checking existence of `Keyboard (First Match)`
    t =     6.89s Get all elements bound by accessibility element for: Descendants matching type Any
    t =     7.19s Find the Window (Identity Binding)
    t =     7.21s Find the Application 'com.apple.mobilesafari'
    t =     7.22s Find the Window (Identity Binding)
    t =     7.24s Find the Application 'com.apple.mobilesafari'
    t =     7.25s Find the Window (Identity Binding)
    t =     7.28s Find the Application 'com.apple.mobilesafari'
    t =     7.29s Find the Other (Identity Binding)
    t =     7.31s Find the Application 'com.apple.mobilesafari'
    t =     7.32s Find the Other (Identity Binding)
    t =     7.34s Find the Application 'com.apple.mobilesafari'
    t =     7.35s Find the Other (Identity Binding)
    t =     7.37s Find the Application 'com.apple.mobilesafari'
    t =     7.38s Find the Other (Identity Binding)
    t =     7.40s Find the Application 'com.apple.mobilesafari'
    t =     7.41s Find the "Suggested" Other
    t =     7.43s Find the Application 'com.apple.mobilesafari'
    t =     7.44s Find the Other (Identity Binding)
    t =     7.46s Find the Application 'com.apple.mobilesafari'
    t =     7.47s Find the Other (Identity Binding)
    t =     7.49s Find the Application 'com.apple.mobilesafari'
    t =     7.51s Find the Other (Identity Binding)
    t =     7.53s Find the Application 'com.apple.mobilesafari'
    t =     7.54s Find the Other (Identity Binding)
    t =     7.56s Find the Application 'com.apple.mobilesafari'
    t =     7.57s Find the Other (Identity Binding)
    t =     7.59s Find the Application 'com.apple.mobilesafari'
    t =     7.60s Find the Other (Identity Binding)
    t =     7.62s Find the Application 'com.apple.mobilesafari'
    t =     7.63s Find the "SafariWindow?View=Narrow&BarsKeptMinimized=false&UUID=E099565E-1415-4A1E-BC66-9B28868CD65D&UsingLoweredBar=true&IsSecure=false&IsTabBarAvailable=false" Other
    t =     7.65s Find the Application 'com.apple.mobilesafari'
    t =     7.66s Find the Other (Identity Binding)
    t =     7.67s Find the Application 'com.apple.mobilesafari'
    t =     7.69s Find the "inputView" Other
    t =     7.70s Find the Application 'com.apple.mobilesafari'
    t =     7.72s Find the ScrollView (Identity Binding)
    t =     7.73s Find the Application 'com.apple.mobilesafari'
    t =     7.75s Find the Other (Identity Binding)
    t =     7.76s Find the Application 'com.apple.mobilesafari'
    t =     7.78s Find the "SystemInputAssistantView" Other
    t =     7.79s Find the Application 'com.apple.mobilesafari'
    t =     7.81s Find the Other (Identity Binding)
    t =     7.82s Find the Application 'com.apple.mobilesafari'
    t =     7.84s Find the Other (Identity Binding)
    t =     7.85s Find the Application 'com.apple.mobilesafari'
    t =     7.86s Find the Other (Identity Binding)
    t =     7.88s Find the Application 'com.apple.mobilesafari'
    t =     7.89s Find the Other (Identity Binding)
    t =     7.91s Find the Application 'com.apple.mobilesafari'
    t =     7.92s Find the "CapsuleViewController" Other
    t =     7.94s Find the Application 'com.apple.mobilesafari'
    t =     7.95s Find the Other (Identity Binding)
    t =     7.97s Find the Application 'com.apple.mobilesafari'
    t =     7.98s Find the Other (Identity Binding)
    t =     8.00s Find the Application 'com.apple.mobilesafari'
    t =     8.01s Find the "Vertical scroll bar, 2 pages" Other
    t =     8.03s Find the Application 'com.apple.mobilesafari'
    t =     8.04s Find the "Horizontal scroll bar, 2 pages" Other
    t =     8.06s Find the Application 'com.apple.mobilesafari'
    t =     8.07s Find the Other (Identity Binding)
    t =     8.09s Find the Application 'com.apple.mobilesafari'
    t =     8.10s Find the Other (Identity Binding)
    t =     8.12s Find the Application 'com.apple.mobilesafari'
    t =     8.13s Find the Keyboard (Identity Binding)
    t =     8.16s Find the Application 'com.apple.mobilesafari'
    t =     8.17s Find the "Emoji" Button
    t =     8.19s Find the Application 'com.apple.mobilesafari'
    t =     8.20s Find the "dictation" Button
    t =     8.21s Find the Application 'com.apple.mobilesafari'
    t =     8.23s Find the Other (Identity Binding)
    t =     8.24s Find the Application 'com.apple.mobilesafari'
    t =     8.26s Find the Other (Identity Binding)
    t =     8.27s Find the Application 'com.apple.mobilesafari'
    t =     8.29s Find the Other (Identity Binding)
    t =     8.30s Find the Application 'com.apple.mobilesafari'
    t =     8.32s Find the "new.first@example.org" Other
    t =     8.34s Find the Application 'com.apple.mobilesafari'
    t =     8.35s Find the "alex.school@example.edu" Other
    t =     8.37s Find the Application 'com.apple.mobilesafari'
    t =     8.38s Find the Other (Identity Binding)
    t =     8.40s Find the Application 'com.apple.mobilesafari'
    t =     8.42s Find the Other (Identity Binding)
    t =     8.44s Find the Application 'com.apple.mobilesafari'
    t =     8.45s Find the "CenterPageView" Other
    t =     8.47s Find the Application 'com.apple.mobilesafari'
    t =     8.48s Find the Other (Identity Binding)
    t =     8.50s Find the Application 'com.apple.mobilesafari'
    t =     8.51s Find the Other (Identity Binding)
    t =     8.53s Find the Application 'com.apple.mobilesafari'
    t =     8.54s Find the StaticText (Identity Binding)
    t =     8.56s Find the Application 'com.apple.mobilesafari'
    t =     8.57s Find the StaticText (Identity Binding)
    t =     8.59s Find the Application 'com.apple.mobilesafari'
    t =     8.60s Find the Other (Identity Binding)
    t =     8.62s Find the Application 'com.apple.mobilesafari'
    t =     8.63s Find the Other (Identity Binding)
    t =     8.65s Find the Application 'com.apple.mobilesafari'
    t =     8.66s Find the ScrollView (Identity Binding)
    t =     8.68s Find the Application 'com.apple.mobilesafari'
    t =     8.69s Find the Other (Identity Binding)
    t =     8.71s Find the Application 'com.apple.mobilesafari'
    t =     8.72s Find the Other (Identity Binding)
    t =     8.74s Find the Application 'com.apple.mobilesafari'
    t =     8.75s Find the "Toolbar" Toolbar
    t =     8.77s Find the Application 'com.apple.mobilesafari'
    t =     8.78s Find the Other (Identity Binding)
    t =     8.80s Find the Application 'com.apple.mobilesafari'
    t =     8.81s Find the Other (Identity Binding)
    t =     8.83s Find the Application 'com.apple.mobilesafari'
    t =     8.84s Find the "UIKeyboardLayoutStar Preview" Other
    t =     8.86s Find the Application 'com.apple.mobilesafari'
    t =     8.87s Find the Other (Identity Binding)
    t =     8.89s Find the Application 'com.apple.mobilesafari'
    t =     8.90s Find the Other (Identity Binding)
    t =     8.92s Find the Application 'com.apple.mobilesafari'
    t =     8.93s Find the Other (Identity Binding)
    t =     8.95s Find the Application 'com.apple.mobilesafari'
    t =     8.96s Find the Other (Identity Binding)
    t =     8.98s Find the Application 'com.apple.mobilesafari'
    t =     8.99s Find the "TabDocument?IsLoadedUsingDesktopUserAgent=false&InReaderMode=false&UUID=61A882A6-5B21-43BC-837D-E34D6CF93D08&IsPrivate=false&IsPageLoaded=true&WebViewProcessID=25337" Other
    t =     9.01s Find the Application 'com.apple.mobilesafari'
    t =     9.02s Find the "Horizontal scroll bar, 1 page" Other
    t =     9.04s Find the Application 'com.apple.mobilesafari'
    t =     9.05s Find the Other (Identity Binding)
    t =     9.07s Find the Application 'com.apple.mobilesafari'
    t =     9.08s Find the Other (Identity Binding)
    t =     9.10s Find the Application 'com.apple.mobilesafari'
    t =     9.11s Find the Other (Identity Binding)
    t =     9.13s Find the Application 'com.apple.mobilesafari'
    t =     9.14s Find the ScrollView (Identity Binding)
    t =     9.16s Find the Application 'com.apple.mobilesafari'
    t =     9.17s Find the Other (Identity Binding)
    t =     9.19s Find the Application 'com.apple.mobilesafari'
    t =     9.20s Find the "Padding-Left" Key
    t =     9.22s Find the Application 'com.apple.mobilesafari'
    t =     9.23s Find the "Padding-Right" Key
    t =     9.25s Find the Application 'com.apple.mobilesafari'
    t =     9.26s Find the "Padding-Left" Key
    t =     9.28s Find the Application 'com.apple.mobilesafari'
    t =     9.29s Find the "Padding-Right" Key
    t =     9.31s Find the Application 'com.apple.mobilesafari'
    t =     9.32s Find the "Padding-Left" Key
    t =     9.34s Find the Application 'com.apple.mobilesafari'
    t =     9.35s Find the "Padding-Right" Key
    t =     9.36s Find the Application 'com.apple.mobilesafari'
    t =     9.38s Find the "q" Key
    t =     9.39s Find the Application 'com.apple.mobilesafari'
    t =     9.41s Find the "w" Key
    t =     9.42s Find the Application 'com.apple.mobilesafari'
    t =     9.44s Find the "e" Key
    t =     9.45s Find the Application 'com.apple.mobilesafari'
    t =     9.47s Find the "r" Key
    t =     9.48s Find the Application 'com.apple.mobilesafari'
    t =     9.50s Find the "t" Key
    t =     9.51s Find the Application 'com.apple.mobilesafari'
    t =     9.53s Find the "y" Key
    t =     9.54s Find the Application 'com.apple.mobilesafari'
    t =     9.56s Find the "u" Key
    t =     9.57s Find the Application 'com.apple.mobilesafari'
    t =     9.59s Find the "i" Key
    t =     9.60s Find the Application 'com.apple.mobilesafari'
    t =     9.62s Find the "o" Key
    t =     9.63s Find the Application 'com.apple.mobilesafari'
    t =     9.65s Find the "p" Key
    t =     9.66s Find the Application 'com.apple.mobilesafari'
    t =     9.68s Find the "a" Key
    t =     9.69s Find the Application 'com.apple.mobilesafari'
    t =     9.71s Find the "s" Key
    t =     9.72s Find the Application 'com.apple.mobilesafari'
    t =     9.74s Find the "d" Key
    t =     9.75s Find the Application 'com.apple.mobilesafari'
    t =     9.77s Find the "f" Key
    t =     9.78s Find the Application 'com.apple.mobilesafari'
    t =     9.80s Find the "g" Key
    t =     9.81s Find the Application 'com.apple.mobilesafari'
    t =     9.83s Find the "h" Key
    t =     9.84s Find the Application 'com.apple.mobilesafari'
    t =     9.86s Find the "j" Key
    t =     9.87s Find the Application 'com.apple.mobilesafari'
    t =     9.89s Find the "k" Key
    t =     9.90s Find the Application 'com.apple.mobilesafari'
    t =     9.92s Find the "l" Key
    t =     9.93s Find the Application 'com.apple.mobilesafari'
    t =     9.95s Find the "shift" Button
    t =     9.96s Find the Application 'com.apple.mobilesafari'
    t =     9.98s Find the "z" Key
    t =     9.99s Find the Application 'com.apple.mobilesafari'
    t =    10.01s Find the "x" Key
    t =    10.02s Find the Application 'com.apple.mobilesafari'
    t =    10.03s Find the "c" Key
    t =    10.05s Find the Application 'com.apple.mobilesafari'
    t =    10.06s Find the "v" Key
    t =    10.08s Find the Application 'com.apple.mobilesafari'
    t =    10.09s Find the "b" Key
    t =    10.11s Find the Application 'com.apple.mobilesafari'
    t =    10.13s Find the "n" Key
    t =    10.15s Find the Application 'com.apple.mobilesafari'
    t =    10.16s Find the "m" Key
    t =    10.18s Find the Application 'com.apple.mobilesafari'
    t =    10.19s Find the "delete" Key
    t =    10.21s Find the Application 'com.apple.mobilesafari'
    t =    10.23s Find the "more" Key
    t =    10.24s Find the Application 'com.apple.mobilesafari'
    t =    10.26s Find the "space" Key
    t =    10.27s Find the Application 'com.apple.mobilesafari'
    t =    10.29s Find the "@" Key
    t =    10.30s Find the Application 'com.apple.mobilesafari'
    t =    10.32s Find the "." Key
    t =    10.33s Find the Application 'com.apple.mobilesafari'
    t =    10.35s Find the "Return" Button
    t =    10.36s Find the Application 'com.apple.mobilesafari'
    t =    10.38s Find the Other (Identity Binding)
    t =    10.40s Find the Application 'com.apple.mobilesafari'
    t =    10.41s Find the "WebView" WebView
    t =    10.43s Find the Application 'com.apple.mobilesafari'
    t =    10.44s Find the Other (Identity Binding)
    t =    10.46s Find the Application 'com.apple.mobilesafari'
    t =    10.47s Find the Other (Identity Binding)
    t =    10.49s Find the Application 'com.apple.mobilesafari'
    t =    10.50s Find the Other (Identity Binding)
    t =    10.52s Find the Application 'com.apple.mobilesafari'
    t =    10.53s Find the Other (Identity Binding)
    t =    10.55s Find the Application 'com.apple.mobilesafari'
    t =    10.56s Find the "Typing Predictions" Other
    t =    10.58s Find the Application 'com.apple.mobilesafari'
    t =    10.60s Find the WebView (Identity Binding)
    t =    10.61s Find the Application 'com.apple.mobilesafari'
    t =    10.63s Find the Other (Identity Binding)
    t =    10.65s Find the Application 'com.apple.mobilesafari'
    t =    10.66s Find the Other (Identity Binding)
    t =    10.68s Find the Application 'com.apple.mobilesafari'
    t =    10.69s Find the "CapsuleNavigationBar?isSelected=true&isDistractionControlOverlayUp=false" Other
    t =    10.71s Find the Application 'com.apple.mobilesafari'
    t =    10.72s Find the Other (Identity Binding)
    t =    10.74s Find the Application 'com.apple.mobilesafari'
    t =    10.76s Find the Other (Identity Binding)
    t =    10.77s Find the Application 'com.apple.mobilesafari'
    t =    10.79s Find the Other (Identity Binding)
    t =    10.81s Find the Application 'com.apple.mobilesafari'
    t =    10.82s Find the WebView (Identity Binding)
    t =    10.84s Find the Application 'com.apple.mobilesafari'
    t =    10.85s Find the Other (Identity Binding)
    t =    10.87s Find the Application 'com.apple.mobilesafari'
    t =    10.88s Find the "Vertical scroll bar, 1 page" Other
    t =    10.90s Find the Application 'com.apple.mobilesafari'
    t =    10.91s Find the "Horizontal scroll bar, 1 page" Other
    t =    10.93s Find the Application 'com.apple.mobilesafari'
    t =    10.95s Find the Other (Identity Binding)
    t =    10.97s Find the Application 'com.apple.mobilesafari'
    t =    10.98s Find the Other (Identity Binding)
    t =    11.00s Find the Application 'com.apple.mobilesafari'
    t =    11.01s Find the Other (Identity Binding)
    t =    11.03s Find the Application 'com.apple.mobilesafari'
    t =    11.04s Find the Other (Identity Binding)
    t =    11.06s Find the Application 'com.apple.mobilesafari'
    t =    11.07s Find the Other (Identity Binding)
    t =    11.09s Find the Application 'com.apple.mobilesafari'
    t =    11.11s Find the Other (Identity Binding)
    t =    11.12s Find the Application 'com.apple.mobilesafari'
    t =    11.14s Find the Other (Identity Binding)
    t =    11.16s Find the Application 'com.apple.mobilesafari'
    t =    11.17s Find the Other (Identity Binding)
    t =    11.19s Find the Application 'com.apple.mobilesafari'
    t =    11.20s Find the Other (Identity Binding)
    t =    11.22s Find the Application 'com.apple.mobilesafari'
    t =    11.23s Find the Other (Identity Binding)
    t =    11.25s Find the Application 'com.apple.mobilesafari'
    t =    11.27s Find the Other (Identity Binding)
    t =    11.28s Find the Application 'com.apple.mobilesafari'
    t =    11.30s Find the Other (Identity Binding)
    t =    11.31s Find the Application 'com.apple.mobilesafari'
    t =    11.33s Find the "“t”" Button
    t =    11.35s Find the Application 'com.apple.mobilesafari'
    t =    11.36s Find the "the" Button
    t =    11.38s Find the Application 'com.apple.mobilesafari'
    t =    11.39s Find the "this" Button
    t =    11.41s Find the Application 'com.apple.mobilesafari'
    t =    11.42s Find the Other (Identity Binding)
    t =    11.44s Find the Application 'com.apple.mobilesafari'
    t =    11.45s Find the Other (Identity Binding)
    t =    11.47s Find the Application 'com.apple.mobilesafari'
    t =    11.48s Find the Other (Identity Binding)
    t =    11.50s Find the Application 'com.apple.mobilesafari'
    t =    11.52s Find the Other (Identity Binding)
    t =    11.53s Find the Application 'com.apple.mobilesafari'
    t =    11.55s Find the Other (Identity Binding)
    t =    11.56s Find the Application 'com.apple.mobilesafari'
    t =    11.58s Find the Other (Identity Binding)
    t =    11.60s Find the Application 'com.apple.mobilesafari'
    t =    11.61s Find the Other (Identity Binding)
    t =    11.63s Find the Application 'com.apple.mobilesafari'
    t =    11.64s Find the Other (Identity Binding)
    t =    11.66s Find the Application 'com.apple.mobilesafari'
    t =    11.67s Find the Other (Identity Binding)
    t =    11.68s Find the Application 'com.apple.mobilesafari'
    t =    11.70s Find the Other (Identity Binding)
    t =    11.71s Find the Application 'com.apple.mobilesafari'
    t =    11.73s Find the "Email probe" Other
    t =    11.75s Find the Application 'com.apple.mobilesafari'
    t =    11.76s Find the Other (Identity Binding)
    t =    11.78s Find the Application 'com.apple.mobilesafari'
    t =    11.79s Find the Other (Identity Binding)
    t =    11.81s Find the Application 'com.apple.mobilesafari'
    t =    11.82s Find the Other (Identity Binding)
    t =    11.84s Find the Application 'com.apple.mobilesafari'
    t =    11.85s Find the Other (Identity Binding)
    t =    11.87s Find the Application 'com.apple.mobilesafari'
    t =    11.88s Find the "form" Other
    t =    11.90s Find the Application 'com.apple.mobilesafari'
    t =    11.91s Find the "Previous" Button
    t =    11.93s Find the Application 'com.apple.mobilesafari'
    t =    11.94s Find the "Next" Button
    t =    11.96s Find the Application 'com.apple.mobilesafari'
    t =    11.97s Find the "AutoFill Contact" Button
    t =    11.99s Find the Application 'com.apple.mobilesafari'
    t =    12.00s Find the "Done" Button
    t =    12.02s Find the Application 'com.apple.mobilesafari'
    t =    12.03s Find the Other (Identity Binding)
    t =    12.06s Find the Application 'com.apple.mobilesafari'
    t =    12.07s Find the Other (Identity Binding)
    t =    12.09s Find the Application 'com.apple.mobilesafari'
    t =    12.11s Find the "AutoFill Contact" StaticText
    t =    12.12s Find the Application 'com.apple.mobilesafari'
    t =    12.14s Find the "Email" StaticText
    t =    12.16s Find the Application 'com.apple.mobilesafari'
    t =    12.17s Find the "Email" TextField
    t =    12.20s Find the Application 'com.apple.mobilesafari'
    t =    12.21s Find the "Phone" StaticText
    t =    12.23s Find the Application 'com.apple.mobilesafari'
    t =    12.24s Find the "Phone" TextField
    t =    12.27s Find the Application 'com.apple.mobilesafari'
    t =    12.28s Find the Other at {{0.0, 446.0}, {402.0, 428.0}}
    t =    12.30s Find the Other
    t =    12.31s Find the Other
    t =    12.33s Find the Other at {{0.0, 446.0}, {402.0, 428.0}}
    t =    12.35s Find the Other
    t =    12.36s Find the Other
    t =    12.38s Find the Other at {{0.0, 446.0}, {402.0, 100.0}}
    t =    12.40s Find the Other
    t =    12.41s Find the Other
    t =    12.43s Find the "inputView" Other
    t =    12.45s Find the "inputView" Other
    t =    12.47s Find the "inputView" Other
    t =    12.48s Find the Other at {{0.0, 446.0}, {402.0, 100.0}}
    t =    12.50s Find the Other
    t =    12.52s Find the Other
    t =    12.53s Find the "SystemInputAssistantView" Other
    t =    12.55s Find the "SystemInputAssistantView" Other
    t =    12.57s Find the "SystemInputAssistantView" Other
    t =    12.59s Find the Other at {{0.0, 546.0}, {402.0, 329.0}}
    t =    12.61s Find the Other
    t =    12.62s Find the Other
    t =    12.64s Find the Other at {{0.0, 590.0}, {402.0, 226.0}}
    t =    12.66s Find the Other
    t =    12.68s Find the Other
    t =    12.69s Find the Other at {{0.0, 590.0}, {402.0, 284.0}}
    t =    12.71s Find the Other
    t =    12.73s Find the Other
    t =    12.75s Find the Other at {{0.0, 478.0}, {402.0, 68.0}}
    t =    12.76s Find the Other
    t =    12.78s Find the Other
    t =    12.80s Find the Other at {{0.0, 546.0}, {402.0, 44.0}}
    t =    12.81s Find the Other
    t =    12.83s Find the Other
    t =    12.85s Find the Other at {{0.0, 546.0}, {402.0, 329.0}}
    t =    12.87s Find the Other
    t =    12.89s Find the Other
    t =    12.90s Find the Keyboard at {{0.0, 590.0}, {402.0, 226.0}}
    t =    12.92s Find the Keyboard
    t =    12.94s Find the Keyboard
    t =    12.96s Find the "Emoji" Button
    t =    12.98s Find the "Emoji" Button
    t =    13.00s Find the "Emoji" Button
    t =    13.02s Find the "dictation" Button
    t =    13.03s Find the "dictation" Button
    t =    13.05s Find the "dictation" Button
    t =    13.07s Find the Other at {{0.0, 446.0}, {402.0, 428.0}}
    t =    13.08s Find the Other
    t =    13.10s Find the Other
    t =    13.12s Find the Other at {{0.0, 478.0}, {402.0, 68.0}}
    t =    13.13s Find the Other
    t =    13.15s Find the Other
    t =    13.17s Find the "CenterPageView" Other
    t =    13.19s Find the "CenterPageView" Other
    t =    13.21s Find the "CenterPageView" Other
    t =    13.23s Find the Other at {{0.0, 546.0}, {402.0, 329.0}}
    t =    13.24s Find the Other
    t =    13.26s Find the Other
    t =    13.28s Find the Other at {{0.0, 590.0}, {402.0, 226.0}}
    t =    13.30s Find the Other
    t =    13.32s Find the Other
    t =    13.33s Find the StaticText at {{8.5, 805.7}, {0.0, 0.0}}
    t =    13.35s Find the StaticText
    t =    13.37s Find the StaticText
    t =    13.38s Find the StaticText at {{325.4, 805.4}, {0.0, 0.0}}
    t =    13.40s Find the StaticText
    t =    13.42s Find the StaticText
    t =    13.43s Find the Other at {{0.0, 446.0}, {402.0, 428.0}}
    t =    13.45s Find the Other
    t =    13.47s Find the Other
    t =    13.48s Find the Other at {{158.3, 446.0}, {85.3, 32.0}}
    t =    13.50s Find the Other
    t =    13.52s Find the Other
    t =    13.53s Find the "Toolbar" Toolbar
    t =    13.55s Find the "Toolbar" Toolbar
    t =    13.57s Find the "Toolbar" Toolbar
    t =    13.59s Find the Other at {{0.0, 546.0}, {402.0, 44.0}}
    t =    13.60s Find the Other
    t =    13.62s Find the Other
    t =    13.64s Find the "UIKeyboardLayoutStar Preview" Other
    t =    13.65s Find the "UIKeyboardLayoutStar Preview" Other
    t =    13.67s Find the "UIKeyboardLayoutStar Preview" Other
    t =    13.69s Find the "Horizontal scroll bar, 1 page" Other
    t =    13.70s Find the "Horizontal scroll bar, 1 page" Other
    t =    13.72s Find the "Horizontal scroll bar, 1 page" Other
    t =    13.73s Find the Other at {{0.0, 446.0}, {402.0, 428.0}}
    t =    13.75s Find the Other
    t =    13.77s Find the Other
    t =    13.79s Find the Other at {{158.3, 446.0}, {85.3, 32.0}}
    t =    13.80s Find the Other
    t =    13.82s Find the Other
    t =    13.84s Find the Other at {{0.0, 488.0}, {402.0, 48.0}}
    t =    13.86s Find the Other
    t =    13.87s Find the Other
    t =    13.89s Find the ScrollView at {{0.0, 546.0}, {402.0, 44.0}}
    t =    13.91s Find the ScrollView
    t =    13.93s Find the ScrollView
    t =    13.94s Find the Other at {{0.0, 546.0}, {402.0, 44.0}}
    t =    13.96s Find the Other
    t =    13.98s Find the Other
    t =    14.00s Find the "Padding-Left" Key
    t =    14.02s Find the "Padding-Left" Key
    t =    14.03s Find the "Padding-Left" Key
    t =    14.05s Find the "Padding-Right" Key
    t =    14.07s Find the "Padding-Right" Key
    t =    14.08s Find the "Padding-Right" Key
    t =    14.10s Find the "Padding-Left" Key
    t =    14.12s Find the "Padding-Left" Key
    t =    14.13s Find the "Padding-Left" Key
    t =    14.15s Find the "Padding-Right" Key
    t =    14.17s Find the "Padding-Right" Key
    t =    14.18s Find the "Padding-Right" Key
    t =    14.20s Find the "Padding-Left" Key
    t =    14.22s Find the "Padding-Left" Key
    t =    14.24s Find the "Padding-Left" Key
    t =    14.25s Find the "Padding-Right" Key
    t =    14.27s Find the "Padding-Right" Key
    t =    14.29s Find the "Padding-Right" Key
    t =    14.30s Find the "q" Key
    t =    14.32s Find the "q" Key
    t =    14.34s Find the "q" Key
    t =    14.36s Find the "w" Key
    t =    14.37s Find the "w" Key
    t =    14.39s Find the "w" Key
    t =    14.41s Find the "e" Key
    t =    14.42s Find the "e" Key
    t =    14.44s Find the "e" Key
    t =    14.46s Find the "r" Key
    t =    14.48s Find the "r" Key
    t =    14.49s Find the "r" Key
    t =    14.51s Find the "t" Key
    t =    14.53s Find the "t" Key
    t =    14.54s Find the "t" Key
    t =    14.56s Find the "y" Key
    t =    14.58s Find the "y" Key
    t =    14.59s Find the "y" Key
    t =    14.61s Find the "u" Key
    t =    14.63s Find the "u" Key
    t =    14.64s Find the "u" Key
    t =    14.66s Find the "i" Key
    t =    14.68s Find the "i" Key
    t =    14.70s Find the "i" Key
    t =    14.71s Find the "o" Key
    t =    14.73s Find the "o" Key
    t =    14.74s Find the "o" Key
    t =    14.76s Find the "p" Key
    t =    14.78s Find the "p" Key
    t =    14.79s Find the "p" Key
    t =    14.81s Find the "a" Key
    t =    14.83s Find the "a" Key
    t =    14.84s Find the "a" Key
    t =    14.86s Find the "s" Key
    t =    14.88s Find the "s" Key
    t =    14.89s Find the "s" Key
    t =    14.91s Find the "d" Key
    t =    14.93s Find the "d" Key
    t =    14.94s Find the "d" Key
    t =    14.96s Find the "f" Key
    t =    14.98s Find the "f" Key
    t =    14.99s Find the "f" Key
    t =    15.01s Find the "g" Key
    t =    15.03s Find the "g" Key
    t =    15.05s Find the "g" Key
    t =    15.07s Find the "h" Key
    t =    15.08s Find the "h" Key
    t =    15.10s Find the "h" Key
    t =    15.12s Find the "j" Key
    t =    15.14s Find the "j" Key
    t =    15.15s Find the "j" Key
    t =    15.17s Find the "k" Key
    t =    15.19s Find the "k" Key
    t =    15.20s Find the "k" Key
    t =    15.22s Find the "l" Key
    t =    15.24s Find the "l" Key
    t =    15.25s Find the "l" Key
    t =    15.27s Find the "shift" Button
    t =    15.29s Find the "shift" Button
    t =    15.30s Find the "shift" Button
    t =    15.32s Find the "z" Key
    t =    15.34s Find the "z" Key
    t =    15.35s Find the "z" Key
    t =    15.37s Find the "x" Key
    t =    15.39s Find the "x" Key
    t =    15.40s Find the "x" Key
    t =    15.42s Find the "c" Key
    t =    15.43s Find the "c" Key
    t =    15.45s Find the "c" Key
    t =    15.47s Find the "v" Key
    t =    15.48s Find the "v" Key
    t =    15.50s Find the "v" Key
    t =    15.52s Find the "b" Key
    t =    15.53s Find the "b" Key
    t =    15.55s Find the "b" Key
    t =    15.57s Find the "n" Key
    t =    15.58s Find the "n" Key
    t =    15.60s Find the "n" Key
    t =    15.61s Find the "m" Key
    t =    15.63s Find the "m" Key
    t =    15.65s Find the "m" Key
    t =    15.66s Find the "delete" Key
    t =    15.68s Find the "delete" Key
    t =    15.70s Find the "delete" Key
    t =    15.71s Find the "more" Key
    t =    15.73s Find the "more" Key
    t =    15.75s Find the "more" Key
    t =    15.76s Find the "space" Key
    t =    15.78s Find the "space" Key
    t =    15.79s Find the "space" Key
    t =    15.81s Find the "@" Key
    t =    15.83s Find the "@" Key
    t =    15.84s Find the "@" Key
    t =    15.86s Find the "." Key
    t =    15.88s Find the "." Key
    t =    15.89s Find the "." Key
    t =    15.91s Find the "Return" Button
    t =    15.93s Find the "Return" Button
    t =    15.94s Find the "Return" Button
    t =    15.96s Find the Other at {{65.0, 868.0}, {272.0, 3.0}}
    t =    15.97s Find the Other
    t =    15.99s Find the Other
    t =    16.01s Find the Other at {{0.0, 446.0}, {402.0, 428.0}}
    t =    16.02s Find the Other
    t =    16.04s Find the Other
    t =    16.06s Find the Other at {{158.3, 446.0}, {85.3, 32.0}}
    t =    16.07s Find the Other
    t =    16.09s Find the Other
    t =    16.11s Find the Other at {{16.0, 488.0}, {370.0, 48.0}}
    t =    16.12s Find the Other
    t =    16.14s Find the Other
    t =    16.16s Find the "Typing Predictions" Other
    t =    16.18s Find the "Typing Predictions" Other
    t =    16.20s Find the "Typing Predictions" Other
    t =    16.21s Find the Other at {{0.0, 446.0}, {402.0, 428.0}}
    t =    16.23s Find the Other
    t =    16.25s Find the Other
    t =    16.27s Find the Other at {{0.0, 446.0}, {402.0, 428.0}}
    t =    16.29s Find the Other
    t =    16.31s Find the Other
    t =    16.32s Find the "CapsuleNavigationBar?isSelected=true&isDistractionControlOverlayUp=false" Other
    t =    16.34s Find the "CapsuleNavigationBar?isSelected=true&isDistractionControlOverlayUp=false" Other
    t =    16.36s Find the "CapsuleNavigationBar?isSelected=true&isDistractionControlOverlayUp=false" Other
    t =    16.38s Find the Other at {{16.0, 488.0}, {370.0, 48.0}}
    t =    16.39s Find the Other
    t =    16.41s Find the Other
    t =    16.43s Find the Other at {{0.0, 546.0}, {402.0, 44.0}}
    t =    16.45s Find the Other
    t =    16.47s Find the Other
    t =    16.48s Find the "Horizontal scroll bar, 1 page" Other
    t =    16.50s Find the "Horizontal scroll bar, 1 page" Other
    t =    16.52s Find the "Horizontal scroll bar, 1 page" Other
    t =    16.54s Find the Other at {{0.0, 446.0}, {402.0, 428.0}}
    t =    16.55s Find the Other
    t =    16.57s Find the Other
    t =    16.59s Find the Other at {{0.0, 446.0}, {402.0, 98.0}}
    t =    16.61s Find the Other
    t =    16.62s Find the Other
    t =    16.64s Find the Other at {{16.0, 488.0}, {0.0, 0.0}}
    t =    16.66s Find the Other
    t =    16.68s Find the Other
    t =    16.70s Find the Other at {{0.0, 546.0}, {402.0, 44.0}}
    t =    16.71s Find the Other
    t =    16.73s Find the Other
    t =    16.75s Find the Other at {{0.0, 406.0}, {402.0, 80.0}}
    t =    16.77s Find the Other
    t =    16.78s Find the Other
    t =    16.80s Find the Other at {{65.0, 440.0}, {272.0, 3.0}}
    t =    16.82s Find the Other
    t =    16.84s Find the Other
    t =    16.85s Find the Other at {{0.0, 446.0}, {402.0, 98.0}}
    t =    16.87s Find the Other
    t =    16.89s Find the Other
    t =    16.91s Find the Other at {{16.0, 488.0}, {370.0, 48.0}}
    t =    16.92s Find the Other
    t =    16.94s Find the Other
    t =    16.96s Find the "“t”" Button
    t =    16.98s Find the "“t”" Button
    t =    17.00s Find the "“t”" Button
    t =    17.02s Find the "the" Button
    t =    17.04s Find the "the" Button
    t =    17.05s Find the "the" Button
    t =    17.07s Find the "this" Button
    t =    17.09s Find the "this" Button
    t =    17.11s Find the "this" Button
    t =    17.13s Find the Other at {{16.0, 488.0}, {50.0, 48.0}}
    t =    17.15s Find the Other
    t =    17.16s Find the Other
    t =    17.18s Find the Other at {{70.0, 488.0}, {50.0, 48.0}}
    t =    17.20s Find the Other
    t =    17.22s Find the Other
    t =    17.24s Find the Other at {{130.0, 488.0}, {120.0, 48.0}}
    t =    17.26s Find the Other
    t =    17.27s Find the Other
    t =    17.29s Find the Other at {{336.0, 488.0}, {50.0, 48.0}}
    t =    17.31s Find the Other
    t =    17.33s Find the Other
    t =    17.35s Find the Other at {{21.0, 493.0}, {40.0, 38.0}}
    t =    17.37s Find the Other
    t =    17.39s Find the Other
    t =    17.40s Find the Other at {{75.0, 493.0}, {40.0, 38.0}}
    t =    17.43s Find the Other
    t =    17.45s Find the Other
    t =    17.47s Find the Other at {{135.0, 497.0}, {110.0, 30.0}}
    t =    17.48s Find the Other
    t =    17.50s Find the Other
    t =    17.52s Find the Other at {{341.0, 493.0}, {40.0, 38.0}}
    t =    17.54s Find the Other
    t =    17.56s Find the Other
    t =    17.58s Find the Other at {{21.0, 493.0}, {40.0, 38.0}}
    t =    17.60s Find the Other
    t =    17.62s Find the Other
    t =    17.63s Find the Other at {{75.0, 493.0}, {40.0, 38.0}}
    t =    17.65s Find the Other
    t =    17.67s Find the Other
    t =    17.69s Find the Other at {{135.0, 497.0}, {110.0, 30.0}}
    t =    17.70s Find the Other
    t =    17.72s Find the Other
    t =    17.74s Find the Other at {{341.0, 493.0}, {40.0, 38.0}}
    t =    17.75s Find the Other
    t =    17.77s Find the Other
    t =    17.79s Find the "Previous" Button
    t =    17.81s Find the "Previous" Button
    t =    17.82s Find the "Previous" Button
    t =    17.84s Find the "Next" Button
    t =    17.86s Find the "Next" Button
    t =    17.87s Find the "Next" Button
    t =    17.89s Find the "AutoFill Contact" Button
    t =    17.91s Find the "AutoFill Contact" Button
    t =    17.93s Find the "AutoFill Contact" Button
    t =    17.94s Find the "Done" Button
    t =    17.96s Find the "Done" Button
    t =    17.98s Find the "Done" Button
    t =    17.99s Find the "AutoFill Contact" StaticText
    t =    18.01s Find the "AutoFill Contact" StaticText
    t =    18.03s Find the "AutoFill Contact" StaticText
[driver] lower-half elements: 1|| ;; 1|| ;; 1|| ;; 1||inputView ;; 1|| ;; 1||SystemInputAssistantView ;; 1|| ;; 1|| ;; 1|| ;; 1|| ;; 1|| ;; 1|| ;; 19|| ;; 9|Emoji| ;; 9|Dictate|dictation ;; 1|| ;; 1|| ;; 1||CenterPageView ;; 1|| ;; 1|| ;; 48|| ;; 48|| ;; 1|| ;; 1|| ;; 24|Toolbar|Toolbar ;; 1|| ;; 1||UIKeyboardLayoutStar Preview ;; 1|Horizontal scroll bar, 1 page| ;; 1|| ;; 1|| ;; 1|| ;; 46|| ;; 1|| ;; 20|Padding-Left| ;; 20|Padding-Right| ;; 20|Padding-Left| ;; 20|Padding-Right| ;; 20|Padding-Left| ;; 20|Padding-Right| ;; 20|q| ;; 20|w| ;; 20|e| ;; 20|r| ;; 20|t| ;; 20|y| ;; 20|u| ;; 20|i| ;; 20|o| ;; 20|p| ;; 20|a| ;; 20|s| ;; 20|d| ;; 20|f| ;; 20|g| ;; 20|h| ;; 20|j| ;; 20|k| ;; 20|l| ;; 9|shift|shift ;; 20|z| ;; 20|x| ;; 20|c| ;; 20|v| ;; 20|b| ;; 20|n| ;; 20|m| ;; 20|delete|delete ;; 20|numbers|more ;; 20|space|space ;; 20|@| ;; 20|.| ;; 9|return|Return ;; 1|| ;; 1|| ;; 1|| ;; 1|| ;; 1|Typing Predictions| ;; 1|| ;; 1|| ;; 1||CapsuleNavigationBar?isSelected=true&isDistractionControlOverlayUp=false ;; 1|| ;; 1|| ;; 1|Horizontal scroll bar, 1 page| ;; 1|| ;; 1|| ;; 1|| ;; 1|| ;; 1|| ;; 1|| ;; 1|| ;; 1|| ;; 9|“t”| ;; 9|the| ;; 9|this| ;; 1|| ;; 1|| ;; 1|| ;; 1|| ;; 1|| ;; 1|| ;; 1|| ;; 1|| ;; 1|| ;; 1|| ;; 1|| ;; 1|| ;; 9|Previous| ;; 9|Next| ;; 9|AutoFill Contact| ;; 9|Done| ;; 48|AutoFill Contact|
[driver] step tapWeb Phone
    t =    18.04s Waiting 15.0s for TextField (First Match) to exist
    t =    19.07s     Checking `Expect predicate `existsNoRetry == 1` for object TextField (First Match)`
    t =    19.07s         Checking existence of `TextField (First Match)`
    t =    19.11s Tap TextField (First Match)
    t =    19.11s     Wait for com.apple.mobilesafari to idle
    t =    19.11s     Find the TextField (First Match)
    t =    19.14s     Check for interrupting elements affecting "Phone" TextField
    t =    19.16s     Synthesize event
    t =    19.45s     Wait for com.apple.mobilesafari to idle
[driver] step type 415
    t =    19.98s Type '415' into Application 'com.apple.mobilesafari'
    t =    19.98s     Wait for com.apple.mobilesafari to idle
    t =    19.99s     Find the Application 'com.apple.mobilesafari'
    t =    20.00s     Check for interrupting elements affecting "Safari" Application
    t =    20.02s     Synthesize event
    t =    20.28s     Wait for com.apple.mobilesafari to idle
[driver] step wait 2
[driver] step stamp typedphone
[driver] stamp typedphone 1790836602.390874
[driver] step wait 3
    t =    25.30s Tear Down
Test Case '-[ProbeUITests.DriverTests testScript]' passed (25.324 seconds).
Test Suite 'DriverTests' passed at 2026-09-30 23:36:45.439.
	 Executed 1 test, with 0 failures (0 unexpected) in 25.324 (25.330) seconds
Test Suite 'ProbeUITests.xctest' passed at 2026-09-30 23:36:45.439.
	 Executed 1 test, with 0 failures (0 unexpected) in 25.324 (25.331) seconds
Test Suite 'All tests' passed at 2026-09-30 23:36:45.439.
	 Executed 1 test, with 0 failures (0 unexpected) in 25.324 (25.331) seconds
2026-09-30 23:36:45.726 xcodebuild[27488:13002755] [MT] IDETestOperationsObserverDebug: 30.396 elapsed -- Testing started completed.
2026-09-30 23:36:45.726 xcodebuild[27488:13002755] [MT] IDETestOperationsObserverDebug: 0.000 sec, +0.000 sec -- start
2026-09-30 23:36:45.726 xcodebuild[27488:13002755] [MT] IDETestOperationsObserverDebug: 30.396 sec, +30.396 sec -- end

Test session results, code coverage, and logs:
	/Users/tarunyadgirkar/TarunsCode/prefill/spikes/contacts/build/Logs/Test/Test-Probe-2026.09.30_23-36-15--0700.xcresult

** TEST EXECUTE SUCCEEDED **

Testing started
