Command line invocation:
    /Applications/Xcode.app/Contents/Developer/usr/bin/xcodebuild test-without-building -project /Users/tarunyadgirkar/TarunsCode/prefill/spikes/contacts/ContactsProbe.xcodeproj -scheme Probe -destination "platform=iOS Simulator,id=A53AB330-51D0-4F6A-88C2-83EDF2CA571D" -derivedDataPath /Users/tarunyadgirkar/TarunsCode/prefill/spikes/contacts/build

2026-09-30 23:31:49.105343-0700 ProbeUITests-Runner[17810:12960944] [Default] Running tests...
    t =      nans Interface orientation changed to Portrait
Test Suite 'All tests' started at 2026-09-30 23:31:52.665.
Test Suite 'ProbeUITests.xctest' started at 2026-09-30 23:31:52.665.
Test Suite 'DriverTests' started at 2026-09-30 23:31:52.666.
Test Case '-[ProbeUITests.DriverTests testScript]' started.
    t =     0.01s Start Test at 2026-09-30 23:31:52.675
    t =     0.04s Set Up
[driver] step probe picker
    t =     0.04s Open com.tarunyadgirkar.prefill.spike.contacts.probe
    t =     0.04s     Launch com.tarunyadgirkar.prefill.spike.contacts.probe
    t =     0.04s         Terminate com.tarunyadgirkar.prefill.spike.contacts.probe:17095
objc[17810]: Class UIAccessibilityLoaderWebShared is implemented in both /private/var/run/com.apple.security.cryptexd/mnt/com.apple.iPhoneOS.SimulatorRuntime-v24.1.434.0.GOjTIm/Library/Developer/CoreSimulator/Profiles/Runtimes/iOS 27.0.simruntime/Contents/Resources/RuntimeRoot/System/Library/AccessibilityBundles/WebKit.axbundle/WebKit (0x108164398) and /private/var/run/com.apple.security.cryptexd/mnt/com.apple.iPhoneOS.SimulatorRuntime-v24.1.434.0.GOjTIm/Library/Developer/CoreSimulator/Profiles/Runtimes/iOS 27.0.simruntime/Contents/Resources/RuntimeRoot/System/Library/AccessibilityBundles/WebCore.axbundle/WebCore (0x10829c310). This may cause spurious casting failures and mysterious crashes. One of the duplicates must be removed or renamed.
2026-09-30 23:31:54.020 xcodebuild[17789:12960588] [MT] IDELaunchParametersSnapshot: debugger version lookup failed for path '<nil>': noURL
2026-09-30 23:31:54.020 xcodebuild[17789:12960588] [MT] IDELaunchParametersSnapshot: no debugger version
    t =     1.76s         Setting up automation session
    t =     3.88s         Wait for com.tarunyadgirkar.prefill.spike.contacts.probe to idle
[driver] step wait 3
[driver] step stamp picker
[driver] stamp picker 1790836321.393817
[driver] step tap Kate Bell
    t =     8.73s Waiting 10.0s for Any (First Match) to exist
    t =     9.76s     Checking `Expect predicate `existsNoRetry == 1` for object Any (First Match)`
    t =     9.76s         Checking existence of `Any (First Match)`
    t =    10.57s Tap Any (First Match)
    t =    10.57s     Wait for com.tarunyadgirkar.prefill.spike.contacts.probe to idle
    t =    10.57s     Find the Any (First Match)
    t =    10.71s     Check for interrupting elements affecting "Kate Bell" StaticText
    t =    10.92s     Synthesize event
    t =    11.24s     Wait for com.tarunyadgirkar.prefill.spike.contacts.probe to idle
[driver] step wait 3
[driver] step dump 
    t =    14.76s Requesting snapshot of accessibility hierarchy for app with pid 18127
    t =    15.43s Requesting snapshot of accessibility hierarchy for app with pid 18127
[driver] tree
Attributes: Application, 0x107c85a40, pid: 18127, label: 'Probe'
Element subtree:
 →Application, 0x107c85a40, pid: 18127, label: 'Probe'
    Window (Main), 0x107c86a80, {{0.0, 0.0}, {402.0, 874.0}}
      Other, 0x107c86080, {{0.0, 0.0}, {402.0, 874.0}}
        Other, 0x107c85180, {{0.0, 0.0}, {402.0, 874.0}}
          Other, 0x107c86800, {{0.0, 0.0}, {402.0, 874.0}}
            Other, 0x107c85f40, {{0.0, 0.0}, {402.0, 874.0}}
              Other, 0x107c85e00, {{0.0, 0.0}, {402.0, 874.0}}
                NavigationBar, 0x107c86940, {{0.0, 62.0}, {402.0, 106.0}}, identifier: 'Contacts probe'
                  StaticText, 0x107c86bc0, {{16.0, 119.7}, {244.7, 40.7}}, label: 'Contacts probe'
                Other, 0x107c86f80, {{0.0, 0.0}, {402.0, 874.0}}
                  Other, 0x107c87480, {{0.0, 0.0}, {402.0, 874.0}}
                    Other, 0x107c87200, {{0.0, 0.0}, {402.0, 874.0}}
                      Other, 0x107c86d00, {{0.0, 0.0}, {402.0, 874.0}}
                        CollectionView, 0x107c87ac0, {{0.0, 0.0}, {402.0, 874.0}}
                          Other, 0x107c87700, {{-16.0, -1580.0}, {434.0, 4244.0}}
                          Other, 0x107c86e40, {{0.0, 0.0}, {402.0, 874.0}}
                            Other, 0x107c87840, {{0.0, 0.0}, {402.0, 102.0}}
                          Other, 0x107c87980, {{0.0, 0.0}, {402.0, 874.0}}
                          Cell, 0x107c870c0, {{16.0, 168.0}, {370.0, 52.0}}
                            Other, 0x107c875c0, {{16.0, 168.0}, {370.0, 52.0}}
                              Other, 0x107c87c00, {{16.0, 168.0}, {370.0, 52.0}}
                            Other, 0x107c87340, {{16.0, 168.0}, {370.0, 52.0}}
                              Other, 0x107c87d40, {{16.0, 168.0}, {370.0, 52.0}}
                                Other, 0x107c84500, {{16.0, 168.0}, {370.0, 52.0}}
                                  StaticText, 0x107c85400, {{16.0, 168.0}, {370.0, 52.0}}, identifier: 'last', label: 'picker: picker presented'
                          Cell, 0x107c86440, {{16.0, 220.0}, {370.0, 52.0}}
                            Other, 0x107c87e80, {{16.0, 220.0}, {370.0, 52.0}}
                              Other, 0x107c84640, {{16.0, 220.0}, {370.0, 52.0}}
                            Other, 0x107c86300, {{16.0, 220.0}, {370.0, 52.0}}
                              Other, 0x107c86580, {{16.0, 220.0}, {370.0, 52.0}}
                                Other, 0x107c861c0, {{16.0, 220.0}, {370.0, 52.0}}
                                  Button, 0x107c85b80, {{16.0, 220.0}, {370.0, 52.0}}, identifier: 'action.status', label: 'status'
                          Other, 0x107c85cc0, {{32.0, 219.0}, {338.0, 1.0}}
                          Cell, 0x107c85040, {{16.0, 272.0}, {370.0, 52.0}}
                            Other, 0x107c84f00, {{16.0, 272.0}, {370.0, 52.0}}
                              Other, 0x107c85900, {{16.0, 272.0}, {370.0, 52.0}}
                            Other, 0x107c852c0, {{16.0, 272.0}, {370.0, 52.0}}
                              Other, 0x107c84c80, {{16.0, 272.0}, {370.0, 52.0}}
                                Other, 0x104e89400, {{16.0, 272.0}, {370.0, 52.0}}
                                  Button, 0x104e8b980, {{16.0, 272.0}, {370.0, 52.0}}, identifier: 'action.request', label: 'request'
                          Other, 0x104e892c0, {{32.0, 271.0}, {338.0, 1.0}}
                          Cell, 0x104e8b840, {{16.0, 324.0}, {370.0, 52.0}}
                            Other, 0x104e8bac0, {{16.0, 324.0}, {370.0, 52.0}}
                              Other, 0x104e8bc00, {{16.0, 324.0}, {370.0, 52.0}}
                            Other, 0x104e8b5c0, {{16.0, 324.0}, {370.0, 52.0}}
                              Other, 0x104e8b700, {{16.0, 324.0}, {370.0, 52.0}}
                                Other, 0x10926ca00, {{16.0, 324.0}, {370.0, 52.0}}
                                  Button, 0x10926cb40, {{16.0, 324.0}, {370.0, 52.0}}, identifier: 'action.dump', label: 'dump'
                          Other, 0x10926cc80, {{32.0, 323.0}, {338.0, 1.0}}
                          Cell, 0x10926cdc0, {{16.0, 376.0}, {370.0, 52.0}}
                            Other, 0x10926cf00, {{16.0, 376.0}, {370.0, 52.0}}
                              Other, 0x10926d040, {{16.0, 376.0}, {370.0, 52.0}}
                            Other, 0x10926d180, {{16.0, 376.0}, {370.0, 52.0}}
                              Other, 0x10926d2c0, {{16.0, 376.0}, {370.0, 52.0}}
                                Other, 0x10926d400, {{16.0, 376.0}, {370.0, 52.0}}
                                  Button, 0x10926c000, {{16.0, 376.0}, {370.0, 52.0}}, identifier: 'action.listAll', label: 'listAll'
                          Other, 0x10926c140, {{32.0, 375.0}, {338.0, 1.0}}
                          Cell, 0x10926c280, {{16.0, 428.0}, {370.0, 52.0}}
                            Other, 0x10926c500, {{16.0, 428.0}, {370.0, 52.0}}
                              Other, 0x10926c640, {{16.0, 428.0}, {370.0, 52.0}}
                            Other, 0x10926d680, {{16.0, 428.0}, {370.0, 52.0}}
                              Other, 0x10926d7c0, {{16.0, 428.0}, {370.0, 52.0}}
                                Other, 0x10926dcc0, {{16.0, 428.0}, {370.0, 52.0}}
                                  Button, 0x10926de00, {{16.0, 428.0}, {370.0, 52.0}}, identifier: 'action.reorder', label: 'reorder'
                          Other, 0x10926df40, {{32.0, 427.0}, {338.0, 1.0}}
                          Cell, 0x10926e080, {{16.0, 480.0}, {370.0, 52.0}}
                            Other, 0x10926fe80, {{16.0, 480.0}, {370.0, 52.0}}
                              Other, 0x10926f980, {{16.0, 480.0}, {370.0, 52.0}}
                            Other, 0x10926fc00, {{16.0, 480.0}, {370.0, 52.0}}
                              Other, 0x10926fd40, {{16.0, 480.0}, {370.0, 52.0}}
                                Other, 0x10926fac0, {{16.0, 480.0}, {370.0, 52.0}}
                                  Button, 0x10926f840, {{16.0, 480.0}, {370.0, 52.0}}, identifier: 'action.add', label: 'add'
                          Other, 0x10926f700, {{32.0, 479.0}, {338.0, 1.0}}
                          Cell, 0x10926e940, {{16.0, 532.0}, {370.0, 52.0}}
                            Other, 0x10926ed00, {{16.0, 532.0}, {370.0, 52.0}}
                              Other, 0x10926ee40, {{16.0, 532.0}, {370.0, 52.0}}
                            Other, 0x10926f5c0, {{16.0, 532.0}, {370.0, 52.0}}
                              Other, 0x10926ef80, {{16.0, 532.0}, {370.0, 52.0}}
                                Other, 0x10926f200, {{16.0, 532.0}, {370.0, 52.0}}
                                  Button, 0x10926f480, {{16.0, 532.0}, {370.0, 52.0}}, identifier: 'action.reset', label: 'reset'
                          Other, 0x10926f340, {{32.0, 531.0}, {338.0, 1.0}}
                          Cell, 0x10926f0c0, {{16.0, 584.0}, {370.0, 52.0}}
                            Other, 0x10926ea80, {{16.0, 584.0}, {370.0, 52.0}}
                              Other, 0x10926ebc0, {{16.0, 584.0}, {370.0, 52.0}}
                            Other, 0x10926e6c0, {{16.0, 584.0}, {370.0, 52.0}}
                              Other, 0x10926e800, {{16.0, 584.0}, {370.0, 52.0}}
                                Other, 0x10926e300, {{16.0, 584.0}, {370.0, 52.0}}
                                  Button, 0x10926e580, {{16.0, 584.0}, {370.0, 52.0}}, identifier: 'action.picker', label: 'picker'
                          Other, 0x10926e440, {{32.0, 583.0}, {338.0, 1.0}}
                          Cell, 0x10926e1c0, {{16.0, 636.0}, {370.0, 52.0}}
                            Other, 0x10926d900, {{16.0, 636.0}, {370.0, 52.0}}
                              Other, 0x10926db80, {{16.0, 636.0}, {370.0, 52.0}}
                            Other, 0x10926da40, {{16.0, 636.0}, {370.0, 52.0}}
                              Other, 0x10926c3c0, {{16.0, 636.0}, {370.0, 52.0}}
                                Other, 0x10926d540, {{16.0, 636.0}, {370.0, 52.0}}
                                  Button, 0x109268000, {{16.0, 636.0}, {370.0, 52.0}}, identifier: 'action.fetchId', label: 'fetchId'
                          Other, 0x109268140, {{32.0, 635.0}, {338.0, 1.0}}
                          Cell, 0x109268280, {{16.0, 688.0}, {370.0, 52.0}}
                            Other, 0x1092683c0, {{16.0, 688.0}, {370.0, 52.0}}
                              Other, 0x109268500, {{16.0, 688.0}, {370.0, 52.0}}
                            Other, 0x109268640, {{16.0, 688.0}, {370.0, 52.0}}
                              Other, 0x109268780, {{16.0, 688.0}, {370.0, 52.0}}
                                Other, 0x1092688c0, {{16.0, 688.0}, {370.0, 52.0}}
                                  Button, 0x109268a00, {{16.0, 688.0}, {370.0, 52.0}}, identifier: 'action.saveId', label: 'saveId'
                          Other, 0x109268b40, {{32.0, 687.0}, {338.0, 1.0}}
                          Cell, 0x109268c80, {{16.0, 740.0}, {370.0, 52.0}}
                            Other, 0x109268dc0, {{16.0, 740.0}, {370.0, 52.0}}
                              Other, 0x109268f00, {{16.0, 740.0}, {370.0, 52.0}}
                            Other, 0x109269040, {{16.0, 740.0}, {370.0, 52.0}}
                              Other, 0x109269180, {{16.0, 740.0}, {370.0, 52.0}}
                                Other, 0x1092692c0, {{16.0, 740.0}, {370.0, 52.0}}
                                  Button, 0x109269400, {{16.0, 740.0}, {370.0, 52.0}}, identifier: 'action.promoteFresh', label: 'promoteFresh'
                          Other, 0x109269540, {{32.0, 739.0}, {338.0, 1.0}}
                          Cell, 0x109269680, {{16.0, 792.0}, {370.0, 52.0}}
                            Other, 0x1092697c0, {{16.0, 792.0}, {370.0, 52.0}}
                              Other, 0x109269900, {{16.0, 792.0}, {370.0, 52.0}}
                            Other, 0x109269a40, {{16.0, 792.0}, {370.0, 52.0}}
                              Other, 0x109269b80, {{16.0, 792.0}, {370.0, 52.0}}
                                Other, 0x109269cc0, {{16.0, 792.0}, {370.0, 52.0}}
                                  Button, 0x109269e00, {{16.0, 792.0}, {370.0, 52.0}}, identifier: 'action.promoteTwoSaves', label: 'promoteTwoSaves'
                          Other, 0x109269f40, {{32.0, 791.0}, {338.0, 1.0}}
                          Cell, 0x10926a080, {{16.0, 844.0}, {370.0, 52.0}}
                            Other, 0x10926a1c0, {{16.0, 844.0}, {370.0, 52.0}}
                              Other, 0x10926a300, {{16.0, 844.0}, {370.0, 52.0}}
                            Other, 0x10926a440, {{16.0, 844.0}, {370.0, 52.0}}
                              Other, 0x10926a580, {{16.0, 844.0}, {370.0, 52.0}}
                                Other, 0x10926a6c0, {{16.0, 844.0}, {370.0, 52.0}}
                                  Button, 0x10926a800, {{16.0, 844.0}, {370.0, 52.0}}, identifier: 'action.accessPicker', label: 'accessPicker'
                          Other, 0x10926a940, {{32.0, 843.0}, {338.0, 1.0}}
                          Other, 0x10926aa80, {{369.0, 116.0}, {30.0, 696.0}}, label: 'Vertical scroll bar, 2 pages', value: 0%
                            Other, 0x10926abc0, {{396.0, 802.0}, {3.0, 7.0}}
                          Other, 0x10926ad00, {{369.0, 116.0}, {30.0, 696.0}}, label: 'Vertical scroll bar, 2 pages', value: 0%
                            Other, 0x10926ae40, {{396.0, 802.0}, {3.0, 7.0}}
                Toolbar, 0x10926af80, {{0.0, 0.0}, {402.0, 874.0}}, identifier: 'Toolbar', label: 'Toolbar'
                  Other, 0x10926b0c0, {{0.0, 0.0}, {402.0, 874.0}}
    Window, 0x10926b200, {{0.0, 0.0}, {402.0, 874.0}}
      Other, 0x10926b340, {{0.0, 0.0}, {402.0, 874.0}}
        Other, 0x10926b480, {{0.0, 0.0}, {402.0, 874.0}}
Path to element:
 →Application, 0x107c85a40, pid: 18127, label: 'Probe'
Query chain:
 →Find: Target Application 'com.tarunyadgirkar.prefill.spike.contacts.probe'
  Output: {
    Application, 0x10926b5c0, pid: 18127, label: 'Probe'
  }

[driver] step wait 2
    t =    17.50s Tear Down
Test Case '-[ProbeUITests.DriverTests testScript]' passed (17.727 seconds).
Test Suite 'DriverTests' passed at 2026-09-30 23:32:10.400.
	 Executed 1 test, with 0 failures (0 unexpected) in 17.727 (17.735) seconds
Test Suite 'ProbeUITests.xctest' passed at 2026-09-30 23:32:10.400.
	 Executed 1 test, with 0 failures (0 unexpected) in 17.727 (17.735) seconds
Test Suite 'All tests' passed at 2026-09-30 23:32:10.401.
	 Executed 1 test, with 0 failures (0 unexpected) in 17.727 (17.736) seconds
2026-09-30 23:32:10.727 xcodebuild[17789:12960588] [MT] IDETestOperationsObserverDebug: 23.770 elapsed -- Testing started completed.
2026-09-30 23:32:10.727 xcodebuild[17789:12960588] [MT] IDETestOperationsObserverDebug: 0.000 sec, +0.000 sec -- start
2026-09-30 23:32:10.727 xcodebuild[17789:12960588] [MT] IDETestOperationsObserverDebug: 23.770 sec, +23.770 sec -- end

Test session results, code coverage, and logs:
	/Users/tarunyadgirkar/TarunsCode/prefill/spikes/contacts/build/Logs/Test/Test-Probe-2026.09.30_23-31-46--0700.xcresult

** TEST EXECUTE SUCCEEDED **

Testing started
