Command line invocation:
    /Applications/Xcode.app/Contents/Developer/usr/bin/xcodebuild test-without-building -project /Users/tarunyadgirkar/TarunsCode/prefill/spikes/contacts/ContactsProbe.xcodeproj -scheme Probe -destination "platform=iOS Simulator,id=A53AB330-51D0-4F6A-88C2-83EDF2CA571D" -derivedDataPath /Users/tarunyadgirkar/TarunsCode/prefill/spikes/contacts/build

2026-09-30 23:30:19.986048-0700 ProbeUITests-Runner[14468:12945203] [Default] Running tests...
    t =      nans Interface orientation changed to Portrait
Test Suite 'All tests' started at 2026-09-30 23:30:25.645.
Test Suite 'ProbeUITests.xctest' started at 2026-09-30 23:30:25.647.
Test Suite 'DriverTests' started at 2026-09-30 23:30:25.648.
Test Case '-[ProbeUITests.DriverTests testScript]' started.
    t =     0.01s Start Test at 2026-09-30 23:30:25.654
    t =     0.04s Set Up
[driver] step app com.apple.mobilesafari
    t =     0.05s Open com.apple.mobilesafari
    t =     0.05s     Activate com.apple.mobilesafari
    t =     0.19s         Wait for com.apple.mobilesafari to idle
objc[14468]: Class UIAccessibilityLoaderWebShared is implemented in both /private/var/run/com.apple.security.cryptexd/mnt/com.apple.iPhoneOS.SimulatorRuntime-v24.1.434.0.GOjTIm/Library/Developer/CoreSimulator/Profiles/Runtimes/iOS 27.0.simruntime/Contents/Resources/RuntimeRoot/System/Library/AccessibilityBundles/WebKit.axbundle/WebKit (0x10702c398) and /private/var/run/com.apple.security.cryptexd/mnt/com.apple.iPhoneOS.SimulatorRuntime-v24.1.434.0.GOjTIm/Library/Developer/CoreSimulator/Profiles/Runtimes/iOS 27.0.simruntime/Contents/Resources/RuntimeRoot/System/Library/AccessibilityBundles/WebCore.axbundle/WebCore (0x107a3c310). This may cause spurious casting failures and mysterious crashes. One of the duplicates must be removed or renamed.
[driver] step tapWeb Phone
    t =     2.78s Waiting 15.0s for TextField (First Match) to exist
    t =     3.81s     Checking `Expect predicate `existsNoRetry == 1` for object TextField (First Match)`
    t =     3.81s         Checking existence of `TextField (First Match)`
    t =     3.86s Tap TextField (First Match)
    t =     3.87s     Wait for com.apple.mobilesafari to idle
    t =     3.87s     Find the TextField (First Match)
    t =     3.91s     Check for interrupting elements affecting "Phone" TextField
    t =     3.96s     Synthesize event
    t =     4.27s     Wait for com.apple.mobilesafari to idle
[driver] step tapWeb Email
    t =     4.91s Waiting 15.0s for TextField (First Match) to exist
    t =     5.93s     Checking `Expect predicate `existsNoRetry == 1` for object TextField (First Match)`
    t =     5.93s         Checking existence of `TextField (First Match)`
    t =     5.98s Tap TextField (First Match)
    t =     5.98s     Wait for com.apple.mobilesafari to idle
    t =     5.98s     Find the TextField (First Match)
    t =     6.05s     Check for interrupting elements affecting "Email" TextField
    t =     6.09s     Synthesize event
    t =     6.39s     Wait for com.apple.mobilesafari to idle
    t =     6.52s Tear Down
Test Case '-[ProbeUITests.DriverTests testScript]' passed (6.524 seconds).
Test Suite 'DriverTests' passed at 2026-09-30 23:30:32.179.
	 Executed 1 test, with 0 failures (0 unexpected) in 6.524 (6.531) seconds
Test Suite 'ProbeUITests.xctest' passed at 2026-09-30 23:30:32.179.
	 Executed 1 test, with 0 failures (0 unexpected) in 6.524 (6.532) seconds
Test Suite 'All tests' passed at 2026-09-30 23:30:32.179.
	 Executed 1 test, with 0 failures (0 unexpected) in 6.524 (6.534) seconds
2026-09-30 23:30:32.484 xcodebuild[14457:12944905] [MT] IDETestOperationsObserverDebug: 14.258 elapsed -- Testing started completed.
2026-09-30 23:30:32.484 xcodebuild[14457:12944905] [MT] IDETestOperationsObserverDebug: 0.000 sec, +0.000 sec -- start
2026-09-30 23:30:32.484 xcodebuild[14457:12944905] [MT] IDETestOperationsObserverDebug: 14.258 sec, +14.258 sec -- end

Test session results, code coverage, and logs:
	/Users/tarunyadgirkar/TarunsCode/prefill/spikes/contacts/build/Logs/Test/Test-Probe-2026.09.30_23-30-18--0700.xcresult

** TEST EXECUTE SUCCEEDED **

Testing started
