Command line invocation:
    /Applications/Xcode.app/Contents/Developer/usr/bin/xcodebuild test-without-building -project /Users/tarunyadgirkar/TarunsCode/prefill/spikes/contacts/ContactsProbe.xcodeproj -scheme Probe -destination "platform=iOS Simulator,id=A53AB330-51D0-4F6A-88C2-83EDF2CA571D" -derivedDataPath /Users/tarunyadgirkar/TarunsCode/prefill/spikes/contacts/build

2026-09-30 23:31:29.282027-0700 ProbeUITests-Runner[17249:12957630] [Default] Running tests...
    t =      nans Interface orientation changed to Portrait
Test Suite 'All tests' started at 2026-09-30 23:31:32.005.
Test Suite 'ProbeUITests.xctest' started at 2026-09-30 23:31:32.006.
Test Suite 'DriverTests' started at 2026-09-30 23:31:32.006.
Test Case '-[ProbeUITests.DriverTests testScript]' started.
    t =     0.01s Start Test at 2026-09-30 23:31:32.018
    t =     0.03s Set Up
[driver] step app com.apple.mobilesafari
    t =     0.03s Open com.apple.mobilesafari
    t =     0.03s     Activate com.apple.mobilesafari
    t =     0.07s         Wait for com.apple.mobilesafari to idle
[driver] step tapWeb Phone
    t =     0.35s Waiting 15.0s for TextField (First Match) to exist
objc[17249]: Class UIAccessibilityLoaderWebShared is implemented in both /private/var/run/com.apple.security.cryptexd/mnt/com.apple.iPhoneOS.SimulatorRuntime-v24.1.434.0.GOjTIm/Library/Developer/CoreSimulator/Profiles/Runtimes/iOS 27.0.simruntime/Contents/Resources/RuntimeRoot/System/Library/AccessibilityBundles/WebKit.axbundle/WebKit (0x1052b8398) and /private/var/run/com.apple.security.cryptexd/mnt/com.apple.iPhoneOS.SimulatorRuntime-v24.1.434.0.GOjTIm/Library/Developer/CoreSimulator/Profiles/Runtimes/iOS 27.0.simruntime/Contents/Resources/RuntimeRoot/System/Library/AccessibilityBundles/WebCore.axbundle/WebCore (0x108298310). This may cause spurious casting failures and mysterious crashes. One of the duplicates must be removed or renamed.
    t =     1.40s     Checking `Expect predicate `existsNoRetry == 1` for object TextField (First Match)`
    t =     1.40s         Checking existence of `TextField (First Match)`
    t =     1.46s Tap TextField (First Match)
    t =     1.46s     Wait for com.apple.mobilesafari to idle
    t =     1.46s     Find the TextField (First Match)
    t =     1.50s     Check for interrupting elements affecting "Phone" TextField
    t =     1.52s     Synthesize event
    t =     1.81s     Wait for com.apple.mobilesafari to idle
[driver] step tapWeb Email
    t =     2.17s Waiting 15.0s for TextField (First Match) to exist
    t =     3.18s     Checking `Expect predicate `existsNoRetry == 1` for object TextField (First Match)`
    t =     3.18s         Checking existence of `TextField (First Match)`
    t =     3.21s Tap TextField (First Match)
    t =     3.21s     Wait for com.apple.mobilesafari to idle
    t =     3.21s     Find the TextField (First Match)
    t =     3.26s     Check for interrupting elements affecting "Email" TextField
    t =     3.29s     Synthesize event
    t =     3.58s     Wait for com.apple.mobilesafari to idle
    t =     3.95s Tear Down
Test Case '-[ProbeUITests.DriverTests testScript]' passed (3.960 seconds).
Test Suite 'DriverTests' passed at 2026-09-30 23:31:35.978.
	 Executed 1 test, with 0 failures (0 unexpected) in 3.960 (3.973) seconds
Test Suite 'ProbeUITests.xctest' passed at 2026-09-30 23:31:35.979.
	 Executed 1 test, with 0 failures (0 unexpected) in 3.960 (3.973) seconds
Test Suite 'All tests' passed at 2026-09-30 23:31:35.979.
	 Executed 1 test, with 0 failures (0 unexpected) in 3.960 (3.974) seconds
2026-09-30 23:31:36.267 xcodebuild[17210:12957361] [MT] IDETestOperationsObserverDebug: 8.054 elapsed -- Testing started completed.
2026-09-30 23:31:36.267 xcodebuild[17210:12957361] [MT] IDETestOperationsObserverDebug: 0.000 sec, +0.000 sec -- start
2026-09-30 23:31:36.267 xcodebuild[17210:12957361] [MT] IDETestOperationsObserverDebug: 8.054 sec, +8.054 sec -- end

Test session results, code coverage, and logs:
	/Users/tarunyadgirkar/TarunsCode/prefill/spikes/contacts/build/Logs/Test/Test-Probe-2026.09.30_23-31-28--0700.xcresult

** TEST EXECUTE SUCCEEDED **

Testing started
