Command line invocation:
    /Applications/Xcode.app/Contents/Developer/usr/bin/xcodebuild test-without-building -project /Users/tarunyadgirkar/TarunsCode/prefill/spikes/contacts/ContactsProbe.xcodeproj -scheme Probe -destination "platform=iOS Simulator,id=A53AB330-51D0-4F6A-88C2-83EDF2CA571D" -derivedDataPath /Users/tarunyadgirkar/TarunsCode/prefill/spikes/contacts/build

2026-09-30 23:14:11.605410-0700 ProbeUITests-Runner[89652:12812279] [Default] Running tests...
    t =      nans Interface orientation changed to Portrait
Test Suite 'All tests' started at 2026-09-30 23:14:14.860.
Test Suite 'ProbeUITests.xctest' started at 2026-09-30 23:14:14.860.
Test Suite 'DriverTests' started at 2026-09-30 23:14:14.860.
Test Case '-[ProbeUITests.DriverTests testScript]' started.
    t =     0.01s Start Test at 2026-09-30 23:14:14.866
    t =     0.03s Set Up
[driver] step app com.apple.mobilesafari
    t =     0.03s Open com.apple.mobilesafari
    t =     0.03s     Activate com.apple.mobilesafari
    t =     0.08s         Wait for com.apple.mobilesafari to idle
[driver] step tapWeb Phone
    t =     0.49s Waiting 15.0s for TextField (First Match) to exist
objc[89652]: Class UIAccessibilityLoaderWebShared is implemented in both /private/var/run/com.apple.security.cryptexd/mnt/com.apple.iPhoneOS.SimulatorRuntime-v24.1.434.0.GOjTIm/Library/Developer/CoreSimulator/Profiles/Runtimes/iOS 27.0.simruntime/Contents/Resources/RuntimeRoot/System/Library/AccessibilityBundles/WebKit.axbundle/WebKit (0x1065c0398) and /private/var/run/com.apple.security.cryptexd/mnt/com.apple.iPhoneOS.SimulatorRuntime-v24.1.434.0.GOjTIm/Library/Developer/CoreSimulator/Profiles/Runtimes/iOS 27.0.simruntime/Contents/Resources/RuntimeRoot/System/Library/AccessibilityBundles/WebCore.axbundle/WebCore (0x1066f8310). This may cause spurious casting failures and mysterious crashes. One of the duplicates must be removed or renamed.
    t =     1.54s     Checking `Expect predicate `existsNoRetry == 1` for object TextField (First Match)`
    t =     1.55s         Checking existence of `TextField (First Match)`
    t =     1.58s Tap TextField (First Match)
    t =     1.58s     Wait for com.apple.mobilesafari to idle
    t =     2.08s     Find the TextField (First Match)
    t =     2.11s     Check for interrupting elements affecting "Phone" TextField
    t =     2.14s     Synthesize event
    t =     2.43s     Wait for com.apple.mobilesafari to idle
[driver] step tapWeb Email
    t =     2.87s Waiting 15.0s for TextField (First Match) to exist
    t =     3.94s     Checking `Expect predicate `existsNoRetry == 1` for object TextField (First Match)`
    t =     3.94s         Checking existence of `TextField (First Match)`
    t =     3.97s Tap TextField (First Match)
    t =     3.97s     Wait for com.apple.mobilesafari to idle
    t =     3.97s     Find the TextField (First Match)
    t =     3.99s     Check for interrupting elements affecting "Email" TextField
    t =     4.02s     Synthesize event
    t =     4.30s     Wait for com.apple.mobilesafari to idle
[driver] step keyboard 
    t =     4.69s Waiting 5.0s for Keyboard (First Match) to exist
    t =     5.76s     Checking `Expect predicate `existsNoRetry == 1` for object Keyboard (First Match)`
    t =     5.76s         Checking existence of `Keyboard (First Match)`
    t =     7.28s Get all elements bound by accessibility element for: Descendants matching type Any
    t =     7.71s Find the Window (Identity Binding)
    t =     7.73s Find the Application 'com.apple.mobilesafari'
    t =     7.75s Find the Window (Identity Binding)
    t =     7.77s Find the Application 'com.apple.mobilesafari'
    t =     7.78s Find the Window (Identity Binding)
    t =     7.80s Find the Application 'com.apple.mobilesafari'
    t =     7.81s Find the Other (Identity Binding)
    t =     7.83s Find the Application 'com.apple.mobilesafari'
    t =     7.85s Find the Other (Identity Binding)
    t =     7.86s Find the Application 'com.apple.mobilesafari'
    t =     7.88s Find the Other (Identity Binding)
    t =     7.90s Find the Application 'com.apple.mobilesafari'
    t =     7.91s Find the Other (Identity Binding)
    t =     7.93s Find the Application 'com.apple.mobilesafari'
    t =     7.95s Find the "Suggested" Other
    t =     7.97s Find the Application 'com.apple.mobilesafari'
    t =     7.99s Find the Other (Identity Binding)
    t =     8.01s Find the Application 'com.apple.mobilesafari'
    t =     8.02s Find the Other (Identity Binding)
    t =     8.04s Find the Application 'com.apple.mobilesafari'
    t =     8.06s Find the Other (Identity Binding)
    t =     8.08s Find the Application 'com.apple.mobilesafari'
    t =     8.09s Find the Other (Identity Binding)
    t =     8.11s Find the Application 'com.apple.mobilesafari'
    t =     8.13s Find the Other (Identity Binding)
    t =     8.14s Find the Application 'com.apple.mobilesafari'
    t =     8.16s Find the Other (Identity Binding)
    t =     8.18s Find the Application 'com.apple.mobilesafari'
    t =     8.20s Find the "SafariWindow?View=Narrow&BarsKeptMinimized=false&UUID=E099565E-1415-4A1E-BC66-9B28868CD65D&UsingLoweredBar=true&IsSecure=false&IsTabBarAvailable=false" Other
    t =     8.21s Find the Application 'com.apple.mobilesafari'
    t =     8.23s Find the Other (Identity Binding)
    t =     8.25s Find the Application 'com.apple.mobilesafari'
    t =     8.26s Find the "inputView" Other
    t =     8.29s Find the Application 'com.apple.mobilesafari'
    t =     8.30s Find the ScrollView (Identity Binding)
    t =     8.32s Find the Application 'com.apple.mobilesafari'
    t =     8.34s Find the Other (Identity Binding)
    t =     8.36s Find the Application 'com.apple.mobilesafari'
    t =     8.38s Find the "inputAssistantView" Other
    t =     8.40s Find the Application 'com.apple.mobilesafari'
    t =     8.42s Find the Other (Identity Binding)
    t =     8.45s Find the Application 'com.apple.mobilesafari'
    t =     8.48s Find the "inputView" Other
    t =     8.51s Find the Application 'com.apple.mobilesafari'
    t =     8.52s Find the Other (Identity Binding)
    t =     8.55s Find the Application 'com.apple.mobilesafari'
    t =     8.56s Find the Other (Identity Binding)
    t =     8.58s Find the Application 'com.apple.mobilesafari'
    t =     8.60s Find the "CapsuleViewController" Other
    t =     8.61s Find the Application 'com.apple.mobilesafari'
    t =     8.63s Find the Other (Identity Binding)
    t =     8.65s Find the Application 'com.apple.mobilesafari'
    t =     8.66s Find the Other (Identity Binding)
    t =     8.68s Find the Application 'com.apple.mobilesafari'
    t =     8.70s Find the "Vertical scroll bar, 1 page" Other
    t =     8.71s Find the Application 'com.apple.mobilesafari'
    t =     8.73s Find the "Horizontal scroll bar, 1 page" Other
    t =     8.75s Find the Application 'com.apple.mobilesafari'
    t =     8.76s Find the Other (Identity Binding)
    t =     8.78s Find the Application 'com.apple.mobilesafari'
    t =     8.79s Find the Other (Identity Binding)
    t =     8.81s Find the Application 'com.apple.mobilesafari'
    t =     8.82s Find the Keyboard (Identity Binding)
    t =     8.84s Find the Application 'com.apple.mobilesafari'
    t =     8.86s Find the "Emoji" Button
    t =     8.88s Find the Application 'com.apple.mobilesafari'
    t =     8.89s Find the "dictation" Button
    t =     8.91s Find the Application 'com.apple.mobilesafari'
    t =     8.92s Find the Other (Identity Binding)
    t =     8.94s Find the Application 'com.apple.mobilesafari'
    t =     8.96s Find the Other (Identity Binding)
    t =     8.98s Find the Application 'com.apple.mobilesafari'
    t =     8.99s Find the Other (Identity Binding)
    t =     9.01s Find the Application 'com.apple.mobilesafari'
    t =     9.03s Find the Other (Identity Binding)
    t =     9.04s Find the Application 'com.apple.mobilesafari'
    t =     9.06s Find the Other (Identity Binding)
    t =     9.08s Find the Application 'com.apple.mobilesafari'
    t =     9.09s Find the Other (Identity Binding)
    t =     9.11s Find the Application 'com.apple.mobilesafari'
    t =     9.12s Find the Other (Identity Binding)
    t =     9.14s Find the Application 'com.apple.mobilesafari'
    t =     9.15s Find the "CenterPageView" Other
    t =     9.17s Find the Application 'com.apple.mobilesafari'
    t =     9.18s Find the Other (Identity Binding)
    t =     9.20s Find the Application 'com.apple.mobilesafari'
    t =     9.22s Find the Other (Identity Binding)
    t =     9.23s Find the Application 'com.apple.mobilesafari'
    t =     9.25s Find the StaticText (Identity Binding)
    t =     9.27s Find the Application 'com.apple.mobilesafari'
    t =     9.28s Find the StaticText (Identity Binding)
    t =     9.30s Find the Application 'com.apple.mobilesafari'
    t =     9.31s Find the Other (Identity Binding)
    t =     9.33s Find the Application 'com.apple.mobilesafari'
    t =     9.35s Find the Other (Identity Binding)
    t =     9.36s Find the Application 'com.apple.mobilesafari'
    t =     9.38s Find the ScrollView (Identity Binding)
    t =     9.40s Find the Application 'com.apple.mobilesafari'
    t =     9.41s Find the Other (Identity Binding)
    t =     9.43s Find the Application 'com.apple.mobilesafari'
    t =     9.44s Find the Other (Identity Binding)
    t =     9.46s Find the Application 'com.apple.mobilesafari'
    t =     9.47s Find the "Toolbar" Toolbar
    t =     9.49s Find the Application 'com.apple.mobilesafari'
    t =     9.51s Find the Other (Identity Binding)
    t =     9.52s Find the Application 'com.apple.mobilesafari'
    t =     9.54s Find the Other (Identity Binding)
    t =     9.55s Find the Application 'com.apple.mobilesafari'
    t =     9.57s Find the "UIKeyboardLayoutStar Preview" Other
    t =     9.59s Find the Application 'com.apple.mobilesafari'
    t =     9.60s Find the Other (Identity Binding)
    t =     9.62s Find the Application 'com.apple.mobilesafari'
    t =     9.63s Find the Other (Identity Binding)
    t =     9.65s Find the Application 'com.apple.mobilesafari'
    t =     9.66s Find the Other (Identity Binding)
    t =     9.68s Find the Application 'com.apple.mobilesafari'
    t =     9.69s Find the "TabDocument?IsLoadedUsingDesktopUserAgent=false&InReaderMode=false&UUID=E0F62B78-8039-4742-B726-90669509C869&IsPrivate=false&IsPageLoaded=true&WebViewProcessID=88720" Other
    t =     9.71s Find the Application 'com.apple.mobilesafari'
    t =     9.73s Find the Other (Identity Binding)
    t =     9.74s Find the Application 'com.apple.mobilesafari'
    t =     9.76s Find the "Horizontal scroll bar, 1 page" Other
    t =     9.78s Find the Application 'com.apple.mobilesafari'
    t =     9.79s Find the Other (Identity Binding)
    t =     9.81s Find the Application 'com.apple.mobilesafari'
    t =     9.82s Find the Other (Identity Binding)
    t =     9.84s Find the Application 'com.apple.mobilesafari'
    t =     9.85s Find the Other (Identity Binding)
    t =     9.87s Find the Application 'com.apple.mobilesafari'
    t =     9.88s Find the ScrollView (Identity Binding)
    t =     9.90s Find the Application 'com.apple.mobilesafari'
    t =     9.91s Find the Other (Identity Binding)
    t =     9.93s Find the Application 'com.apple.mobilesafari'
    t =     9.94s Find the "Padding-Left" Key
    t =     9.96s Find the Application 'com.apple.mobilesafari'
    t =     9.97s Find the "Padding-Right" Key
    t =     9.99s Find the Application 'com.apple.mobilesafari'
    t =    10.00s Find the "Padding-Left" Key
    t =    10.02s Find the Application 'com.apple.mobilesafari'
    t =    10.03s Find the "Padding-Right" Key
    t =    10.05s Find the Application 'com.apple.mobilesafari'
    t =    10.06s Find the "Padding-Left" Key
    t =    10.08s Find the Application 'com.apple.mobilesafari'
    t =    10.09s Find the "Padding-Right" Key
    t =    10.11s Find the Application 'com.apple.mobilesafari'
    t =    10.12s Find the "q" Key
    t =    10.14s Find the Application 'com.apple.mobilesafari'
    t =    10.15s Find the "w" Key
    t =    10.17s Find the Application 'com.apple.mobilesafari'
    t =    10.19s Find the "e" Key
    t =    10.20s Find the Application 'com.apple.mobilesafari'
    t =    10.22s Find the "r" Key
    t =    10.24s Find the Application 'com.apple.mobilesafari'
    t =    10.25s Find the "t" Key
    t =    10.27s Find the Application 'com.apple.mobilesafari'
    t =    10.28s Find the "y" Key
    t =    10.30s Find the Application 'com.apple.mobilesafari'
    t =    10.32s Find the "u" Key
    t =    10.34s Find the Application 'com.apple.mobilesafari'
    t =    10.35s Find the "i" Key
    t =    10.37s Find the Application 'com.apple.mobilesafari'
    t =    10.39s Find the "o" Key
    t =    10.41s Find the Application 'com.apple.mobilesafari'
    t =    10.42s Find the "p" Key
    t =    10.44s Find the Application 'com.apple.mobilesafari'
    t =    10.46s Find the "a" Key
    t =    10.48s Find the Application 'com.apple.mobilesafari'
    t =    10.49s Find the "s" Key
    t =    10.51s Find the Application 'com.apple.mobilesafari'
    t =    10.52s Find the "d" Key
    t =    10.55s Find the Application 'com.apple.mobilesafari'
    t =    10.56s Find the "f" Key
    t =    10.58s Find the Application 'com.apple.mobilesafari'
    t =    10.60s Find the "g" Key
    t =    10.62s Find the Application 'com.apple.mobilesafari'
    t =    10.63s Find the "h" Key
    t =    10.65s Find the Application 'com.apple.mobilesafari'
    t =    10.66s Find the "j" Key
    t =    10.68s Find the Application 'com.apple.mobilesafari'
    t =    10.70s Find the "k" Key
    t =    10.72s Find the Application 'com.apple.mobilesafari'
    t =    10.74s Find the "l" Key
    t =    10.76s Find the Application 'com.apple.mobilesafari'
    t =    10.77s Find the "shift" Button
    t =    10.79s Find the Application 'com.apple.mobilesafari'
    t =    10.80s Find the "z" Key
    t =    10.82s Find the Application 'com.apple.mobilesafari'
    t =    10.84s Find the "x" Key
    t =    10.86s Find the Application 'com.apple.mobilesafari'
    t =    10.88s Find the "c" Key
    t =    10.90s Find the Application 'com.apple.mobilesafari'
    t =    10.91s Find the "v" Key
    t =    10.93s Find the Application 'com.apple.mobilesafari'
    t =    10.94s Find the "b" Key
    t =    10.96s Find the Application 'com.apple.mobilesafari'
    t =    10.98s Find the "n" Key
    t =    10.99s Find the Application 'com.apple.mobilesafari'
    t =    11.01s Find the "m" Key
    t =    11.03s Find the Application 'com.apple.mobilesafari'
    t =    11.04s Find the "delete" Key
    t =    11.06s Find the Application 'com.apple.mobilesafari'
    t =    11.07s Find the "more" Key
    t =    11.09s Find the Application 'com.apple.mobilesafari'
    t =    11.10s Find the "space" Key
    t =    11.12s Find the Application 'com.apple.mobilesafari'
    t =    11.14s Find the "@" Key
    t =    11.15s Find the Application 'com.apple.mobilesafari'
    t =    11.17s Find the "." Key
    t =    11.19s Find the Application 'com.apple.mobilesafari'
    t =    11.20s Find the "Return" Button
    t =    11.22s Find the Application 'com.apple.mobilesafari'
    t =    11.23s Find the Other (Identity Binding)
    t =    11.25s Find the Application 'com.apple.mobilesafari'
    t =    11.26s Find the "WebView" WebView
    t =    11.28s Find the Application 'com.apple.mobilesafari'
    t =    11.29s Find the Other (Identity Binding)
    t =    11.31s Find the Application 'com.apple.mobilesafari'
    t =    11.32s Find the Other (Identity Binding)
    t =    11.34s Find the Application 'com.apple.mobilesafari'
    t =    11.36s Find the Other (Identity Binding)
    t =    11.37s Find the Application 'com.apple.mobilesafari'
    t =    11.39s Find the Other (Identity Binding)
    t =    11.40s Find the Application 'com.apple.mobilesafari'
    t =    11.42s Find the "Typing Predictions" Other
    t =    11.43s Find the Application 'com.apple.mobilesafari'
    t =    11.45s Find the WebView (Identity Binding)
    t =    11.46s Find the Application 'com.apple.mobilesafari'
    t =    11.48s Find the Other (Identity Binding)
    t =    11.49s Find the Application 'com.apple.mobilesafari'
    t =    11.51s Find the Other (Identity Binding)
    t =    11.52s Find the Application 'com.apple.mobilesafari'
    t =    11.54s Find the "CapsuleNavigationBar?isSelected=true&isDistractionControlOverlayUp=false" Other
    t =    11.55s Find the Application 'com.apple.mobilesafari'
    t =    11.57s Find the Other (Identity Binding)
    t =    11.58s Find the Application 'com.apple.mobilesafari'
    t =    11.60s Find the Other (Identity Binding)
    t =    11.62s Find the Application 'com.apple.mobilesafari'
    t =    11.63s Find the Other (Identity Binding)
    t =    11.65s Find the Application 'com.apple.mobilesafari'
    t =    11.66s Find the WebView (Identity Binding)
    t =    11.68s Find the Application 'com.apple.mobilesafari'
    t =    11.69s Find the Other (Identity Binding)
    t =    11.71s Find the Application 'com.apple.mobilesafari'
    t =    11.72s Find the "Vertical scroll bar, 1 page" Other
    t =    11.74s Find the Application 'com.apple.mobilesafari'
    t =    11.75s Find the "Horizontal scroll bar, 1 page" Other
    t =    11.77s Find the Application 'com.apple.mobilesafari'
    t =    11.79s Find the Other (Identity Binding)
    t =    11.80s Find the Application 'com.apple.mobilesafari'
    t =    11.82s Find the Other (Identity Binding)
    t =    11.83s Find the Application 'com.apple.mobilesafari'
    t =    11.85s Find the Other (Identity Binding)
    t =    11.86s Find the Application 'com.apple.mobilesafari'
    t =    11.88s Find the Other (Identity Binding)
    t =    11.89s Find the Application 'com.apple.mobilesafari'
    t =    11.91s Find the Other (Identity Binding)
    t =    11.92s Find the Application 'com.apple.mobilesafari'
    t =    11.94s Find the Other (Identity Binding)
    t =    11.95s Find the Application 'com.apple.mobilesafari'
    t =    11.97s Find the Other (Identity Binding)
    t =    11.98s Find the Application 'com.apple.mobilesafari'
    t =    12.00s Find the Other (Identity Binding)
    t =    12.01s Find the Application 'com.apple.mobilesafari'
    t =    12.03s Find the Other (Identity Binding)
    t =    12.04s Find the Application 'com.apple.mobilesafari'
    t =    12.06s Find the Other (Identity Binding)
    t =    12.07s Find the Application 'com.apple.mobilesafari'
    t =    12.09s Find the Other (Identity Binding)
    t =    12.11s Find the Application 'com.apple.mobilesafari'
    t =    12.12s Find the Other (Identity Binding)
    t =    12.14s Find the Application 'com.apple.mobilesafari'
    t =    12.15s Find the "home
alex.rivera@example.com" Button
    t =    12.17s Find the Application 'com.apple.mobilesafari'
    t =    12.18s Find the "email
alex.school@example.edu" Button
    t =    12.20s Find the Application 'com.apple.mobilesafari'
    t =    12.22s Find the Other (Identity Binding)
    t =    12.24s Find the Application 'com.apple.mobilesafari'
    t =    12.26s Find the Other (Identity Binding)
    t =    12.28s Find the Application 'com.apple.mobilesafari'
    t =    12.29s Find the Other (Identity Binding)
    t =    12.31s Find the Application 'com.apple.mobilesafari'
    t =    12.32s Find the Other (Identity Binding)
    t =    12.34s Find the Application 'com.apple.mobilesafari'
    t =    12.36s Find the Other (Identity Binding)
    t =    12.38s Find the Application 'com.apple.mobilesafari'
    t =    12.39s Find the Other (Identity Binding)
    t =    12.42s Find the Application 'com.apple.mobilesafari'
    t =    12.44s Find the Other (Identity Binding)
    t =    12.45s Find the Application 'com.apple.mobilesafari'
    t =    12.47s Find the Other (Identity Binding)
    t =    12.48s Find the Application 'com.apple.mobilesafari'
    t =    12.50s Find the Other (Identity Binding)
    t =    12.52s Find the Application 'com.apple.mobilesafari'
    t =    12.53s Find the Other (Identity Binding)
    t =    12.55s Find the Application 'com.apple.mobilesafari'
    t =    12.56s Find the "Email probe" Other
    t =    12.58s Find the Application 'com.apple.mobilesafari'
    t =    12.59s Find the Other (Identity Binding)
    t =    12.61s Find the Application 'com.apple.mobilesafari'
    t =    12.62s Find the Other (Identity Binding)
    t =    12.64s Find the Application 'com.apple.mobilesafari'
    t =    12.65s Find the Other (Identity Binding)
    t =    12.67s Find the Application 'com.apple.mobilesafari'
    t =    12.68s Find the Other (Identity Binding)
    t =    12.70s Find the Application 'com.apple.mobilesafari'
    t =    12.72s Find the "form" Other
    t =    12.74s Find the Application 'com.apple.mobilesafari'
    t =    12.75s Find the "Previous" Button
    t =    12.77s Find the Application 'com.apple.mobilesafari'
    t =    12.78s Find the "Next" Button
    t =    12.80s Find the Application 'com.apple.mobilesafari'
    t =    12.81s Find the "AutoFill Contact" Button
    t =    12.83s Find the Application 'com.apple.mobilesafari'
    t =    12.84s Find the "Done" Button
    t =    12.86s Find the Application 'com.apple.mobilesafari'
    t =    12.87s Find the Other (Identity Binding)
    t =    12.89s Find the Application 'com.apple.mobilesafari'
    t =    12.91s Find the Other (Identity Binding)
    t =    12.93s Find the Application 'com.apple.mobilesafari'
    t =    12.94s Find the "AutoFill Contact" StaticText
    t =    12.96s Find the Application 'com.apple.mobilesafari'
    t =    12.97s Find the "Email" StaticText
    t =    12.99s Find the Application 'com.apple.mobilesafari'
    t =    13.00s Find the "Email" TextField
    t =    13.03s Find the Application 'com.apple.mobilesafari'
    t =    13.04s Find the "Phone" StaticText
    t =    13.06s Find the Application 'com.apple.mobilesafari'
    t =    13.07s Find the "Phone" TextField
    t =    13.10s Find the Application 'com.apple.mobilesafari'
    t =    13.11s Find the Other at {{0.0, 446.0}, {402.0, 428.0}}
    t =    13.13s Find the Other
    t =    13.15s Find the Other
    t =    13.17s Find the Other at {{0.0, 446.0}, {402.0, 428.0}}
    t =    13.18s Find the Other
    t =    13.20s Find the Other
    t =    13.22s Find the Other at {{0.0, 446.0}, {402.0, 100.0}}
    t =    13.23s Find the Other
    t =    13.25s Find the Other
    t =    13.27s Find the "inputView" Other
    t =    13.29s Find the "inputView" Other
    t =    13.32s Find the "inputView" Other
    t =    13.34s Find the Other at {{0.0, 446.0}, {402.0, 100.0}}
    t =    13.36s Find the Other
    t =    13.38s Find the Other
    t =    13.40s Find the "inputAssistantView" Other
    t =    13.41s Find the "inputAssistantView" Other
    t =    13.43s Find the "inputAssistantView" Other
    t =    13.45s Find the Other at {{0.0, 546.0}, {402.0, 329.0}}
    t =    13.47s Find the Other
    t =    13.48s Find the Other
    t =    13.50s Find the "inputView" Other
    t =    13.52s Find the "inputView" Other
    t =    13.54s Find the "inputView" Other
    t =    13.55s Find the Other at {{0.0, 590.0}, {402.0, 284.0}}
    t =    13.57s Find the Other
    t =    13.59s Find the Other
    t =    13.61s Find the Other at {{0.0, 478.0}, {402.0, 68.0}}
    t =    13.63s Find the Other
    t =    13.65s Find the Other
    t =    13.66s Find the Other at {{0.0, 546.0}, {402.0, 44.0}}
    t =    13.68s Find the Other
    t =    13.70s Find the Other
    t =    13.71s Find the Other at {{0.0, 546.0}, {402.0, 329.0}}
    t =    13.73s Find the Other
    t =    13.75s Find the Other
    t =    13.76s Find the Keyboard at {{0.0, 590.0}, {402.0, 226.0}}
    t =    13.78s Find the Keyboard
    t =    13.80s Find the Keyboard
    t =    13.82s Find the "Emoji" Button
    t =    13.83s Find the "Emoji" Button
    t =    13.85s Find the "Emoji" Button
    t =    13.87s Find the "dictation" Button
    t =    13.88s Find the "dictation" Button
    t =    13.90s Find the "dictation" Button
    t =    13.92s Find the Other at {{0.0, 446.0}, {402.0, 428.0}}
    t =    13.93s Find the Other
    t =    13.95s Find the Other
    t =    13.97s Find the Other at {{0.0, 478.0}, {402.0, 68.0}}
    t =    13.98s Find the Other
    t =    14.00s Find the Other
    t =    14.01s Find the "CenterPageView" Other
    t =    14.03s Find the "CenterPageView" Other
    t =    14.05s Find the "CenterPageView" Other
    t =    14.06s Find the Other at {{0.0, 546.0}, {402.0, 329.0}}
    t =    14.08s Find the Other
    t =    14.10s Find the Other
    t =    14.11s Find the Other at {{0.0, 590.0}, {402.0, 226.0}}
    t =    14.13s Find the Other
    t =    14.15s Find the Other
    t =    14.17s Find the StaticText at {{8.5, 805.7}, {0.0, 0.0}}
    t =    14.18s Find the StaticText
    t =    14.20s Find the StaticText
    t =    14.22s Find the StaticText at {{325.4, 805.4}, {0.0, 0.0}}
    t =    14.23s Find the StaticText
    t =    14.25s Find the StaticText
    t =    14.27s Find the Other at {{0.0, 446.0}, {402.0, 428.0}}
    t =    14.28s Find the Other
    t =    14.30s Find the Other
    t =    14.32s Find the Other at {{158.3, 446.0}, {85.3, 32.0}}
    t =    14.33s Find the Other
    t =    14.35s Find the Other
    t =    14.36s Find the "Toolbar" Toolbar
    t =    14.38s Find the "Toolbar" Toolbar
    t =    14.40s Find the "Toolbar" Toolbar
    t =    14.41s Find the Other at {{0.0, 546.0}, {402.0, 44.0}}
    t =    14.43s Find the Other
    t =    14.45s Find the Other
    t =    14.46s Find the "UIKeyboardLayoutStar Preview" Other
    t =    14.48s Find the "UIKeyboardLayoutStar Preview" Other
    t =    14.50s Find the "UIKeyboardLayoutStar Preview" Other
    t =    14.51s Find the "Horizontal scroll bar, 1 page" Other
    t =    14.53s Find the "Horizontal scroll bar, 1 page" Other
    t =    14.55s Find the "Horizontal scroll bar, 1 page" Other
    t =    14.56s Find the Other at {{0.0, 446.0}, {402.0, 428.0}}
    t =    14.58s Find the Other
    t =    14.60s Find the Other
    t =    14.61s Find the Other at {{158.3, 446.0}, {85.3, 32.0}}
    t =    14.63s Find the Other
    t =    14.65s Find the Other
    t =    14.66s Find the Other at {{0.0, 488.0}, {402.0, 48.0}}
    t =    14.79s Find the Other
    t =    14.81s Find the Other
    t =    14.83s Find the ScrollView at {{0.0, 546.0}, {402.0, 44.0}}
    t =    14.85s Find the ScrollView
    t =    14.87s Find the ScrollView
    t =    14.88s Find the Other at {{0.0, 546.0}, {402.0, 44.0}}
    t =    14.90s Find the Other
    t =    14.92s Find the Other
    t =    14.94s Find the "Padding-Left" Key
    t =    14.96s Find the "Padding-Left" Key
    t =    14.97s Find the "Padding-Left" Key
    t =    14.99s Find the "Padding-Right" Key
    t =    15.01s Find the "Padding-Right" Key
    t =    15.03s Find the "Padding-Right" Key
    t =    15.04s Find the "Padding-Left" Key
    t =    15.06s Find the "Padding-Left" Key
    t =    15.08s Find the "Padding-Left" Key
    t =    15.09s Find the "Padding-Right" Key
    t =    15.11s Find the "Padding-Right" Key
    t =    15.13s Find the "Padding-Right" Key
    t =    15.15s Find the "Padding-Left" Key
    t =    15.16s Find the "Padding-Left" Key
    t =    15.18s Find the "Padding-Left" Key
    t =    15.20s Find the "Padding-Right" Key
    t =    15.22s Find the "Padding-Right" Key
    t =    15.24s Find the "Padding-Right" Key
    t =    15.25s Find the "q" Key
    t =    15.27s Find the "q" Key
    t =    15.29s Find the "q" Key
    t =    15.31s Find the "w" Key
    t =    15.33s Find the "w" Key
    t =    15.34s Find the "w" Key
    t =    15.36s Find the "e" Key
    t =    15.38s Find the "e" Key
    t =    15.40s Find the "e" Key
    t =    15.42s Find the "r" Key
    t =    15.43s Find the "r" Key
    t =    15.47s Find the "r" Key
    t =    15.49s Find the "t" Key
    t =    15.51s Find the "t" Key
    t =    15.53s Find the "t" Key
    t =    15.55s Find the "y" Key
    t =    15.56s Find the "y" Key
    t =    15.58s Find the "y" Key
    t =    15.60s Find the "u" Key
    t =    15.61s Find the "u" Key
    t =    15.63s Find the "u" Key
    t =    15.65s Find the "i" Key
    t =    15.67s Find the "i" Key
    t =    15.69s Find the "i" Key
    t =    15.70s Find the "o" Key
    t =    15.72s Find the "o" Key
    t =    15.74s Find the "o" Key
    t =    15.76s Find the "p" Key
    t =    15.77s Find the "p" Key
    t =    15.79s Find the "p" Key
    t =    15.81s Find the "a" Key
    t =    15.83s Find the "a" Key
    t =    15.85s Find the "a" Key
    t =    15.87s Find the "s" Key
    t =    15.89s Find the "s" Key
    t =    15.90s Find the "s" Key
    t =    15.92s Find the "d" Key
    t =    15.94s Find the "d" Key
    t =    15.96s Find the "d" Key
    t =    15.98s Find the "f" Key
    t =    15.99s Find the "f" Key
    t =    16.01s Find the "f" Key
    t =    16.03s Find the "g" Key
    t =    16.05s Find the "g" Key
    t =    16.07s Find the "g" Key
    t =    16.08s Find the "h" Key
    t =    16.10s Find the "h" Key
    t =    16.12s Find the "h" Key
    t =    16.14s Find the "j" Key
    t =    16.16s Find the "j" Key
    t =    16.18s Find the "j" Key
    t =    16.20s Find the "k" Key
    t =    16.21s Find the "k" Key
    t =    16.23s Find the "k" Key
    t =    16.25s Find the "l" Key
    t =    16.28s Find the "l" Key
    t =    16.30s Find the "l" Key
    t =    16.31s Find the "shift" Button
    t =    16.33s Find the "shift" Button
    t =    16.35s Find the "shift" Button
    t =    16.37s Find the "z" Key
    t =    16.39s Find the "z" Key
    t =    16.41s Find the "z" Key
    t =    16.42s Find the "x" Key
    t =    16.44s Find the "x" Key
    t =    16.46s Find the "x" Key
    t =    16.48s Find the "c" Key
    t =    16.50s Find the "c" Key
    t =    16.52s Find the "c" Key
    t =    16.53s Find the "v" Key
    t =    16.55s Find the "v" Key
    t =    16.57s Find the "v" Key
    t =    16.59s Find the "b" Key
    t =    16.60s Find the "b" Key
    t =    16.62s Find the "b" Key
    t =    16.64s Find the "n" Key
    t =    16.65s Find the "n" Key
    t =    16.67s Find the "n" Key
    t =    16.69s Find the "m" Key
    t =    16.71s Find the "m" Key
    t =    16.73s Find the "m" Key
    t =    16.75s Find the "delete" Key
    t =    16.77s Find the "delete" Key
    t =    16.78s Find the "delete" Key
    t =    16.80s Find the "more" Key
    t =    16.82s Find the "more" Key
    t =    16.84s Find the "more" Key
    t =    16.85s Find the "space" Key
    t =    16.87s Find the "space" Key
    t =    16.89s Find the "space" Key
    t =    16.90s Find the "@" Key
    t =    16.92s Find the "@" Key
    t =    16.94s Find the "@" Key
    t =    16.95s Find the "." Key
    t =    16.97s Find the "." Key
    t =    16.99s Find the "." Key
    t =    17.00s Find the "Return" Button
    t =    17.02s Find the "Return" Button
    t =    17.04s Find the "Return" Button
    t =    17.06s Find the Other at {{65.0, 868.0}, {272.0, 3.0}}
    t =    17.08s Find the Other
    t =    17.10s Find the Other
    t =    17.12s Find the Other at {{0.0, 446.0}, {402.0, 428.0}}
    t =    17.14s Find the Other
    t =    17.16s Find the Other
    t =    17.18s Find the Other at {{158.3, 446.0}, {85.3, 32.0}}
    t =    17.19s Find the Other
    t =    17.21s Find the Other
    t =    17.23s Find the Other at {{16.0, 488.0}, {370.0, 48.0}}
    t =    17.25s Find the Other
    t =    17.26s Find the Other
    t =    17.28s Find the "Typing Predictions" Other
    t =    17.30s Find the "Typing Predictions" Other
    t =    17.31s Find the "Typing Predictions" Other
    t =    17.33s Find the Other at {{0.0, 446.0}, {402.0, 428.0}}
    t =    17.35s Find the Other
    t =    17.37s Find the Other
    t =    17.38s Find the Other at {{0.0, 446.0}, {402.0, 428.0}}
    t =    17.40s Find the Other
    t =    17.42s Find the Other
    t =    17.44s Find the "CapsuleNavigationBar?isSelected=true&isDistractionControlOverlayUp=false" Other
    t =    17.45s Find the "CapsuleNavigationBar?isSelected=true&isDistractionControlOverlayUp=false" Other
    t =    17.47s Find the "CapsuleNavigationBar?isSelected=true&isDistractionControlOverlayUp=false" Other
    t =    17.49s Find the Other at {{16.0, 488.0}, {370.0, 48.0}}
    t =    17.50s Find the Other
    t =    17.52s Find the Other
    t =    17.54s Find the Other at {{0.0, 546.0}, {402.0, 44.0}}
    t =    17.55s Find the Other
    t =    17.57s Find the Other
    t =    17.59s Find the "Horizontal scroll bar, 1 page" Other
    t =    17.60s Find the "Horizontal scroll bar, 1 page" Other
    t =    17.62s Find the "Horizontal scroll bar, 1 page" Other
    t =    17.64s Find the Other at {{0.0, 446.0}, {402.0, 428.0}}
    t =    17.65s Find the Other
    t =    17.67s Find the Other
    t =    17.69s Find the Other at {{0.0, 446.0}, {402.0, 98.0}}
    t =    17.70s Find the Other
    t =    17.72s Find the Other
    t =    17.74s Find the Other at {{16.0, 488.0}, {0.0, 0.0}}
    t =    17.75s Find the Other
    t =    17.77s Find the Other
    t =    17.79s Find the Other at {{0.0, 546.0}, {402.0, 44.0}}
    t =    17.81s Find the Other
    t =    17.83s Find the Other
    t =    17.84s Find the Other at {{0.0, 406.0}, {402.0, 80.0}}
    t =    17.86s Find the Other
    t =    17.88s Find the Other
    t =    17.89s Find the Other at {{65.0, 440.0}, {272.0, 3.0}}
    t =    17.91s Find the Other
    t =    17.93s Find the Other
    t =    17.94s Find the Other at {{0.0, 446.0}, {402.0, 98.0}}
    t =    17.96s Find the Other
    t =    17.98s Find the Other
    t =    17.99s Find the Other at {{16.0, 488.0}, {370.0, 48.0}}
    t =    18.01s Find the Other
    t =    18.03s Find the Other
    t =    18.04s Find the "home
alex.rivera@example.com" Button
    t =    18.06s Find the "home
alex.rivera@example.com" Button
    t =    18.08s Find the "home
alex.rivera@example.com" Button
    t =    18.10s Find the "email
alex.school@example.edu" Button
    t =    18.11s Find the "email
alex.school@example.edu" Button
    t =    18.13s Find the "email
alex.school@example.edu" Button
    t =    18.15s Find the Other at {{16.0, 488.0}, {50.0, 48.0}}
    t =    18.17s Find the Other
    t =    18.18s Find the Other
    t =    18.20s Find the Other at {{70.0, 488.0}, {50.0, 48.0}}
    t =    18.22s Find the Other
    t =    18.23s Find the Other
    t =    18.25s Find the Other at {{130.0, 488.0}, {120.0, 48.0}}
    t =    18.27s Find the Other
    t =    18.29s Find the Other
    t =    18.30s Find the Other at {{336.0, 488.0}, {50.0, 48.0}}
    t =    18.32s Find the Other
    t =    18.34s Find the Other
    t =    18.36s Find the Other at {{21.0, 493.0}, {40.0, 38.0}}
    t =    18.37s Find the Other
    t =    18.39s Find the Other
    t =    18.41s Find the Other at {{75.0, 493.0}, {40.0, 38.0}}
    t =    18.42s Find the Other
    t =    18.44s Find the Other
    t =    18.46s Find the Other at {{135.0, 497.0}, {110.0, 30.0}}
    t =    18.48s Find the Other
    t =    18.49s Find the Other
    t =    18.51s Find the Other at {{341.0, 493.0}, {40.0, 38.0}}
    t =    18.53s Find the Other
    t =    18.54s Find the Other
    t =    18.56s Find the Other at {{21.0, 493.0}, {40.0, 38.0}}
    t =    18.58s Find the Other
    t =    18.59s Find the Other
    t =    18.61s Find the Other at {{75.0, 493.0}, {40.0, 38.0}}
    t =    18.63s Find the Other
    t =    18.65s Find the Other
    t =    18.66s Find the Other at {{135.0, 497.0}, {110.0, 30.0}}
    t =    18.68s Find the Other
    t =    18.70s Find the Other
    t =    18.72s Find the Other at {{341.0, 493.0}, {40.0, 38.0}}
    t =    18.73s Find the Other
    t =    18.75s Find the Other
    t =    18.77s Find the "Previous" Button
    t =    18.78s Find the "Previous" Button
    t =    18.80s Find the "Previous" Button
    t =    18.82s Find the "Next" Button
    t =    18.84s Find the "Next" Button
    t =    18.85s Find the "Next" Button
    t =    18.87s Find the "AutoFill Contact" Button
    t =    18.89s Find the "AutoFill Contact" Button
    t =    18.90s Find the "AutoFill Contact" Button
    t =    18.92s Find the "Done" Button
    t =    18.94s Find the "Done" Button
    t =    18.96s Find the "Done" Button
    t =    18.97s Find the "AutoFill Contact" StaticText
    t =    18.99s Find the "AutoFill Contact" StaticText
    t =    19.01s Find the "AutoFill Contact" StaticText
[driver] lower-half elements: 1|| ;; 1|| ;; 1|| ;; 1||inputView ;; 1|| ;; 1||inputAssistantView ;; 1|| ;; 1||inputView ;; 1|| ;; 1|| ;; 1|| ;; 1|| ;; 19|| ;; 9|Emoji| ;; 9|Dictate|dictation ;; 1|| ;; 1|| ;; 1||CenterPageView ;; 1|| ;; 1|| ;; 48|| ;; 48|| ;; 1|| ;; 1|| ;; 24|Toolbar|Toolbar ;; 1|| ;; 1||UIKeyboardLayoutStar Preview ;; 1|Horizontal scroll bar, 1 page| ;; 1|| ;; 1|| ;; 1|| ;; 46|| ;; 1|| ;; 20|Padding-Left| ;; 20|Padding-Right| ;; 20|Padding-Left| ;; 20|Padding-Right| ;; 20|Padding-Left| ;; 20|Padding-Right| ;; 20|q| ;; 20|w| ;; 20|e| ;; 20|r| ;; 20|t| ;; 20|y| ;; 20|u| ;; 20|i| ;; 20|o| ;; 20|p| ;; 20|a| ;; 20|s| ;; 20|d| ;; 20|f| ;; 20|g| ;; 20|h| ;; 20|j| ;; 20|k| ;; 20|l| ;; 9|shift|shift ;; 20|z| ;; 20|x| ;; 20|c| ;; 20|v| ;; 20|b| ;; 20|n| ;; 20|m| ;; 20|delete|delete ;; 20|numbers|more ;; 20|space|space ;; 20|@| ;; 20|.| ;; 9|return|Return ;; 1|| ;; 1|| ;; 1|| ;; 1|| ;; 1|Typing Predictions| ;; 1|| ;; 1|| ;; 1||CapsuleNavigationBar?isSelected=true&isDistractionControlOverlayUp=false ;; 1|| ;; 1|| ;; 1|Horizontal scroll bar, 1 page| ;; 1|| ;; 1|| ;; 1|| ;; 1|| ;; 1|| ;; 1|| ;; 1|| ;; 1|| ;; 9|home
alex.rivera@example.com| ;; 9|email
alex.school@example.edu| ;; 1|| ;; 1|| ;; 1|| ;; 1|| ;; 1|| ;; 1|| ;; 1|| ;; 1|| ;; 1|| ;; 1|| ;; 1|| ;; 1|| ;; 9|Previous| ;; 9|Next| ;; 9|AutoFill Contact| ;; 9|Done| ;; 48|AutoFill Contact|
    t =    19.03s Tear Down
Test Case '-[ProbeUITests.DriverTests testScript]' passed (19.056 seconds).
Test Suite 'DriverTests' passed at 2026-09-30 23:14:33.922.
	 Executed 1 test, with 0 failures (0 unexpected) in 19.056 (19.062) seconds
Test Suite 'ProbeUITests.xctest' passed at 2026-09-30 23:14:33.922.
	 Executed 1 test, with 0 failures (0 unexpected) in 19.056 (19.062) seconds
Test Suite 'All tests' passed at 2026-09-30 23:14:33.922.
	 Executed 1 test, with 0 failures (0 unexpected) in 19.056 (19.063) seconds
2026-09-30 23:14:34.226 xcodebuild[89578:12811888] [MT] IDETestOperationsObserverDebug: 23.606 elapsed -- Testing started completed.
2026-09-30 23:14:34.226 xcodebuild[89578:12811888] [MT] IDETestOperationsObserverDebug: 0.000 sec, +0.000 sec -- start
2026-09-30 23:14:34.226 xcodebuild[89578:12811888] [MT] IDETestOperationsObserverDebug: 23.606 sec, +23.606 sec -- end

Test session results, code coverage, and logs:
	/Users/tarunyadgirkar/TarunsCode/prefill/spikes/contacts/build/Logs/Test/Test-Probe-2026.09.30_23-14-10--0700.xcresult

** TEST EXECUTE SUCCEEDED **

Testing started
