== CaptureApp.app/CaptureApp codesign entitlements:
<?xml version="1.0" encoding="UTF-8"?><!DOCTYPE plist PUBLIC "-//Apple//DTD PLIST 1.0//EN" "https://www.apple.com/DTDs/PropertyList-1.0.dtd"><plist version="1.0"><dict></dict></plist>

== __TEXT,__entitlements (simulated entitlements):
<?xml version="1.0" encoding="UTF-8"?>
<!DOCTYPE plist PUBLIC "-//Apple//DTD PLIST 1.0//EN" "http://www.apple.com/DTDs/PropertyList-1.0.dtd">
<plist version="1.0">
<dict>
	<key>application-identifier</key>
	<string>5AKJYZ7USP.com.tarunyadgirkar.prefill.spike.capture</string>
	<key>com.apple.security.application-groups</key>
	<array>
		<string>group.com.tarunyadgirkar.prefill.spike.capture</string>
	</array>
</dict>
</plist>

== CaptureApp.app/PlugIns/CaptureExtension.appex/CaptureExtension codesign entitlements:
<?xml version="1.0" encoding="UTF-8"?><!DOCTYPE plist PUBLIC "-//Apple//DTD PLIST 1.0//EN" "https://www.apple.com/DTDs/PropertyList-1.0.dtd"><plist version="1.0"><dict></dict></plist>

== __TEXT,__entitlements (simulated entitlements):
<?xml version="1.0" encoding="UTF-8"?>
<!DOCTYPE plist PUBLIC "-//Apple//DTD PLIST 1.0//EN" "http://www.apple.com/DTDs/PropertyList-1.0.dtd">
<plist version="1.0">
<dict>
	<key>application-identifier</key>
	<string>5AKJYZ7USP.com.tarunyadgirkar.prefill.spike.capture.extension</string>
	<key>com.apple.security.application-groups</key>
	<array>
		<string>group.com.tarunyadgirkar.prefill.spike.capture</string>
	</array>
</dict>
</plist>

