kTCCServiceLiverpool|com.apple.ScreenTimeSettingsFoundation|0|2|5|2026-10-01 05:32:29
kTCCServiceLiverpool|com.apple.SeymourServices|0|2|5|2026-10-01 05:32:39
kTCCServiceLiverpool|com.apple.ScreenTimeSettingsAgent|0|2|4|2026-10-01 05:32:39
kTCCServiceLiverpool|com.apple.Passbook|0|2|4|2026-10-01 05:32:39
kTCCServiceLiverpool|com.apple.passd|0|2|4|2026-10-01 05:32:39
kTCCServiceLiverpool|com.apple.willowd|0|2|4|2026-10-01 05:32:39
kTCCServiceLiverpool|com.apple.fitcored|0|2|4|2026-10-01 05:32:39
kTCCServiceLiverpool|com.apple.avatarsd|0|2|4|2026-10-01 05:32:39
kTCCServiceLiverpool|com.apple.findmy.findmylocated|0|2|4|2026-10-01 05:32:39
kTCCServiceLiverpool|com.apple.identityservicesd|0|2|4|2026-10-01 05:32:39
kTCCServiceLiverpool|com.apple.managedassetsd|0|2|4|2026-10-01 05:32:39
kTCCServiceLiverpool|com.apple.syncdefaultsd|0|2|4|2026-10-01 05:32:39
kTCCServiceLiverpool|com.apple.homeeventsd|0|2|4|2026-10-01 05:32:39
kTCCServiceLiverpool|com.apple.shortcuts|0|2|4|2026-10-01 05:32:40
kTCCServiceLiverpool|com.apple.ScreenTimeAgent|0|2|4|2026-10-01 05:32:40
kTCCServiceLiverpool|com.apple.securityd|0|2|4|2026-10-01 05:32:40
kTCCServiceLiverpool|com.apple.amsengagementd|0|2|4|2026-10-01 05:32:40
kTCCServiceLiverpool|com.apple.suggestd|0|2|4|2026-10-01 05:32:40
kTCCServiceLiverpool|com.apple.mobilesafari|0|2|4|2026-10-01 05:32:41
kTCCServiceLiverpool|com.apple.voicebankingd|0|2|4|2026-10-01 05:32:41
kTCCServiceLiverpool|com.apple.Health|0|2|4|2026-10-01 05:32:42
kTCCServiceLiverpool|com.apple.FamilyControlsAgent|0|2|4|2026-10-01 05:32:42
kTCCServiceLiverpool|com.apple.businessservicesd|0|2|4|2026-10-01 05:32:44
kTCCServiceLiverpool|com.apple.routined|0|2|4|2026-10-01 05:32:46
kTCCServiceLiverpool|com.apple.gamed|0|2|4|2026-10-01 05:32:48
kTCCServiceLiverpool|com.apple.email.maild|0|2|4|2026-10-01 05:33:06
kTCCServiceLiverpool|com.apple.Maps|0|2|4|2026-10-01 05:33:07
kTCCServiceLiverpool|com.apple.iCloudNotification|0|2|5|2026-10-01 05:33:40
kTCCServiceLiverpool|com.apple.ind|0|2|4|2026-10-01 05:33:41
kTCCServiceLiverpool|com.apple.amsaccountsd|0|2|4|2026-10-01 05:33:46
kTCCServiceLiverpool|com.apple.triald|0|2|4|2026-10-01 05:33:49
kTCCServiceLiverpool|com.apple.activitysharingd|0|2|4|2026-10-01 05:34:00
kTCCServiceLiverpool|com.apple.kbd|0|2|4|2026-10-01 05:35:17
kTCCServiceLiverpool|com.apple.contacts.postersyncd|0|2|4|2026-10-01 05:36:48
kTCCServiceWebKitIntelligentTrackingPrevention|com.apple.mobilesafari|0|2|5|2026-10-01 05:37:12
kTCCServiceLiverpool|com.apple.protectedcloudstorage.protectedcloudkeysyncing|0|2|4|2026-10-01 05:40:30
kTCCServiceLiverpool|com.apple.biomesyncd|0|2|4|2026-10-01 06:15:35
kTCCServiceLiverpool|com.apple.coreidv.coreidvd|0|2|4|2026-10-01 06:16:43
